###############################################################################
#                                                                             #
# IAR ELF Linker V6.30.6.53336/W32 for ARM              14/Jan/2013  14:08:16 #
# Copyright 2007-2012 IAR Systems AB.                                         #
#                                                                             #
#    Output file  =  D:\Firmware\my-project-hihack\trunk\ my-project-hihack   #
#                    --username kaiser.ren@gmail.com\energymicro\kits\EFM32TG #
#                    _STK3300\examples\an0054_efm32_phone_audio_jack_interfac #
#                    e\iar\hijack_efm32tg210\Debug\Exe\hijack_efm32tg210.out  #
#    Map file     =  D:\Firmware\my-project-hihack\trunk\ my-project-hihack   #
#                    --username kaiser.ren@gmail.com\energymicro\kits\EFM32TG #
#                    _STK3300\examples\an0054_efm32_phone_audio_jack_interfac #
#                    e\iar\hijack_efm32tg210\Debug\List\hijack_efm32tg210.map #
#    Command line =  "D:\Firmware\my-project-hihack\trunk\ my-project-hihack  #
#                    --username kaiser.ren@gmail.com\energymicro\kits\EFM32TG #
#                    _STK3300\examples\an0054_efm32_phone_audio_jack_interfac #
#                    e\iar\hijack_efm32tg210\Debug\Obj\em_assert.o"           #
#                    "D:\Firmware\my-project-hihack\trunk\ my-project-hihack  #
#                    --username kaiser.ren@gmail.com\energymicro\kits\EFM32TG #
#                    _STK3300\examples\an0054_efm32_phone_audio_jack_interfac #
#                    e\iar\hijack_efm32tg210\Debug\Obj\em_cmu.o"              #
#                    "D:\Firmware\my-project-hihack\trunk\ my-project-hihack  #
#                    --username kaiser.ren@gmail.com\energymicro\kits\EFM32TG #
#                    _STK3300\examples\an0054_efm32_phone_audio_jack_interfac #
#                    e\iar\hijack_efm32tg210\Debug\Obj\em_emu.o"              #
#                    "D:\Firmware\my-project-hihack\trunk\ my-project-hihack  #
#                    --username kaiser.ren@gmail.com\energymicro\kits\EFM32TG #
#                    _STK3300\examples\an0054_efm32_phone_audio_jack_interfac #
#                    e\iar\hijack_efm32tg210\Debug\Obj\em_gpio.o"             #
#                    "D:\Firmware\my-project-hihack\trunk\ my-project-hihack  #
#                    --username kaiser.ren@gmail.com\energymicro\kits\EFM32TG #
#                    _STK3300\examples\an0054_efm32_phone_audio_jack_interfac #
#                    e\iar\hijack_efm32tg210\Debug\Obj\em_int.o"              #
#                    "D:\Firmware\my-project-hihack\trunk\ my-project-hihack  #
#                    --username kaiser.ren@gmail.com\energymicro\kits\EFM32TG #
#                    _STK3300\examples\an0054_efm32_phone_audio_jack_interfac #
#                    e\iar\hijack_efm32tg210\Debug\Obj\em_lcd.o"              #
#                    "D:\Firmware\my-project-hihack\trunk\ my-project-hihack  #
#                    --username kaiser.ren@gmail.com\energymicro\kits\EFM32TG #
#                    _STK3300\examples\an0054_efm32_phone_audio_jack_interfac #
#                    e\iar\hijack_efm32tg210\Debug\Obj\em_system.o"           #
#                    "D:\Firmware\my-project-hihack\trunk\ my-project-hihack  #
#                    --username kaiser.ren@gmail.com\energymicro\kits\EFM32TG #
#                    _STK3300\examples\an0054_efm32_phone_audio_jack_interfac #
#                    e\iar\hijack_efm32tg210\Debug\Obj\em_timer.o"            #
#                    "D:\Firmware\my-project-hihack\trunk\ my-project-hihack  #
#                    --username kaiser.ren@gmail.com\energymicro\kits\EFM32TG #
#                    _STK3300\examples\an0054_efm32_phone_audio_jack_interfac #
#                    e\iar\hijack_efm32tg210\Debug\Obj\em_vcmp.o"             #
#                    "D:\Firmware\my-project-hihack\trunk\ my-project-hihack  #
#                    --username kaiser.ren@gmail.com\energymicro\kits\EFM32TG #
#                    _STK3300\examples\an0054_efm32_phone_audio_jack_interfac #
#                    e\iar\hijack_efm32tg210\Debug\Obj\hijack.o"              #
#                    "D:\Firmware\my-project-hihack\trunk\ my-project-hihack  #
#                    --username kaiser.ren@gmail.com\energymicro\kits\EFM32TG #
#                    _STK3300\examples\an0054_efm32_phone_audio_jack_interfac #
#                    e\iar\hijack_efm32tg210\Debug\Obj\main.o"                #
#                    "D:\Firmware\my-project-hihack\trunk\ my-project-hihack  #
#                    --username kaiser.ren@gmail.com\energymicro\kits\EFM32TG #
#                    _STK3300\examples\an0054_efm32_phone_audio_jack_interfac #
#                    e\iar\hijack_efm32tg210\Debug\Obj\segmentlcd.o"          #
#                    "D:\Firmware\my-project-hihack\trunk\ my-project-hihack  #
#                    --username kaiser.ren@gmail.com\energymicro\kits\EFM32TG #
#                    _STK3300\examples\an0054_efm32_phone_audio_jack_interfac #
#                    e\iar\hijack_efm32tg210\Debug\Obj\startup_efm32tg.o"     #
#                    "D:\Firmware\my-project-hihack\trunk\ my-project-hihack  #
#                    --username kaiser.ren@gmail.com\energymicro\kits\EFM32TG #
#                    _STK3300\examples\an0054_efm32_phone_audio_jack_interfac #
#                    e\iar\hijack_efm32tg210\Debug\Obj\system_efm32tg.o"      #
#                    "D:\Firmware\my-project-hihack\trunk\ my-project-hihack  #
#                    --username kaiser.ren@gmail.com\energymicro\kits\EFM32TG #
#                    _STK3300\examples\an0054_efm32_phone_audio_jack_interfac #
#                    e\iar\hijack_efm32tg210\Debug\Obj\vddcheck.o"            #
#                    --redirect _Printf=_PrintfFull --redirect                #
#                    _Scanf=_ScanfFull -o "D:\Firmware\my-project-hihack\trun #
#                    k\ my-project-hihack --username                          #
#                    kaiser.ren@gmail.com\energymicro\kits\EFM32TG_STK3300\ex #
#                    amples\an0054_efm32_phone_audio_jack_interface\iar\hijac #
#                    k_efm32tg210\Debug\Exe\hijack_efm32tg210.out" --map      #
#                    "D:\Firmware\my-project-hihack\trunk\ my-project-hihack  #
#                    --username kaiser.ren@gmail.com\energymicro\kits\EFM32TG #
#                    _STK3300\examples\an0054_efm32_phone_audio_jack_interfac #
#                    e\iar\hijack_efm32tg210\Debug\List\hijack_efm32tg210.map #
#                    " --config "D:\Program Files\IAR Systems\Embedded        #
#                    Workbench 6.0_3\arm\config\linker\EnergyMicro\EFM32TG210 #
#                    F32.icf" --entry __iar_program_start --vfe               #
#                                                                             #
#                                                                             #
###############################################################################

*******************************************************************************
*** RUNTIME MODEL ATTRIBUTES
***

CppFlavor       = *
__SystemLibrary = DLib


*******************************************************************************
*** PLACEMENT SUMMARY
***

"A1":  place at 0x00000000 { ro section .intvec };
"P1":  place in [from 0x00000000 to 0x00007fff] { ro };
"P2":  place in [from 0x20000000 to 0x20000fff] { rw, block CSTACK, block HEAP };

  Section            Kind        Address    Size  Object
  -------            ----        -------    ----  ------
"A1":                                       0x9c
  .intvec            ro code  0x00000000    0x9c  startup_efm32tg.o [1]
                            - 0x0000009c    0x9c

"P1":                                     0x1af0
  .text              ro code  0x0000009c   0x630  em_cmu.o [1]
  .text              ro code  0x000006cc     0x2  em_assert.o [1]
  .text              ro code  0x000006ce    0x2e  copy_init3.o [5]
  .text              ro code  0x000006fc   0x108  system_efm32tg.o [1]
  .text              ro code  0x00000804    0x14  em_emu.o [1]
  .text              ro code  0x00000818   0x520  hijack.o [1]
  .text              ro code  0x00000d38   0x1b0  em_timer.o [1]
  .text              ro code  0x00000ee8   0x1b8  em_gpio.o [1]
  .text              ro code  0x000010a0   0x18c  segmentlcd.o [1]
  .text              ro code  0x0000122c     0x8  abs.o [3]
  .text              ro code  0x00001234   0x1ec  em_lcd.o [1]
  .text              ro code  0x00001420   0x1ec  main.o [1]
  .rodata            const    0x0000160c   0x120  segmentlcd.o [1]
  .rodata            const    0x0000172c    0xd0  hijack.o [1]
  .rodata            const    0x000017fc    0x78  em_cmu.o [1]
  .rodata            const    0x00001874    0x78  em_gpio.o [1]
  .rodata            const    0x000018ec    0x78  em_lcd.o [1]
  .rodata            const    0x00001964    0x78  em_timer.o [1]
  .text              ro code  0x000019dc    0x2c  data_init3.o [5]
  .rodata            const    0x00001a08    0x24  segmentlcd.o [1]
  .text              ro code  0x00001a2c    0x22  zero_init3.o [5]
  .rodata            const    0x00001a4e     0x2  segmentlcd.o [1]
  .iar.init_table    const    0x00001a50    0x24  - Linker created -
  .text              ro code  0x00001a74    0x16  cmain.o [5]
  .text              ro code  0x00001a8a     0x4  low_level_init.o [3]
  .text              ro code  0x00001a8e     0x4  exit.o [3]
  .text              ro code  0x00001a94     0xa  cexit.o [5]
  .text              ro code  0x00001aa0     0xc  XXexit.o [5]
  .rodata            const    0x00001aac    0x10  hijack.o [1]
  .rodata            const    0x00001abc    0x10  hijack.o [1]
  .text              ro code  0x00001acc    0x10  startup_efm32tg.o [1]
  .rodata            const    0x00001adc     0xc  hijack.o [1]
  .rodata            const    0x00001ae8     0xc  hijack.o [1]
  .text              ro code  0x00001af4     0xc  cstartup_M.o [5]
  .text              ro code  0x00001b00     0x4  startup_efm32tg.o [1]
  .text              ro code  0x00001b04     0x4  startup_efm32tg.o [1]
  .text              ro code  0x00001b08     0x4  startup_efm32tg.o [1]
  .text              ro code  0x00001b0c     0x4  startup_efm32tg.o [1]
  .text              ro code  0x00001b10     0x4  startup_efm32tg.o [1]
  .text              ro code  0x00001b14     0x4  startup_efm32tg.o [1]
  .text              ro code  0x00001b18     0x4  startup_efm32tg.o [1]
  .text              ro code  0x00001b1c     0x4  startup_efm32tg.o [1]
  .text              ro code  0x00001b20     0x4  startup_efm32tg.o [1]
  .text              ro code  0x00001b24     0x4  startup_efm32tg.o [1]
  .text              ro code  0x00001b28     0x4  startup_efm32tg.o [1]
  .text              ro code  0x00001b2c     0x4  startup_efm32tg.o [1]
  .text              ro code  0x00001b30     0x4  startup_efm32tg.o [1]
  .text              ro code  0x00001b34     0x4  startup_efm32tg.o [1]
  .text              ro code  0x00001b38     0x4  startup_efm32tg.o [1]
  .text              ro code  0x00001b3c     0x4  startup_efm32tg.o [1]
  .text              ro code  0x00001b40     0x4  startup_efm32tg.o [1]
  .text              ro code  0x00001b44     0x4  startup_efm32tg.o [1]
  .text              ro code  0x00001b48     0x4  startup_efm32tg.o [1]
  .text              ro code  0x00001b4c     0x4  startup_efm32tg.o [1]
  .text              ro code  0x00001b50     0x4  startup_efm32tg.o [1]
  .text              ro code  0x00001b54     0x4  startup_efm32tg.o [1]
  .text              ro code  0x00001b58     0x4  startup_efm32tg.o [1]
  .text              ro code  0x00001b5c     0x4  startup_efm32tg.o [1]
  .text              ro code  0x00001b60     0x4  startup_efm32tg.o [1]
  .text              ro code  0x00001b64     0x4  startup_efm32tg.o [1]
  .text              ro code  0x00001b68     0x4  startup_efm32tg.o [1]
  .text              ro code  0x00001b6c     0x4  startup_efm32tg.o [1]
  .text              ro code  0x00001b70     0x4  startup_efm32tg.o [1]
  .text              ro code  0x00001b74     0x4  startup_efm32tg.o [1]
  .text              ro code  0x00001b78     0x4  startup_efm32tg.o [1]
  .text              ro code  0x00001b7c     0x4  startup_efm32tg.o [1]
  .rodata            const    0x00001b80     0x0  bwt_init3c.o [5]
  Initializer bytes  ro data  0x00001b80     0xc  <for P2 s0>
                            - 0x00001b8c  0x1af0

"P2", part 1 of 3:                           0xc
  P2 s0                       0x20000000     0xc  <Init block>
    .data            inited   0x20000000     0x4  system_efm32tg.o [1]
    .data            inited   0x20000004     0x4  system_efm32tg.o [1]
    .data            inited   0x20000008     0x1  hijack.o [1]
    .data            inited   0x20000009     0x1  hijack.o [1]
    .data            inited   0x2000000a     0x1  hijack.o [1]
                            - 0x2000000c     0xc

"P2", part 2 of 3:                          0x24
  .bss               zero     0x2000000c     0x4  em_int.o [1]
  .bss               zero     0x20000010     0x4  hijack.o [1]
  .bss               zero     0x20000014     0x4  hijack.o [1]
  .bss               zero     0x20000018     0x4  hijack.o [1]
  .bss               zero     0x2000001c     0x4  hijack.o [1]
  .bss               zero     0x20000020     0x4  system_efm32tg.o [1]
  .bss               zero     0x20000024     0x2  em_emu.o [1]
  .bss               zero     0x20000026     0x1  hijack.o [1]
  .bss               zero     0x20000027     0x1  hijack.o [1]
  .bss               zero     0x20000028     0x1  hijack.o [1]
  .bss               zero     0x20000029     0x1  hijack.o [1]
  .bss               zero     0x2000002a     0x1  hijack.o [1]
                            - 0x2000002b    0x1f

"P2", part 3 of 3:                         0x400
  CSTACK                      0x20000030   0x400  <Block>
    CSTACK           uninit   0x20000030   0x400  <Block tail>
                            - 0x20000430   0x400


*******************************************************************************
*** INIT TABLE
***

          Address     Size
          -------     ----
Zero (__iar_zero_init3)
    1 destination range, total size 0x1f:
          0x2000000c  0x1f

Copy (__iar_copy_init3)
    1 source range, total size 0xc (109% of destination):
          0x00001b80   0xc
    1 destination range, total size 0xb:
          0x20000000   0xb



*******************************************************************************
*** MODULE SUMMARY
***

    Module             ro code  ro data  rw data
    ------             -------  -------  -------
D:\Firmware\my-project-hihack\trunk\ my-project-hihack --username kaiser.ren@gmail.com\energymicro\kits\EFM32TG_STK3300\examples\an0054_efm32_phone_audio_jack_interface\iar\hijack_efm32tg210\Debug\Obj: [1]
    em_assert.o              2
    em_cmu.o             1 584      120
    em_emu.o                20                 2
    em_gpio.o              440      120
    em_int.o                                   4
    em_lcd.o               492      120
    em_timer.o             432      120
    hijack.o             1 312      267       24
    main.o                 492
    segmentlcd.o           396      326
    startup_efm32tg.o      300
    system_efm32tg.o       264        8       12
    --------------------------------------------
    Total:               5 734    1 081       42

command line: [2]
    --------------------------------------------
    Total:

dl7M_tln.a: [3]
    abs.o                    8
    exit.o                   4
    low_level_init.o         4
    --------------------------------------------
    Total:                  16

m7M_tl.a: [4]
    --------------------------------------------
    Total:

rt7M_tl.a: [5]
    XXexit.o                12
    bwt_init3c.o
    cexit.o                 10
    cmain.o                 22
    copy_init3.o            46
    cstartup_M.o            12
    data_init3.o            44
    zero_init3.o            34
    --------------------------------------------
    Total:                 180

    Gaps                     4
    Linker created                   37    1 024
------------------------------------------------
    Grand Total:         5 934    1 118    1 066


*******************************************************************************
*** ENTRY LIST
***

Entry                     Address   Size  Type      Object
-----                     -------   ----  ----      ------
?main                  0x00001a75         Code  Gb  cmain.o [5]
ACMP0_IRQHandler       0x00001b39         Code  Wk  startup_efm32tg.o [1]
ADC0_IRQHandler        0x00001b3d         Code  Wk  startup_efm32tg.o [1]
AES_IRQHandler         0x00001b7d         Code  Wk  startup_efm32tg.o [1]
BITBAND_Peripheral     0x0000009d    0xe  Code  Lc  em_cmu.o [1]
BITBAND_Peripheral     0x00000ee9    0xe  Code  Lc  em_gpio.o [1]
BITBAND_Peripheral     0x00001235    0xe  Code  Lc  em_lcd.o [1]
BusFault_Handler       0x00001b0d         Code  Wk  startup_efm32tg.o [1]
CHIP_Init              0x00001451    0x2  Code  Lc  main.o [1]
CMU_ClockDivSet        0x00000177  0x1fc  Code  Gb  em_cmu.o [1]
CMU_ClockEnable        0x00000373   0x92  Code  Gb  em_cmu.o [1]
CMU_ClockSelectSet     0x00000405  0x1ae  Code  Gb  em_cmu.o [1]
CMU_DivToLog2          0x000000df   0x26  Code  Lc  em_cmu.o [1]
CMU_FlashWaitStateControl
                       0x00000105   0x5c  Code  Lc  em_cmu.o [1]
CMU_FlashWaitStateMax  0x000000ab   0x34  Code  Lc  em_cmu.o [1]
CMU_IRQHandler         0x00001b6d         Code  Wk  startup_efm32tg.o [1]
CMU_OscillatorEnable   0x000005c9   0xa6  Code  Gb  em_cmu.o [1]
CMU_Sync               0x00000161   0x16  Code  Lc  em_cmu.o [1]
CSTACK$$Base           0x20000030          --   Gb  - Linker created -
CSTACK$$Limit          0x20000430          --   Gb  - Linker created -
DAC0_IRQHandler        0x00001b41         Code  Wk  startup_efm32tg.o [1]
DMA_IRQHandler         0x00001b25         Code  Wk  startup_efm32tg.o [1]
DebugMon_Handler       0x00001b19         Code  Wk  startup_efm32tg.o [1]
Delay                  0x00001565   0x18  Code  Gb  main.o [1]
EFM_Display            0x0000160c  0x120  Data  Lc  segmentlcd.o [1]
EFM_Numbers            0x00001a08   0x24  Data  Lc  segmentlcd.o [1]
EMU_UpdateOscConfig    0x00000805    0xa  Code  Gb  em_emu.o [1]
GPIO_EVEN_IRQHandler   0x000014f7   0x12  Code  Gb  main.o [1]
GPIO_IntClear          0x00001453    0x6  Code  Lc  main.o [1]
GPIO_IntConfig         0x00000ef7   0xa2  Code  Gb  em_gpio.o [1]
GPIO_ODD_IRQHandler    0x000014e5   0x12  Code  Gb  main.o [1]
GPIO_PinInGet          0x0000083b   0x32  Code  Lc  hijack.o [1]
GPIO_PinModeSet        0x00000f99   0xe4  Code  Gb  em_gpio.o [1]
GetProdRev             0x000006fd    0xa  Code  Lc  system_efm32tg.o [1]
HIJACK_ByteRx          0x000009d5    0xc  Code  Gb  hijack.o [1]
HIJACK_ByteTx          0x000009a1   0x34  Code  Gb  hijack.o [1]
HIJACK_CaptureConfig   0x00000aeb   0x4c  Code  Lc  hijack.o [1]
HIJACK_CompareConfig   0x00000b37   0x4c  Code  Lc  hijack.o [1]
HIJACK_Init            0x000008e3   0xbe  Code  Gb  hijack.o [1]
HIJACK_ManchesterDecoder
                       0x000009e1  0x10a  Code  Lc  hijack.o [1]
HardFault_Handler      0x00001b05         Code  Wk  startup_efm32tg.o [1]
I2C0_IRQHandler        0x00001b45         Code  Wk  startup_efm32tg.o [1]
INT_Disable            0x00000891   0x24  Code  Lc  hijack.o [1]
INT_Enable             0x000008b5   0x2e  Code  Lc  hijack.o [1]
INT_LockCnt            0x2000000c    0x4  Data  Gb  em_int.o [1]
LCD_FreezeEnable       0x000010a1   0x1a  Code  Lc  segmentlcd.o [1]
LCD_IRQHandler         0x00001b75         Code  Wk  startup_efm32tg.o [1]
LCD_SegmentSet         0x00001243   0xdc  Code  Gb  em_lcd.o [1]
LCD_SegmentSetLow      0x0000131f   0xde  Code  Gb  em_lcd.o [1]
LCD_SyncBusyDelay      0x000010bb    0xc  Code  Lc  segmentlcd.o [1]
LESENSE_IRQHandler     0x00001b59         Code  Wk  startup_efm32tg.o [1]
LETIMER0_IRQHandler    0x00001b61         Code  Wk  startup_efm32tg.o [1]
LEUART0_IRQHandler     0x00001b5d         Code  Wk  startup_efm32tg.o [1]
MSC_IRQHandler         0x00001b79         Code  Wk  startup_efm32tg.o [1]
MemManage_Handler      0x00001b09         Code  Wk  startup_efm32tg.o [1]
NMI_Handler            0x00001b01         Code  Wk  startup_efm32tg.o [1]
NVIC_ClearPendingIRQ   0x00001439   0x18  Code  Lc  main.o [1]
NVIC_EnableIRQ         0x00000819   0x1a  Code  Lc  hijack.o [1]
NVIC_EnableIRQ         0x00001421   0x18  Code  Lc  main.o [1]
PCNT0_IRQHandler       0x00001b65         Code  Wk  startup_efm32tg.o [1]
PendSV_Handler         0x00001b1d         Code  Wk  startup_efm32tg.o [1]
RTC_IRQHandler         0x00001b69         Code  Wk  startup_efm32tg.o [1]
Region$$Table$$Base    0x00001a50          --   Gb  - Linker created -
Region$$Table$$Limit   0x00001a74          --   Gb  - Linker created -
Reset_Handler          0x00001acd         Code  Wk  startup_efm32tg.o [1]
SVC_Handler            0x00001b15         Code  Wk  startup_efm32tg.o [1]
SegmentLCD_Number      0x000010c7   0xe8  Code  Gb  segmentlcd.o [1]
SegmentLCD_NumberOff   0x000011af   0x64  Code  Gb  segmentlcd.o [1]
SysTick_Handler        0x00001b21         Code  Wk  startup_efm32tg.o [1]
SystemCoreClock        0x20000020    0x4  Data  Gb  system_efm32tg.o [1]
SystemCoreClockGet     0x00000707   0x1a  Code  Gb  system_efm32tg.o [1]
SystemCoreClockUpdate  0x00000833    0x8  Code  Lc  hijack.o [1]
SystemHFClockGet       0x00000721   0xa6  Code  Gb  system_efm32tg.o [1]
SystemHFXOClock        0x20000000    0x4  Data  Lc  system_efm32tg.o [1]
SystemInit             0x000007c7    0x2  Code  Gb  system_efm32tg.o [1]
SystemLFXOClock        0x20000004    0x4  Data  Lc  system_efm32tg.o [1]
TIMER0_IRQHandler      0x00000b83   0x26  Code  Gb  hijack.o [1]
TIMER1_IRQHandler      0x00000ba9  0x11c  Code  Gb  hijack.o [1]
TIMER_CaptureGet       0x0000086d    0x8  Code  Lc  hijack.o [1]
TIMER_CompareSet       0x00000875    0x8  Code  Lc  hijack.o [1]
TIMER_CounterSet       0x0000087d    0x4  Code  Lc  hijack.o [1]
TIMER_Enable           0x00000d39   0x2c  Code  Gb  em_timer.o [1]
TIMER_Init             0x00000d65   0xd4  Code  Gb  em_timer.o [1]
TIMER_InitCC           0x00000e39   0xa2  Code  Gb  em_timer.o [1]
TIMER_IntClear         0x00000881    0x4  Code  Lc  hijack.o [1]
TIMER_IntEnable        0x00000885    0x8  Code  Lc  hijack.o [1]
TIMER_IntGet           0x0000088d    0x4  Code  Lc  hijack.o [1]
USART0_RX_IRQHandler   0x00001b31         Code  Wk  startup_efm32tg.o [1]
USART0_TX_IRQHandler   0x00001b35         Code  Wk  startup_efm32tg.o [1]
USART1_RX_IRQHandler   0x00001b51         Code  Wk  startup_efm32tg.o [1]
USART1_TX_IRQHandler   0x00001b55         Code  Wk  startup_efm32tg.o [1]
UsageFault_Handler     0x00001b11         Code  Wk  startup_efm32tg.o [1]
VCMP_IRQHandler        0x00001b71         Code  Wk  startup_efm32tg.o [1]
__Vectors              0x00000000          --   Gb  startup_efm32tg.o [1]
__Vectors_End          0x0000009c         Data  Gb  startup_efm32tg.o [1]
__Vectors_Size {Abs}   0x0000009c          --   Gb  startup_efm32tg.o [1]
__cmain                0x00001a75         Code  Gb  cmain.o [5]
__exit                 0x00001aa1         Code  Gb  XXexit.o [5]
__iar_SB               0x00001b80         Data  Gb  bwt_init3c.o [5]
__iar_copy_init3       0x000006cf   0x2e  Code  Gb  copy_init3.o [5]
__iar_data_init3       0x000019dd   0x2c  Code  Gb  data_init3.o [5]
__iar_program_start    0x00001af5         Code  Gb  cstartup_M.o [5]
__iar_zero_init3       0x00001a2d   0x22  Code  Gb  zero_init3.o [5]
__low_level_init       0x00001a8b    0x4  Code  Gb  low_level_init.o [3]
__vector_table         0x00000000         Data  Gb  startup_efm32tg.o [1]
__vector_table_0x1c    0x0000001c         Data  Gb  startup_efm32tg.o [1]
_call_main             0x00001a81         Code  Gb  cmain.o [5]
_exit                  0x00001a95         Code  Gb  cexit.o [5]
_main                  0x00001a87         Code  Gb  cmain.o [5]
abs                    0x0000122d    0x8  Code  Gb  abs.o [3]
assertEFM              0x000006cd    0x2  Code  Gb  em_assert.o [1]
cmuStatus              0x20000024    0x2  Data  Lc  em_emu.o [1]
exit                   0x00001a8f    0x4  Code  Gb  exit.o [3]
gpioSetup              0x00001509   0x5c  Code  Gb  main.o [1]
main                   0x0000157d   0x40  Code  Gb  main.o [1]
ones                   0x20000014    0x4  Data  Lc  hijack.o [1]
pTxDoneFunc            0x20000010    0x4  Data  Lc  hijack.o [1]
sendingByteTx          0x20000027    0x1  Data  Lc  hijack.o [1]
setupSWO               0x00001459   0x8c  Code  Gb  main.o [1]
signIndex              0x00001a4e    0x2  Data  Lc  segmentlcd.o [1]
state                  0x20000028    0x1  Data  Lc  hijack.o [1]
txBit                  0x20000026    0x1  Data  Lc  hijack.o [1]
txState                0x20000008    0x1  Data  Lc  hijack.o [1]


[1] = D:\Firmware\my-project-hihack\trunk\ my-project-hihack --username kaiser.ren@gmail.com\energymicro\kits\EFM32TG_STK3300\examples\an0054_efm32_phone_audio_jack_interface\iar\hijack_efm32tg210\Debug\Obj
[2] = command line
[3] = dl7M_tln.a
[4] = m7M_tl.a
[5] = rt7M_tl.a

  5 934 bytes of readonly  code memory
  1 118 bytes of readonly  data memory
  1 066 bytes of readwrite data memory

Errors: none
Warnings: none
