###############################################################################
#                                                                             #
# IAR ELF Linker V6.30.6.53336/W32 for ARM              02/Jan/2013  13:16:29 #
# Copyright 2007-2012 IAR Systems AB.                                         #
#                                                                             #
#    Output file  =  D:\Firmware\my-project-hihack\trunk\ my-project-hihack   #
#                    --username kaiser.ren@gmail.com\energymicro\kits\EFM32TG #
#                    _STK3300\examples\an0054_efm32_phone_audio_jack_interfac #
#                    e\iar\hijack_efm32tg210\Debug\Exe\hijack_efm32tg210.out  #
#    Map file     =  D:\Firmware\my-project-hihack\trunk\ my-project-hihack   #
#                    --username kaiser.ren@gmail.com\energymicro\kits\EFM32TG #
#                    _STK3300\examples\an0054_efm32_phone_audio_jack_interfac #
#                    e\iar\hijack_efm32tg210\Debug\List\hijack_efm32tg210.map #
#    Command line =  "D:\Firmware\my-project-hihack\trunk\ my-project-hihack  #
#                    --username kaiser.ren@gmail.com\energymicro\kits\EFM32TG #
#                    _STK3300\examples\an0054_efm32_phone_audio_jack_interfac #
#                    e\iar\hijack_efm32tg210\Debug\Obj\em_assert.o"           #
#                    "D:\Firmware\my-project-hihack\trunk\ my-project-hihack  #
#                    --username kaiser.ren@gmail.com\energymicro\kits\EFM32TG #
#                    _STK3300\examples\an0054_efm32_phone_audio_jack_interfac #
#                    e\iar\hijack_efm32tg210\Debug\Obj\em_cmu.o"              #
#                    "D:\Firmware\my-project-hihack\trunk\ my-project-hihack  #
#                    --username kaiser.ren@gmail.com\energymicro\kits\EFM32TG #
#                    _STK3300\examples\an0054_efm32_phone_audio_jack_interfac #
#                    e\iar\hijack_efm32tg210\Debug\Obj\em_emu.o"              #
#                    "D:\Firmware\my-project-hihack\trunk\ my-project-hihack  #
#                    --username kaiser.ren@gmail.com\energymicro\kits\EFM32TG #
#                    _STK3300\examples\an0054_efm32_phone_audio_jack_interfac #
#                    e\iar\hijack_efm32tg210\Debug\Obj\em_gpio.o"             #
#                    "D:\Firmware\my-project-hihack\trunk\ my-project-hihack  #
#                    --username kaiser.ren@gmail.com\energymicro\kits\EFM32TG #
#                    _STK3300\examples\an0054_efm32_phone_audio_jack_interfac #
#                    e\iar\hijack_efm32tg210\Debug\Obj\em_int.o"              #
#                    "D:\Firmware\my-project-hihack\trunk\ my-project-hihack  #
#                    --username kaiser.ren@gmail.com\energymicro\kits\EFM32TG #
#                    _STK3300\examples\an0054_efm32_phone_audio_jack_interfac #
#                    e\iar\hijack_efm32tg210\Debug\Obj\em_lcd.o"              #
#                    "D:\Firmware\my-project-hihack\trunk\ my-project-hihack  #
#                    --username kaiser.ren@gmail.com\energymicro\kits\EFM32TG #
#                    _STK3300\examples\an0054_efm32_phone_audio_jack_interfac #
#                    e\iar\hijack_efm32tg210\Debug\Obj\em_system.o"           #
#                    "D:\Firmware\my-project-hihack\trunk\ my-project-hihack  #
#                    --username kaiser.ren@gmail.com\energymicro\kits\EFM32TG #
#                    _STK3300\examples\an0054_efm32_phone_audio_jack_interfac #
#                    e\iar\hijack_efm32tg210\Debug\Obj\em_timer.o"            #
#                    "D:\Firmware\my-project-hihack\trunk\ my-project-hihack  #
#                    --username kaiser.ren@gmail.com\energymicro\kits\EFM32TG #
#                    _STK3300\examples\an0054_efm32_phone_audio_jack_interfac #
#                    e\iar\hijack_efm32tg210\Debug\Obj\em_vcmp.o"             #
#                    "D:\Firmware\my-project-hihack\trunk\ my-project-hihack  #
#                    --username kaiser.ren@gmail.com\energymicro\kits\EFM32TG #
#                    _STK3300\examples\an0054_efm32_phone_audio_jack_interfac #
#                    e\iar\hijack_efm32tg210\Debug\Obj\hijack.o"              #
#                    "D:\Firmware\my-project-hihack\trunk\ my-project-hihack  #
#                    --username kaiser.ren@gmail.com\energymicro\kits\EFM32TG #
#                    _STK3300\examples\an0054_efm32_phone_audio_jack_interfac #
#                    e\iar\hijack_efm32tg210\Debug\Obj\main.o"                #
#                    "D:\Firmware\my-project-hihack\trunk\ my-project-hihack  #
#                    --username kaiser.ren@gmail.com\energymicro\kits\EFM32TG #
#                    _STK3300\examples\an0054_efm32_phone_audio_jack_interfac #
#                    e\iar\hijack_efm32tg210\Debug\Obj\segmentlcd.o"          #
#                    "D:\Firmware\my-project-hihack\trunk\ my-project-hihack  #
#                    --username kaiser.ren@gmail.com\energymicro\kits\EFM32TG #
#                    _STK3300\examples\an0054_efm32_phone_audio_jack_interfac #
#                    e\iar\hijack_efm32tg210\Debug\Obj\startup_efm32tg.o"     #
#                    "D:\Firmware\my-project-hihack\trunk\ my-project-hihack  #
#                    --username kaiser.ren@gmail.com\energymicro\kits\EFM32TG #
#                    _STK3300\examples\an0054_efm32_phone_audio_jack_interfac #
#                    e\iar\hijack_efm32tg210\Debug\Obj\system_efm32tg.o"      #
#                    "D:\Firmware\my-project-hihack\trunk\ my-project-hihack  #
#                    --username kaiser.ren@gmail.com\energymicro\kits\EFM32TG #
#                    _STK3300\examples\an0054_efm32_phone_audio_jack_interfac #
#                    e\iar\hijack_efm32tg210\Debug\Obj\vddcheck.o"            #
#                    --redirect _Printf=_PrintfFull --redirect                #
#                    _Scanf=_ScanfFull -o "D:\Firmware\my-project-hihack\trun #
#                    k\ my-project-hihack --username                          #
#                    kaiser.ren@gmail.com\energymicro\kits\EFM32TG_STK3300\ex #
#                    amples\an0054_efm32_phone_audio_jack_interface\iar\hijac #
#                    k_efm32tg210\Debug\Exe\hijack_efm32tg210.out" --map      #
#                    "D:\Firmware\my-project-hihack\trunk\ my-project-hihack  #
#                    --username kaiser.ren@gmail.com\energymicro\kits\EFM32TG #
#                    _STK3300\examples\an0054_efm32_phone_audio_jack_interfac #
#                    e\iar\hijack_efm32tg210\Debug\List\hijack_efm32tg210.map #
#                    " --config "D:\Program Files\IAR Systems\Embedded        #
#                    Workbench 6.0_3\arm\config\linker\EnergyMicro\EFM32TG210 #
#                    F32.icf" --entry __iar_program_start --vfe               #
#                                                                             #
#                                                                             #
###############################################################################

*******************************************************************************
*** RUNTIME MODEL ATTRIBUTES
***

CppFlavor       = *
__SystemLibrary = DLib


*******************************************************************************
*** PLACEMENT SUMMARY
***

"A1":  place at 0x00000000 { ro section .intvec };
"P1":  place in [from 0x00000000 to 0x00007fff] { ro };
"P2":  place in [from 0x20000000 to 0x20000fff] { rw, block CSTACK, block HEAP };

  Section            Kind        Address    Size  Object
  -------            ----        -------    ----  ------
"A1":                                       0x9c
  .intvec            ro code  0x00000000    0x9c  startup_efm32tg.o [1]
                            - 0x0000009c    0x9c

"P1":                                     0x2034
  .text              ro code  0x0000009c   0x668  em_cmu.o [1]
  .text              ro code  0x00000704     0x2  em_assert.o [1]
  .text              ro code  0x00000706    0x2e  copy_init3.o [5]
  .text              ro code  0x00000734   0x108  system_efm32tg.o [1]
  .text              ro code  0x0000083c    0x14  em_emu.o [1]
  .text              ro code  0x00000850   0x520  hijack.o [1]
  .text              ro code  0x00000d70   0x1b0  em_timer.o [1]
  .text              ro code  0x00000f20   0x1b8  em_gpio.o [1]
  .text              ro code  0x000010d8   0x498  segmentlcd.o [1]
  .text              ro code  0x00001570     0x8  abs.o [3]
  .text              ro code  0x00001578   0x2cc  em_lcd.o [1]
  .text              ro code  0x00001844    0x36  strlen.o [5]
  .text              ro code  0x0000187a    0x22  zero_init3.o [5]
  .text              ro code  0x0000189c   0x204  main.o [1]
  .rodata            const    0x00001aa0   0x120  segmentlcd.o [1]
  .rodata            const    0x00001bc0    0xd0  hijack.o [1]
  .rodata            const    0x00001c90    0xb8  segmentlcd.o [1]
  .rodata            const    0x00001d48    0x78  em_cmu.o [1]
  .rodata            const    0x00001dc0    0x78  em_gpio.o [1]
  .rodata            const    0x00001e38    0x78  em_lcd.o [1]
  .rodata            const    0x00001eb0    0x78  em_timer.o [1]
  .text              ro code  0x00001f28    0x2c  data_init3.o [5]
  .rodata            const    0x00001f54    0x24  segmentlcd.o [1]
  .iar.init_table    const    0x00001f78    0x24  - Linker created -
  .text              ro code  0x00001f9c    0x16  cmain.o [5]
  .text              ro code  0x00001fb2     0x4  low_level_init.o [3]
  .text              ro code  0x00001fb6     0x4  exit.o [3]
  .rodata            const    0x00001fba     0x2  segmentlcd.o [1]
  .text              ro code  0x00001fbc     0xa  cexit.o [5]
  .text              ro code  0x00001fc8     0xc  XXexit.o [5]
  .rodata            const    0x00001fd4    0x14  segmentlcd.o [1]
  .rodata            const    0x00001fe8    0x10  hijack.o [1]
  .rodata            const    0x00001ff8    0x10  hijack.o [1]
  .text              ro code  0x00002008    0x10  startup_efm32tg.o [1]
  .rodata            const    0x00002018     0xc  hijack.o [1]
  .rodata            const    0x00002024     0xc  hijack.o [1]
  .text              ro code  0x00002030     0xc  cstartup_M.o [5]
  .rodata            const    0x0000203c     0x8  main.o [1]
  .text              ro code  0x00002044     0x4  startup_efm32tg.o [1]
  .text              ro code  0x00002048     0x4  startup_efm32tg.o [1]
  .text              ro code  0x0000204c     0x4  startup_efm32tg.o [1]
  .text              ro code  0x00002050     0x4  startup_efm32tg.o [1]
  .text              ro code  0x00002054     0x4  startup_efm32tg.o [1]
  .text              ro code  0x00002058     0x4  startup_efm32tg.o [1]
  .text              ro code  0x0000205c     0x4  startup_efm32tg.o [1]
  .text              ro code  0x00002060     0x4  startup_efm32tg.o [1]
  .text              ro code  0x00002064     0x4  startup_efm32tg.o [1]
  .text              ro code  0x00002068     0x4  startup_efm32tg.o [1]
  .text              ro code  0x0000206c     0x4  startup_efm32tg.o [1]
  .text              ro code  0x00002070     0x4  startup_efm32tg.o [1]
  .text              ro code  0x00002074     0x4  startup_efm32tg.o [1]
  .text              ro code  0x00002078     0x4  startup_efm32tg.o [1]
  .text              ro code  0x0000207c     0x4  startup_efm32tg.o [1]
  .text              ro code  0x00002080     0x4  startup_efm32tg.o [1]
  .text              ro code  0x00002084     0x4  startup_efm32tg.o [1]
  .text              ro code  0x00002088     0x4  startup_efm32tg.o [1]
  .text              ro code  0x0000208c     0x4  startup_efm32tg.o [1]
  .text              ro code  0x00002090     0x4  startup_efm32tg.o [1]
  .text              ro code  0x00002094     0x4  startup_efm32tg.o [1]
  .text              ro code  0x00002098     0x4  startup_efm32tg.o [1]
  .text              ro code  0x0000209c     0x4  startup_efm32tg.o [1]
  .text              ro code  0x000020a0     0x4  startup_efm32tg.o [1]
  .text              ro code  0x000020a4     0x4  startup_efm32tg.o [1]
  .text              ro code  0x000020a8     0x4  startup_efm32tg.o [1]
  .text              ro code  0x000020ac     0x4  startup_efm32tg.o [1]
  .text              ro code  0x000020b0     0x4  startup_efm32tg.o [1]
  .text              ro code  0x000020b4     0x4  startup_efm32tg.o [1]
  .text              ro code  0x000020b8     0x4  startup_efm32tg.o [1]
  .text              ro code  0x000020bc     0x4  startup_efm32tg.o [1]
  .text              ro code  0x000020c0     0x4  startup_efm32tg.o [1]
  .rodata            const    0x000020c4     0x0  bwt_init3c.o [5]
  Initializer bytes  ro data  0x000020c4     0xc  <for P2 s0>
                            - 0x000020d0  0x2034

"P2", part 1 of 3:                           0xc
  P2 s0                       0x20000000     0xc  <Init block>
    .data            inited   0x20000000     0x4  system_efm32tg.o [1]
    .data            inited   0x20000004     0x4  system_efm32tg.o [1]
    .data            inited   0x20000008     0x1  hijack.o [1]
    .data            inited   0x20000009     0x1  hijack.o [1]
    .data            inited   0x2000000a     0x1  hijack.o [1]
                            - 0x2000000c     0xc

"P2", part 2 of 3:                          0x24
  .bss               zero     0x2000000c     0x4  em_int.o [1]
  .bss               zero     0x20000010     0x4  hijack.o [1]
  .bss               zero     0x20000014     0x4  hijack.o [1]
  .bss               zero     0x20000018     0x4  hijack.o [1]
  .bss               zero     0x2000001c     0x4  hijack.o [1]
  .bss               zero     0x20000020     0x4  system_efm32tg.o [1]
  .bss               zero     0x20000024     0x2  em_emu.o [1]
  .bss               zero     0x20000026     0x1  hijack.o [1]
  .bss               zero     0x20000027     0x1  hijack.o [1]
  .bss               zero     0x20000028     0x1  hijack.o [1]
  .bss               zero     0x20000029     0x1  hijack.o [1]
  .bss               zero     0x2000002a     0x1  hijack.o [1]
                            - 0x2000002b    0x1f

"P2", part 3 of 3:                         0x400
  CSTACK                      0x20000030   0x400  <Block>
    CSTACK           uninit   0x20000030   0x400  <Block tail>
                            - 0x20000430   0x400


*******************************************************************************
*** INIT TABLE
***

          Address     Size
          -------     ----
Zero (__iar_zero_init3)
    1 destination range, total size 0x1f:
          0x2000000c  0x1f

Copy (__iar_copy_init3)
    1 source range, total size 0xc (109% of destination):
          0x000020c4   0xc
    1 destination range, total size 0xb:
          0x20000000   0xb



*******************************************************************************
*** MODULE SUMMARY
***

    Module             ro code  ro data  rw data
    ------             -------  -------  -------
D:\Firmware\my-project-hihack\trunk\ my-project-hihack --username kaiser.ren@gmail.com\energymicro\kits\EFM32TG_STK3300\examples\an0054_efm32_phone_audio_jack_interface\iar\hijack_efm32tg210\Debug\Obj: [1]
    em_assert.o              2
    em_cmu.o             1 640      120
    em_emu.o                20                 2
    em_gpio.o              440      120
    em_int.o                                   4
    em_lcd.o               716      120
    em_timer.o             432      120
    hijack.o             1 312      267       24
    main.o                 516        8
    segmentlcd.o         1 176      530
    startup_efm32tg.o      300
    system_efm32tg.o       264        8       12
    --------------------------------------------
    Total:               6 818    1 293       42

command line: [2]
    --------------------------------------------
    Total:

dl7M_tln.a: [3]
    abs.o                    8
    exit.o                   4
    low_level_init.o         4
    --------------------------------------------
    Total:                  16

m7M_tl.a: [4]
    --------------------------------------------
    Total:

rt7M_tl.a: [5]
    XXexit.o                12
    bwt_init3c.o
    cexit.o                 10
    cmain.o                 22
    copy_init3.o            46
    cstartup_M.o            12
    data_init3.o            44
    strlen.o                54
    zero_init3.o            34
    --------------------------------------------
    Total:                 234

    Gaps                     2
    Linker created                   37    1 024
------------------------------------------------
    Grand Total:         7 070    1 330    1 066


*******************************************************************************
*** ENTRY LIST
***

Entry                      Address   Size  Type      Object
-----                      -------   ----  ----      ------
?main                   0x00001f9d         Code  Gb  cmain.o [5]
ACMP0_IRQHandler        0x0000207d         Code  Wk  startup_efm32tg.o [1]
ADC0_IRQHandler         0x00002081         Code  Wk  startup_efm32tg.o [1]
AES_IRQHandler          0x000020c1         Code  Wk  startup_efm32tg.o [1]
BITBAND_Peripheral      0x0000009d    0xe  Code  Lc  em_cmu.o [1]
BITBAND_Peripheral      0x00000f21    0xe  Code  Lc  em_gpio.o [1]
BITBAND_Peripheral      0x000015a3    0xe  Code  Lc  em_lcd.o [1]
BusFault_Handler        0x00002051         Code  Wk  startup_efm32tg.o [1]
CHIP_Init               0x000018cd    0x2  Code  Lc  main.o [1]
CMU_ClockDivSet         0x00000177  0x1fc  Code  Gb  em_cmu.o [1]
CMU_ClockEnable         0x00000373   0x92  Code  Gb  em_cmu.o [1]
CMU_ClockSelectSet      0x00000405  0x1ae  Code  Gb  em_cmu.o [1]
CMU_DivToLog2           0x000000df   0x26  Code  Lc  em_cmu.o [1]
CMU_FlashWaitStateControl
                        0x00000105   0x5c  Code  Lc  em_cmu.o [1]
CMU_FlashWaitStateMax   0x000000ab   0x34  Code  Lc  em_cmu.o [1]
CMU_IRQHandler          0x000020b1         Code  Wk  startup_efm32tg.o [1]
CMU_LCDClkFDIVSet       0x000005c5   0x2e  Code  Gb  em_cmu.o [1]
CMU_OscillatorEnable    0x000005fd   0xa6  Code  Gb  em_cmu.o [1]
CMU_Sync                0x00000161   0x16  Code  Lc  em_cmu.o [1]
CSTACK$$Base            0x20000030          --   Gb  - Linker created -
CSTACK$$Limit           0x20000430          --   Gb  - Linker created -
DAC0_IRQHandler         0x00002085         Code  Wk  startup_efm32tg.o [1]
DMA_IRQHandler          0x00002069         Code  Wk  startup_efm32tg.o [1]
DebugMon_Handler        0x0000205d         Code  Wk  startup_efm32tg.o [1]
Delay                   0x000019e1   0x18  Code  Gb  main.o [1]
EFM_Alphabet            0x00001c90   0xb8  Data  Lc  segmentlcd.o [1]
EFM_Display             0x00001aa0  0x120  Data  Lc  segmentlcd.o [1]
EFM_Numbers             0x00001f54   0x24  Data  Lc  segmentlcd.o [1]
EMU_UpdateOscConfig     0x0000083d    0xa  Code  Gb  em_emu.o [1]
GPIO_EVEN_IRQHandler    0x00001973   0x12  Code  Gb  main.o [1]
GPIO_IntClear           0x000018cf    0x6  Code  Lc  main.o [1]
GPIO_IntConfig          0x00000f2f   0xa2  Code  Gb  em_gpio.o [1]
GPIO_ODD_IRQHandler     0x00001961   0x12  Code  Gb  main.o [1]
GPIO_PinInGet           0x00000873   0x32  Code  Lc  hijack.o [1]
GPIO_PinModeSet         0x00000fd1   0xe4  Code  Gb  em_gpio.o [1]
GetProdRev              0x00000735    0xa  Code  Lc  system_efm32tg.o [1]
HIJACK_ByteRx           0x00000a0d    0xc  Code  Gb  hijack.o [1]
HIJACK_ByteTx           0x000009d9   0x34  Code  Gb  hijack.o [1]
HIJACK_CaptureConfig    0x00000b23   0x4c  Code  Lc  hijack.o [1]
HIJACK_CompareConfig    0x00000b6f   0x4c  Code  Lc  hijack.o [1]
HIJACK_Init             0x0000091b   0xbe  Code  Gb  hijack.o [1]
HIJACK_ManchesterDecoder
                        0x00000a19  0x10a  Code  Lc  hijack.o [1]
HardFault_Handler       0x00002049         Code  Wk  startup_efm32tg.o [1]
I2C0_IRQHandler         0x00002089         Code  Wk  startup_efm32tg.o [1]
INT_Disable             0x000008c9   0x24  Code  Lc  hijack.o [1]
INT_Enable              0x000008ed   0x2e  Code  Lc  hijack.o [1]
INT_LockCnt             0x2000000c    0x4  Data  Gb  em_int.o [1]
LCD_Enable              0x00001579   0x2a  Code  Lc  em_lcd.o [1]
LCD_FreezeEnable        0x000010d9   0x1a  Code  Lc  segmentlcd.o [1]
LCD_IRQHandler          0x000020b9         Code  Wk  startup_efm32tg.o [1]
LCD_Init                0x000015b1   0x4c  Code  Gb  em_lcd.o [1]
LCD_IntDisable          0x000010ff   0x10  Code  Lc  segmentlcd.o [1]
LCD_SegmentRangeEnable  0x00001623   0x22  Code  Gb  em_lcd.o [1]
LCD_SegmentSet          0x00001645   0xdc  Code  Gb  em_lcd.o [1]
LCD_SegmentSetLow       0x00001721   0xde  Code  Gb  em_lcd.o [1]
LCD_SyncBusyDelay       0x000010f3    0xc  Code  Lc  segmentlcd.o [1]
LCD_VBoostSet           0x000017ff   0x10  Code  Gb  em_lcd.o [1]
LCD_VLCDSelect          0x000015fd   0x26  Code  Gb  em_lcd.o [1]
LESENSE_IRQHandler      0x0000209d         Code  Wk  startup_efm32tg.o [1]
LETIMER0_IRQHandler     0x000020a5         Code  Wk  startup_efm32tg.o [1]
LEUART0_IRQHandler      0x000020a1         Code  Wk  startup_efm32tg.o [1]
MSC_IRQHandler          0x000020bd         Code  Wk  startup_efm32tg.o [1]
MemManage_Handler       0x0000204d         Code  Wk  startup_efm32tg.o [1]
NMI_Handler             0x00002045         Code  Wk  startup_efm32tg.o [1]
NVIC_ClearPendingIRQ    0x000018b5   0x18  Code  Lc  main.o [1]
NVIC_EnableIRQ          0x00000851   0x1a  Code  Lc  hijack.o [1]
NVIC_EnableIRQ          0x0000189d   0x18  Code  Lc  main.o [1]
PCNT0_IRQHandler        0x000020a9         Code  Wk  startup_efm32tg.o [1]
PendSV_Handler          0x00002061         Code  Wk  startup_efm32tg.o [1]
RTC_IRQHandler          0x000020ad         Code  Wk  startup_efm32tg.o [1]
Region$$Table$$Base     0x00001f78          --   Gb  - Linker created -
Region$$Table$$Limit    0x00001f9c          --   Gb  - Linker created -
Reset_Handler           0x00002009         Code  Wk  startup_efm32tg.o [1]
SVC_Handler             0x00002059         Code  Wk  startup_efm32tg.o [1]
SegmentLCD_AllOff       0x0000135f   0x64  Code  Gb  segmentlcd.o [1]
SegmentLCD_AlphaNumberOff
                        0x0000125b   0x64  Code  Gb  segmentlcd.o [1]
SegmentLCD_Init         0x000014c9   0x70  Code  Gb  segmentlcd.o [1]
SegmentLCD_Number       0x0000110f   0xe8  Code  Gb  segmentlcd.o [1]
SegmentLCD_NumberOff    0x000011f7   0x64  Code  Gb  segmentlcd.o [1]
SegmentLCD_Symbol       0x000013c3  0x106  Code  Gb  segmentlcd.o [1]
SegmentLCD_Write        0x000012bf   0xa0  Code  Gb  segmentlcd.o [1]
SysTick_Handler         0x00002065         Code  Wk  startup_efm32tg.o [1]
SystemCoreClock         0x20000020    0x4  Data  Gb  system_efm32tg.o [1]
SystemCoreClockGet      0x0000073f   0x1a  Code  Gb  system_efm32tg.o [1]
SystemCoreClockUpdate   0x0000086b    0x8  Code  Lc  hijack.o [1]
SystemHFClockGet        0x00000759   0xa6  Code  Gb  system_efm32tg.o [1]
SystemHFXOClock         0x20000000    0x4  Data  Lc  system_efm32tg.o [1]
SystemInit              0x000007ff    0x2  Code  Gb  system_efm32tg.o [1]
SystemLFXOClock         0x20000004    0x4  Data  Lc  system_efm32tg.o [1]
TIMER0_IRQHandler       0x00000bbb   0x26  Code  Gb  hijack.o [1]
TIMER1_IRQHandler       0x00000be1  0x11c  Code  Gb  hijack.o [1]
TIMER_CaptureGet        0x000008a5    0x8  Code  Lc  hijack.o [1]
TIMER_CompareSet        0x000008ad    0x8  Code  Lc  hijack.o [1]
TIMER_CounterSet        0x000008b5    0x4  Code  Lc  hijack.o [1]
TIMER_Enable            0x00000d71   0x2c  Code  Gb  em_timer.o [1]
TIMER_Init              0x00000d9d   0xd4  Code  Gb  em_timer.o [1]
TIMER_InitCC            0x00000e71   0xa2  Code  Gb  em_timer.o [1]
TIMER_IntClear          0x000008b9    0x4  Code  Lc  hijack.o [1]
TIMER_IntEnable         0x000008bd    0x8  Code  Lc  hijack.o [1]
TIMER_IntGet            0x000008c5    0x4  Code  Lc  hijack.o [1]
USART0_RX_IRQHandler    0x00002075         Code  Wk  startup_efm32tg.o [1]
USART0_TX_IRQHandler    0x00002079         Code  Wk  startup_efm32tg.o [1]
USART1_RX_IRQHandler    0x00002095         Code  Wk  startup_efm32tg.o [1]
USART1_TX_IRQHandler    0x00002099         Code  Wk  startup_efm32tg.o [1]
UsageFault_Handler      0x00002055         Code  Wk  startup_efm32tg.o [1]
VCMP_IRQHandler         0x000020b5         Code  Wk  startup_efm32tg.o [1]
__Vectors               0x00000000          --   Gb  startup_efm32tg.o [1]
__Vectors_End           0x0000009c         Data  Gb  startup_efm32tg.o [1]
__Vectors_Size {Abs}    0x0000009c          --   Gb  startup_efm32tg.o [1]
__cmain                 0x00001f9d         Code  Gb  cmain.o [5]
__exit                  0x00001fc9         Code  Gb  XXexit.o [5]
__iar_SB                0x000020c4         Data  Gb  bwt_init3c.o [5]
__iar_copy_init3        0x00000707   0x2e  Code  Gb  copy_init3.o [5]
__iar_data_init3        0x00001f29   0x2c  Code  Gb  data_init3.o [5]
__iar_program_start     0x00002031         Code  Gb  cstartup_M.o [5]
__iar_zero_init3        0x0000187b   0x22  Code  Gb  zero_init3.o [5]
__low_level_init        0x00001fb3    0x4  Code  Gb  low_level_init.o [3]
__vector_table          0x00000000         Data  Gb  startup_efm32tg.o [1]
__vector_table_0x1c     0x0000001c         Data  Gb  startup_efm32tg.o [1]
_call_main              0x00001fa9         Code  Gb  cmain.o [5]
_exit                   0x00001fbd         Code  Gb  cexit.o [5]
_main                   0x00001faf         Code  Gb  cmain.o [5]
abs                     0x00001571    0x8  Code  Gb  abs.o [3]
assertEFM               0x00000705    0x2  Code  Gb  em_assert.o [1]
cmuStatus               0x20000024    0x2  Data  Lc  em_emu.o [1]
exit                    0x00001fb7    0x4  Code  Gb  exit.o [3]
gpioSetup               0x00001985   0x5c  Code  Gb  main.o [1]
lcdInit                 0x00001fd4   0x14  Data  Lc  segmentlcd.o [1]
main                    0x000019f9   0x54  Code  Gb  main.o [1]
ones                    0x20000014    0x4  Data  Lc  hijack.o [1]
pTxDoneFunc             0x20000010    0x4  Data  Lc  hijack.o [1]
sendingByteTx           0x20000027    0x1  Data  Lc  hijack.o [1]
setupSWO                0x000018d5   0x8c  Code  Gb  main.o [1]
signIndex               0x00001fba    0x2  Data  Lc  segmentlcd.o [1]
state                   0x20000028    0x1  Data  Lc  hijack.o [1]
strlen                  0x00001845         Code  Gb  strlen.o [5]
txBit                   0x20000026    0x1  Data  Lc  hijack.o [1]
txState                 0x20000008    0x1  Data  Lc  hijack.o [1]


[1] = D:\Firmware\my-project-hihack\trunk\ my-project-hihack --username kaiser.ren@gmail.com\energymicro\kits\EFM32TG_STK3300\examples\an0054_efm32_phone_audio_jack_interface\iar\hijack_efm32tg210\Debug\Obj
[2] = command line
[3] = dl7M_tln.a
[4] = m7M_tl.a
[5] = rt7M_tl.a

  7 070 bytes of readonly  code memory
  1 330 bytes of readonly  data memory
  1 066 bytes of readwrite data memory

Errors: none
Warnings: none
