###############################################################################
#                                                                             #
# IAR ELF Linker V6.40.4.54170/W32 for ARM              09/Mar/2014  07:32:38 #
# Copyright 2007-2012 IAR Systems AB.                                         #
#                                                                             #
#    Output file  =  F:\Firmware\my-project-hihack\trunk\ my-project-hihack   #
#                    --username kaiser.ren@gmail.com\phone_simulate\build\ewa #
#                    rm_640\sam3s\Exe\sam3s.out                               #
#    Map file     =  F:\Firmware\my-project-hihack\trunk\ my-project-hihack   #
#                    --username kaiser.ren@gmail.com\phone_simulate\build\ewa #
#                    rm_640\sam3s\List\sam3s.map                              #
#    Command line =  "F:\Firmware\my-project-hihack\trunk\ my-project-hihack  #
#                    --username kaiser.ren@gmail.com\phone_simulate\build\ewa #
#                    rm_640\sam3s\Obj\decode.o" "F:\Firmware\my-project-hihac #
#                    k\trunk\ my-project-hihack --username                    #
#                    kaiser.ren@gmail.com\phone_simulate\build\ewarm_640\sam3 #
#                    s\Obj\encode.o" "F:\Firmware\my-project-hihack\trunk\    #
#                    my-project-hihack --username                             #
#                    kaiser.ren@gmail.com\phone_simulate\build\ewarm_640\sam3 #
#                    s\Obj\main.o" "F:\Firmware\my-project-hihack\trunk\      #
#                    my-project-hihack --username                             #
#                    kaiser.ren@gmail.com\phone_simulate\libboard_sam3s-ek\li #
#                    b\libboard_sam3s_ek_ewarm_dbg.a"                         #
#                    "F:\Firmware\my-project-hihack\trunk\ my-project-hihack  #
#                    --username kaiser.ren@gmail.com\phone_simulate\libchip_s #
#                    am3s\lib\libchip_sam3s4_ewarm_dbg.a" --redirect          #
#                    _Printf=_PrintfSmall --redirect _Scanf=_ScanfSmall -o    #
#                    "F:\Firmware\my-project-hihack\trunk\ my-project-hihack  #
#                    --username kaiser.ren@gmail.com\phone_simulate\build\ewa #
#                    rm_640\sam3s\Exe\sam3s.out" --map                        #
#                    "F:\Firmware\my-project-hihack\trunk\ my-project-hihack  #
#                    --username kaiser.ren@gmail.com\phone_simulate\build\ewa #
#                    rm_640\sam3s\List\sam3s.map" --config                    #
#                    "F:\Firmware\my-project-hihack\trunk\ my-project-hihack  #
#                    --username kaiser.ren@gmail.com\phone_simulate\build\ewa #
#                    rm_640/../../resource/sam3s4c/flash.icf" --entry         #
#                    __iar_program_start --vfe                                #
#                                                                             #
#                                                                             #
###############################################################################

*******************************************************************************
*** RUNTIME MODEL ATTRIBUTES
***

CppFlavor       = *
__SystemLibrary = DLib


*******************************************************************************
*** PLACEMENT SUMMARY
***

"A1":  place at 0x00400000 { ro section .vectors };
"P1":  place in [from 0x00400000 to 0x0043ffff] { ro };
"P2":  place in [from 0x20000000 to 0x2000bfff] { rw, block CSTACK, block HEAP };

  Section          Kind        Address    Size  Object
  -------          ----        -------    ----  ------
"A1":                                     0xd0
  .vectors                  0x00400000    0xd0  <Block>
    .vectors       const    0x00400000    0xd0  board_cstartup_iar.o [4]
                          - 0x004000d0    0xd0

"P1":                                   0x23d0
  SOFTPACK         ro code  0x004000d0   0x6ac  encode.o [1]
  SAM3S-EK         ro code  0x0040077c    0xb4  uart_console.o [4]
  SAM3S4           ro code  0x00400830    0xcc  dacc.o [5]
  SAM3S4           ro code  0x004008fc   0x1cc  pio.o [5]
  .text            ro code  0x00400ac8    0x4c  xassert.o [3]
  SAM3S4           ro code  0x00400b14    0x6c  pmc.o [5]
  .text            ro code  0x00400b80    0xa0  xreportassert.o [3]
  .text            ro code  0x00400c20     0x6  abort.o [3]
  .text            ro code  0x00400c26    0x22  zero_init3.o [6]
  .text            ro code  0x00400c48     0xc  XXexit.o [6]
  SOFTPACK         ro code  0x00400c54   0x4a4  main.o [1]
  SAM3S4           ro code  0x004010f8   0x1a0  pio_it.o [5]
  .text            ro code  0x00401298    0x24  printf.o [3]
  SAM3S4           ro code  0x004012bc     0x8  wdt.o [5]
  SAM3S-EK         ro code  0x004012c4    0x9c  led.o [4]
  SOFTPACK         ro code  0x00401360   0x364  decode.o [1]
  SAM3S4           ro code  0x004016c4    0x90  pio_capture.o [5]
  .text            ro code  0x00401754   0x4a0  xprintfsmall.o [3]
  .text            ro code  0x00401bf4    0x16  strchr.o [6]
  .text            ro code  0x00401c0c    0x36  strlen.o [6]
  .text            ro code  0x00401c44    0x58  memchr.o [6]
  SAM3S-EK         ro code  0x00401c9c   0x15c  board_lowlevel.o [4]
  .rodata          const    0x00401df8    0xc8  main.o [1]
  .rodata          const    0x00401ec0    0x80  pmc.o [5]
  .rodata          const    0x00401f40    0x80  dacc.o [5]
  .rodata          const    0x00401fc0    0x80  pio_it.o [5]
  .rodata          const    0x00402040    0x48  main.o [1]
  SAM3S4           ro code  0x00402088    0x44  exceptions.o [5]
  SAM3S-EK         ro code  0x004020cc    0x38  board_cstartup_iar.o [4]
  .rodata          const    0x00402104    0x34  main.o [1]
  .rodata          const    0x00402138    0x28  main.o [1]
  .rodata          const    0x00402160    0x28  main.o [1]
  .rodata          const    0x00402188    0x28  pio_it.o [5]
  .text            ro code  0x004021b0    0x28  data_init3.o [6]
  .rodata          const    0x004021d8    0x24  main.o [1]
  .rodata          const    0x004021fc    0x24  main.o [1]
  .rodata          const    0x00402220    0x24  main.o [1]
  .rodata          const    0x00402244    0x24  led.o [4]
  .iar.init_table  const    0x00402268    0x10  - Linker created -
  .rodata          const    0x00402278    0x20  main.o [1]
  .rodata          const    0x00402298    0x20  main.o [1]
  .rodata          const    0x004022b8    0x20  main.o [1]
  .rodata          const    0x004022d8    0x20  dacc.o [5]
  .rodata          const    0x004022f8    0x1c  main.o [1]
  .rodata          const    0x00402314    0x1c  main.o [1]
  .rodata          const    0x00402330    0x1c  main.o [1]
  .rodata          const    0x0040234c    0x18  main.o [1]
  .rodata          const    0x00402364    0x18  main.o [1]
  .rodata          const    0x0040237c    0x18  main.o [1]
  .rodata          const    0x00402394    0x18  main.o [1]
  .text            ro code  0x004023ac    0x16  cmain.o [6]
  .text            ro code  0x004023c2     0x4  exit.o [3]
  .text            ro code  0x004023c8     0xa  cexit.o [6]
  .text            ro code  0x004023d2    0x16  xprout.o [3]
  .rodata          const    0x004023e8    0x14  pio_it.o [5]
  .rodata          const    0x004023fc    0x10  pio_it.o [5]
  .rodata          const    0x0040240c    0x10  pio_it.o [5]
  .rodata          const    0x0040241c     0xc  decode.o [1]
  .rodata          const    0x00402428     0xc  main.o [1]
  .rodata          const    0x00402434     0xc  main.o [1]
  .rodata          const    0x00402440     0xc  main.o [1]
  .rodata          const    0x0040244c     0xc  main.o [1]
  .rodata          const    0x00402458     0xc  main.o [1]
  .rodata          const    0x00402464     0xc  main.o [1]
  .rodata          const    0x00402470     0xc  pmc.o [5]
  .rodata          const    0x0040247c     0xc  uart_console.o [4]
  .text            ro code  0x00402488     0xc  cstartup_M.o [6]
  .rodata          const    0x00402494     0x8  pio_it.o [5]
  .rodata          const    0x0040249c     0x4  led.o [4]
  .rodata          const    0x004024a0     0x0  zero_init3.o [6]
                          - 0x004024a0  0x23d0

"P2", part 1 of 2:                       0x138
  .bss             zero     0x20000000    0xcc  main.o [1]
  .bss             zero     0x200000cc    0x38  pio_it.o [5]
  .bss             zero     0x20000104     0x8  encode.o [1]
  .bss             zero     0x2000010c     0x4  decode.o [1]
  .bss             zero     0x20000110     0x4  decode.o [1]
  .bss             zero     0x20000114     0x4  decode.o [1]
  .bss             zero     0x20000118     0x4  decode.o [1]
  .bss             zero     0x2000011c     0x4  pio_it.o [5]
  .bss             zero     0x20000120     0x4  pio_capture.o [5]
  .bss             zero     0x20000124     0x2  encode.o [1]
  .bss             zero     0x20000126     0x2  encode.o [1]
  .bss             zero     0x20000128     0x1  decode.o [1]
  .bss             zero     0x20000129     0x1  decode.o [1]
  .bss             zero     0x2000012a     0x1  encode.o [1]
  .bss             zero     0x2000012b     0x1  encode.o [1]
  .bss             zero     0x2000012c     0x1  encode.o [1]
  .bss             zero     0x2000012d     0x1  encode.o [1]
  .bss             zero     0x2000012e     0x1  encode.o [1]
  .bss             zero     0x2000012f     0x1  main.o [1]
  .bss             zero     0x20000130     0x1  main.o [1]
  .bss             zero     0x20000131     0x1  uart_console.o [4]
                          - 0x20000132   0x132

"P2", part 2 of 2:                      0x3000
  CSTACK                    0x20000138  0x3000  <Block>
    CSTACK         uninit   0x20000138  0x3000  <Block tail>
                          - 0x20003138  0x3000


*******************************************************************************
*** INIT TABLE
***

          Address     Size
          -------     ----
Zero (__iar_zero_init3)
    1 destination range, total size 0x132:
          0x20000000  0x132



*******************************************************************************
*** MODULE SUMMARY
***

    Module                ro code  ro data  rw data
    ------                -------  -------  -------
F:\Firmware\my-project-hihack\trunk\ my-project-hihack --username kaiser.ren@gmail.com\phone_simulate\build\ewarm_640\sam3s\Obj: [1]
    decode.o                  868       12       18
    encode.o                1 708                17
    main.o                  1 188      860      206
    -----------------------------------------------
    Total:                  3 764      872      241

command line: [2]
    -----------------------------------------------
    Total:

dl7M_tln.a: [3]
    abort.o                     6
    exit.o                      4
    printf.o                   36
    xassert.o                  76
    xprintfsmall.o          1 184
    xprout.o                   22
    xreportassert.o           160
    -----------------------------------------------
    Total:                  1 488

libboard_sam3s_ek_ewarm_dbg.a: [4]
    board_cstartup_iar.o       56      208
    board_lowlevel.o          348
    led.o                     156       40
    uart_console.o            180       12        1
    -----------------------------------------------
    Total:                    740      260        1

libchip_sam3s4_ewarm_dbg.a: [5]
    dacc.o                    204      160
    exceptions.o               68
    pio.o                     460
    pio_capture.o             144                 4
    pio_it.o                  416      228       60
    pmc.o                     108      140
    wdt.o                       8
    -----------------------------------------------
    Total:                  1 408      528       64

rt7M_tl.a: [6]
    XXexit.o                   12
    cexit.o                    10
    cmain.o                    22
    cstartup_M.o               12
    data_init3.o               40
    memchr.o                   88
    strchr.o                   22
    strlen.o                   54
    zero_init3.o               34
    -----------------------------------------------
    Total:                    294

    Gaps                        6
    Linker created                      16   12 288
---------------------------------------------------
    Grand Total:            7 700    1 676   12 594


*******************************************************************************
*** ENTRY LIST
***

Entry                      Address   Size  Type      Object
-----                      -------   ----  ----      ------
.vectors$$Base          0x00400000          --   Gb  - Linker created -
.vectors$$Limit         0x004000d0          --   Gb  - Linker created -
?main                   0x004023ad         Code  Gb  cmain.o [6]
ACC_IrqHandler          0x004020c9    0x2  Code  Wk  exceptions.o [5]
ADC_IrqHandler          0x004020c3    0x2  Code  Wk  exceptions.o [5]
BusFault_Handler        0x00402091    0x2  Code  Wk  exceptions.o [5]
CRCCU_IrqHandler        0x004020c7    0x2  Code  Wk  exceptions.o [5]
CSTACK$$Base            0x20000138          --   Gb  - Linker created -
CSTACK$$Limit           0x20003138          --   Gb  - Linker created -
DACC_Initialize         0x00400831   0xae  Code  Gb  dacc.o [5]
DACC_SetConversionData  0x004008ed   0x10  Code  Gb  dacc.o [5]
DACC_channel_sine       0x2000012d    0x1  Data  Gb  encode.o [1]
DAC_IrqHandler          0x00400149   0x8c  Code  Gb  encode.o [1]
DebugMon_Handler        0x00402097    0x2  Code  Wk  exceptions.o [5]
EEFC_IrqHandler         0x004020a7    0x2  Code  Wk  exceptions.o [5]
HardFault_Handler       0x0040208d    0x2  Code  Wk  exceptions.o [5]
IrqHandlerNotUsed       0x00402089    0x2  Code  Gb  exceptions.o [5]
IsAboutFullCycle        0x00401405   0x24  Code  Lc  decode.o [1]
IsAboutHalfCycle        0x004013e1   0x24  Code  Lc  decode.o [1]
LED_Clear               0x0040131d   0x3a  Code  Gb  led.o [4]
LED_Configure           0x004012c5   0x1e  Code  Gb  led.o [4]
LED_Set                 0x004012e3   0x3a  Code  Gb  led.o [4]
LowLevelInit            0x00401c9d  0x15c  Code  Wk  board_lowlevel.o [4]
MCI_IrqHandler          0x004020b1    0x2  Code  Wk  exceptions.o [5]
MemManage_Handler       0x0040208f    0x2  Code  Wk  exceptions.o [5]
NMI_Handler             0x0040208b    0x2  Code  Wk  exceptions.o [5]
NVIC_ClearPendingIRQ    0x00400c89   0x1a  Code  Lc  main.o [1]
NVIC_DisableIRQ         0x00400c6f   0x1a  Code  Lc  main.o [1]
NVIC_EnableIRQ          0x004000d1   0x1a  Code  Lc  encode.o [1]
NVIC_EnableIRQ          0x00400c55   0x1a  Code  Lc  main.o [1]
NVIC_SetPriority        0x004000eb   0x26  Code  Lc  encode.o [1]
NVIC_SetPriority        0x00400ca3   0x26  Code  Lc  main.o [1]
PIOA_IrqHandler         0x0040115b   0x18  Code  Gb  pio_it.o [5]
PIOB_IrqHandler         0x00401173    0xc  Code  Gb  pio_it.o [5]
PIOC_IrqHandler         0x0040117f    0xc  Code  Gb  pio_it.o [5]
PIO_CaptureHandler      0x004016c5   0x84  Code  Gb  pio_capture.o [5]
PIO_Clear               0x00400aa3    0x8  Code  Gb  pio.o [5]
PIO_Configure           0x004009e7   0xb4  Code  Gb  pio.o [5]
PIO_ConfigureIt         0x0040118b   0x86  Code  Gb  pio_it.o [5]
PIO_EnableIt            0x00401211   0x58  Code  Gb  pio_it.o [5]
PIO_Set                 0x00400a9b    0x8  Code  Gb  pio.o [5]
PIO_SetDebounceFilter   0x00400aab   0x1e  Code  Gb  pio.o [5]
PIO_SetInput            0x00400985   0x30  Code  Lc  pio.o [5]
PIO_SetOutput           0x004009b5   0x32  Code  Lc  pio.o [5]
PIO_SetPeripheralA      0x004008fd   0x26  Code  Lc  pio.o [5]
PIO_SetPeripheralB      0x00400923   0x22  Code  Lc  pio.o [5]
PIO_SetPeripheralC      0x00400945   0x22  Code  Lc  pio.o [5]
PIO_SetPeripheralD      0x00400967   0x1e  Code  Lc  pio.o [5]
PMC_EnablePeripheral    0x00400b15   0x54  Code  Gb  pmc.o [5]
PMC_IrqHandler          0x004020a5    0x2  Code  Wk  exceptions.o [5]
PWM_IrqHandler          0x004020c5    0x2  Code  Wk  exceptions.o [5]
PendSV_Handler          0x00402099    0x2  Code  Wk  exceptions.o [5]
PioInterruptHandler     0x004010f9   0x62  Code  Gb  pio_it.o [5]
RSTC_IrqHandler         0x0040209d    0x2  Code  Wk  exceptions.o [5]
RTC_IrqHandler          0x0040209f    0x2  Code  Wk  exceptions.o [5]
RTT_IrqHandler          0x004020a1    0x2  Code  Wk  exceptions.o [5]
Region$$Table$$Base     0x00402268          --   Gb  - Linker created -
Region$$Table$$Limit    0x00402278          --   Gb  - Linker created -
SMC_IrqHandler          0x004020ab    0x2  Code  Wk  exceptions.o [5]
SPI_IrqHandler          0x004020b7    0x2  Code  Wk  exceptions.o [5]
SSC_IrqHandler          0x004020b9    0x2  Code  Wk  exceptions.o [5]
SUPC_IrqHandler         0x0040209b    0x2  Code  Wk  exceptions.o [5]
SVC_Handler             0x00402095    0x2  Code  Wk  exceptions.o [5]
SysTick_Config          0x00400111   0x38  Code  Lc  encode.o [1]
SysTick_Config          0x00400cc9   0x38  Code  Lc  main.o [1]
SysTick_Handler         0x0040023f   0x7e  Code  Gb  encode.o [1]
TC0_IrqHandler          0x004002bd    0xa  Code  Gb  encode.o [1]
TC1_IrqHandler          0x004020bb    0x2  Code  Wk  exceptions.o [5]
TC2_IrqHandler          0x00401361   0x46  Code  Gb  decode.o [1]
TC3_IrqHandler          0x004020bd    0x2  Code  Wk  exceptions.o [5]
TC4_IrqHandler          0x004020bf    0x2  Code  Wk  exceptions.o [5]
TC5_IrqHandler          0x004020c1    0x2  Code  Wk  exceptions.o [5]
TWI0_IrqHandler         0x004020b3    0x2  Code  Wk  exceptions.o [5]
TWI1_IrqHandler         0x004020b5    0x2  Code  Wk  exceptions.o [5]
TcCaptureInitialize     0x004013a7   0x3a  Code  Gb  decode.o [1]
UART0_IrqHandler        0x004001d5   0x6a  Code  Gb  encode.o [1]
UART1_IrqHandler        0x004020a9    0x2  Code  Wk  exceptions.o [5]
UART_Configure          0x0040077d   0x4c  Code  Gb  uart_console.o [4]
UART_GetChar            0x004007ed   0x20  Code  Gb  uart_console.o [4]
UART_PutChar            0x004007c9   0x24  Code  Gb  uart_console.o [4]
USART0_IrqHandler       0x004020ad    0x2  Code  Wk  exceptions.o [5]
USART1_IrqHandler       0x004020af    0x2  Code  Wk  exceptions.o [5]
USBD_IrqHandler         0x004020cb    0x2  Code  Wk  exceptions.o [5]
UsageFault_Handler      0x00402093    0x2  Code  Wk  exceptions.o [5]
WDT_Disable             0x004012bd    0x8  Code  Gb  wdt.o [5]
WDT_IrqHandler          0x004020a3    0x2  Code  Wk  exceptions.o [5]
_Button1_Handler        0x00400d01   0x3a  Code  Lc  main.o [1]
_Button2_Handler        0x00400d3b   0x30  Code  Lc  main.o [1]
_ConfigureButton        0x00400d6b   0x4c  Code  Lc  main.o [1]
_ConfigureCom           0x004003a9   0x12  Code  Gb  encode.o [1]
_DisplayMenuChoices     0x00400ec7   0x2e  Code  Lc  main.o [1]
_GetInputValue          0x00400db7  0x110  Code  Lc  main.o [1]
_LitobSmall             0x00401b1d   0xce  Code  Lc  xprintfsmall.o [3]
_PioCaptureCopy         0x20000120    0x4  Data  Lc  pio_capture.o [5]
_PrintfSmall            0x00401755  0x3c2  Code  Gb  xprintfsmall.o [3]
_Prout                  0x004023d3   0x16  Code  Gb  xprout.o [3]
__aeabi_assert          0x00400acb   0x4a  Code  Gb  xassert.o [3]
__cmain                 0x004023ad         Code  Gb  cmain.o [6]
__exit                  0x00400c49         Code  Gb  XXexit.o [6]
__iar_EmptyStepPoint    0x00400ac9    0x2  Code  Gb  xassert.o [3]
__iar_Memchr            0x00401c45         Code  Gb  memchr.o [6]
__iar_ReportAssert      0x00400b97   0x50  Code  Gb  xreportassert.o [3]
__iar_Strchr            0x00401bf5         Code  Gb  strchr.o [6]
__iar_data_init3        0x004021b1   0x28  Code  Gb  data_init3.o [6]
__iar_program_start     0x00402489         Code  Gb  cstartup_M.o [6]
__iar_zero_init3        0x00400c27   0x22  Code  Gb  zero_init3.o [6]
__low_level_init        0x004020cd   0x38  Code  Gb  board_cstartup_iar.o [4]
__vector_table          0x00400000   0xd0  Data  Gb  board_cstartup_iar.o [4]
_aIntSources            0x200000cc   0x38  Data  Lc  pio_it.o [5]
_call_main              0x004023b9         Code  Gb  cmain.o [6]
_dwNumSources           0x2000011c    0x4  Data  Lc  pio_it.o [5]
_exit                   0x004023c9         Code  Gb  cexit.o [6]
_main                   0x004023bf         Code  Gb  cmain.o [6]
_ucIsConsoleInitialized
                        0x20000131    0x1  Data  Lc  uart_console.o [4]
abort                   0x00400c21    0x6  Code  Gb  abort.o [3]
amplitude               0x20000126    0x2  Data  Gb  encode.o [1]
bias                    0x2000012e    0x1  Data  Gb  encode.o [1]
button1Evt              0x2000012f    0x1  Data  Gb  main.o [1]
button2Evt              0x20000130    0x1  Data  Gb  main.o [1]
cur_edge                0x20000129    0x1  Data  Lc  decode.o [1]
cur_stamp               0x20000110    0x4  Data  Lc  decode.o [1]
dec                     0x2000010c    0x4  Data  Gb  decode.o [1]
dec_parser              0x00401429   0x86  Code  Lc  decode.o [1]
decode_machine          0x004014af  0x1de  Code  Gb  decode.o [1]
edge_occur              0x20000128    0x1  Data  Gb  decode.o [1]
enc                     0x20000104    0x8  Data  Lc  encode.o [1]
enc_init                0x004002c7   0xe2  Code  Gb  encode.o [1]
enc_parser              0x00400413   0xbe  Code  Gb  encode.o [1]
encode_machine          0x004004d1  0x248  Code  Gb  encode.o [1]
exit                    0x004023c3    0x4  Code  Gb  exit.o [3]
frequency               0x20000124    0x2  Data  Gb  encode.o [1]
index_sample            0x2000012b    0x1  Data  Lc  encode.o [1]
inv                     0x20000118    0x4  Data  Lc  decode.o [1]
main                    0x00400efd  0x152  Code  Gb  main.o [1]
memchr                  0x00401c45         Code  Gb  memchr.o [6]
numLeds                 0x0040249c    0x4  Data  Lc  led.o [4]
odd                     0x2000012a    0x1  Data  Lc  encode.o [1]
offset                  0x20000114    0x4  Data  Lc  decode.o [1]
out                     0x00400b81   0x16  Code  Lc  xreportassert.o [3]
pTcPins                 0x0040241c    0xc  Data  Lc  decode.o [1]
pinPB1                  0x00402458    0xc  Data  Gb  main.o [1]
pinPB2                  0x00402464    0xc  Data  Gb  main.o [1]
pins                    0x00402040   0x48  Data  Gb  main.o [1]
pinsLeds                0x00402244   0x24  Data  Lc  led.o [4]
printf                  0x00401299   0x24  Code  Gb  printf.o [3]
putchar                 0x00400821   0x10  Code  Wk  uart_console.o [4]
sine_data               0x00401df8   0xc8  Data  Gb  main.o [1]
strchr                  0x00401bf5         Code  Gb  strchr.o [6]
strlen                  0x00401c0d         Code  Gb  strlen.o [6]
ticker                  0x2000012c    0x1  Data  Lc  encode.o [1]
us1                     0x20000000   0xcc  Data  Gb  main.o [1]
us1_get_char            0x004003c3   0x50  Code  Gb  encode.o [1]
us1_get_count           0x004003bb    0x8  Code  Gb  encode.o [1]


[1] = F:\Firmware\my-project-hihack\trunk\ my-project-hihack --username kaiser.ren@gmail.com\phone_simulate\build\ewarm_640\sam3s\Obj
[2] = command line
[3] = dl7M_tln.a
[4] = libboard_sam3s_ek_ewarm_dbg.a
[5] = libchip_sam3s4_ewarm_dbg.a
[6] = rt7M_tl.a

   7 700 bytes of readonly  code memory
   1 676 bytes of readonly  data memory
  12 594 bytes of readwrite data memory

Errors: none
Warnings: none
