###############################################################################
#                                                                             #
# IAR ELF Linker V6.30.6.53336/W32 for ARM              29/Jul/2013  13:15:34 #
# Copyright 2007-2012 IAR Systems AB.                                         #
#                                                                             #
#    Output file  =  E:\kren\Firmware\HiJack\branches\uart_bootloader\an\an00 #
#                    03_efm32_uart_bootloader\iar\bootloader-tg840\Release\Ex #
#                    e\bootloader-tg840.out                                   #
#    Map file     =  E:\kren\Firmware\HiJack\branches\uart_bootloader\an\an00 #
#                    03_efm32_uart_bootloader\iar\bootloader-tg840\Release\Li #
#                    st\bootloader-tg840.map                                  #
#    Command line =  E:\kren\Firmware\HiJack\branches\uart_bootloader\an\an00 #
#                    03_efm32_uart_bootloader\iar\bootloader-tg840\Release\Ob #
#                    j\autobaud.o E:\kren\Firmware\HiJack\branches\uart_bootl #
#                    oader\an\an0003_efm32_uart_bootloader\iar\bootloader-tg8 #
#                    40\Release\Obj\boot.o E:\kren\Firmware\HiJack\branches\u #
#                    art_bootloader\an\an0003_efm32_uart_bootloader\iar\bootl #
#                    oader-tg840\Release\Obj\bootloader.o                     #
#                    E:\kren\Firmware\HiJack\branches\uart_bootloader\an\an00 #
#                    03_efm32_uart_bootloader\iar\bootloader-tg840\Release\Ob #
#                    j\crc.o E:\kren\Firmware\HiJack\branches\uart_bootloader #
#                    \an\an0003_efm32_uart_bootloader\iar\bootloader-tg840\Re #
#                    lease\Obj\debug.o E:\kren\Firmware\HiJack\branches\uart_ #
#                    bootloader\an\an0003_efm32_uart_bootloader\iar\bootloade #
#                    r-tg840\Release\Obj\debuglock.o                          #
#                    E:\kren\Firmware\HiJack\branches\uart_bootloader\an\an00 #
#                    03_efm32_uart_bootloader\iar\bootloader-tg840\Release\Ob #
#                    j\em_cmu.o E:\kren\Firmware\HiJack\branches\uart_bootloa #
#                    der\an\an0003_efm32_uart_bootloader\iar\bootloader-tg840 #
#                    \Release\Obj\flash.o E:\kren\Firmware\HiJack\branches\ua #
#                    rt_bootloader\an\an0003_efm32_uart_bootloader\iar\bootlo #
#                    ader-tg840\Release\Obj\iarwrite.o                        #
#                    E:\kren\Firmware\HiJack\branches\uart_bootloader\an\an00 #
#                    03_efm32_uart_bootloader\iar\bootloader-tg840\Release\Ob #
#                    j\startup_efm32.o E:\kren\Firmware\HiJack\branches\uart_ #
#                    bootloader\an\an0003_efm32_uart_bootloader\iar\bootloade #
#                    r-tg840\Release\Obj\system_efm32tg.o                     #
#                    E:\kren\Firmware\HiJack\branches\uart_bootloader\an\an00 #
#                    03_efm32_uart_bootloader\iar\bootloader-tg840\Release\Ob #
#                    j\usart.o E:\kren\Firmware\HiJack\branches\uart_bootload #
#                    er\an\an0003_efm32_uart_bootloader\iar\bootloader-tg840\ #
#                    Release\Obj\xmodem.o --redirect _Printf=_PrintfFull      #
#                    --redirect _Scanf=_ScanfFull -o                          #
#                    E:\kren\Firmware\HiJack\branches\uart_bootloader\an\an00 #
#                    03_efm32_uart_bootloader\iar\bootloader-tg840\Release\Ex #
#                    e\bootloader-tg840.out --map                             #
#                    E:\kren\Firmware\HiJack\branches\uart_bootloader\an\an00 #
#                    03_efm32_uart_bootloader\iar\bootloader-tg840\Release\Li #
#                    st\bootloader-tg840.map --config                         #
#                    E:\kren\Firmware\HiJack\branches\uart_bootloader\an\an00 #
#                    03_efm32_uart_bootloader\iar\..\iar_linker_files\EFM32TG #
#                    840F32.icf --entry __iar_program_start --inline --vfe    #
#                                                                             #
#                                                                             #
###############################################################################

*******************************************************************************
*** RUNTIME MODEL ATTRIBUTES
***

CppFlavor       = *
__SystemLibrary = DLib


*******************************************************************************
*** PLACEMENT SUMMARY
***

"A1":  place at 0x00000000 { ro section .intvec };
"P1":  place in [from 0x00000000 to 0x00007fff] { ro };
"P2":  place in [from 0x20000000 to 0x20000fff] { rw, block CSTACK, block HEAP };

  Section            Kind        Address   Size  Object
  -------            ----        -------   ----  ------
"A1":                                       0x8
  .intvec            ro code  0x00000000    0x8  startup_efm32.o [1]
                            - 0x00000008    0x8

"P1":                                     0x844
  Veneer             ro code  0x00000008    0x8  - Linker created -
  Veneer             ro code  0x00000010    0x8  - Linker created -
  Veneer             ro code  0x00000018    0x8  - Linker created -
  Veneer             ro code  0x00000020    0x8  - Linker created -
  Veneer             ro code  0x00000028    0x8  - Linker created -
  .text              ro code  0x00000030  0x3dc  system_efm32tg.o [1]
  .text              ro code  0x0000040c   0x2e  copy_init3.o [4]
  .text              ro code  0x0000043a   0x22  zero_init3.o [4]
  .text              ro code  0x0000045c   0x2c  data_init3.o [4]
  .iar.init_table    const    0x00000488   0x24  - Linker created -
  .text              ro code  0x000004ac   0x16  cmain.o [4]
  .text              ro code  0x000004c2    0x4  exit.o [3]
  .text              ro code  0x000004c8    0xa  cexit.o [4]
  .text              ro code  0x000004d4    0xc  XXexit.o [4]
  .text              ro code  0x000004e0    0xc  cstartup_M.o [4]
  .rodata            const    0x000004ec    0x0  bwt_init3c.o [4]
  Initializer bytes  ro data  0x000004ec  0x360  <for P2 s0>
                            - 0x0000084c  0x844

Absolute sections, part 1 of 4:             0x4
  .rodata            const    0x000020fc    0x4  system_efm32tg.o [1]
                            - 0x00002100    0x4

Absolute sections, part 2 of 4:             0x4
  .rodata            const    0x00007ffc    0x4  system_efm32tg.o [1]
                            - 0x00008000    0x4

Absolute sections, part 3 of 4:            0xbe
  .noinit            uninit   0x20000000   0xbc  system_efm32tg.o [1]
  .noinit            uninit   0x200000bc    0x2  system_efm32tg.o [1]
                            - 0x200000be   0xbe

Absolute sections, part 4 of 4:            0x14
  .noinit            uninit   0x200000fc    0x4  system_efm32tg.o [1]
  .noinit            uninit   0x20000100   0x10  system_efm32tg.o [1]
                            - 0x20000110   0x14

"P2", part 1 of 3:                        0x360
  P2 s0                       0x20000110  0x360  <Init block>
    .textrw          inited   0x20000110  0x334  system_efm32tg.o [1]
    .data            inited   0x20000444   0x18  system_efm32tg.o [1]
    .data            inited   0x2000045c   0x14  system_efm32tg.o [1]
                            - 0x20000470  0x360

"P2", part 2 of 3:                        0x118
  .bss               zero     0x20000470  0x114  system_efm32tg.o [1]
  .bss               zero     0x20000584    0x4  system_efm32tg.o [1]
                            - 0x20000588  0x118

"P2", part 3 of 3:                        0x400
  CSTACK                      0x20000588  0x400  <Block>
    CSTACK           uninit   0x20000588  0x400  <Block tail>
                            - 0x20000988  0x400


*******************************************************************************
*** INIT TABLE
***

          Address     Size
          -------     ----
Zero (__iar_zero_init3)
    1 destination range, total size 0x118:
          0x20000470  0x118

Copy (__iar_copy_init3)
    1 source range, total size 0x360:
          0x000004ec  0x360
    1 destination range, total size 0x360:
          0x20000110  0x360



*******************************************************************************
*** MODULE SUMMARY
***

    Module            ro code  rw code  ro data  rw data  ro data  rw data
                                                           (abs)    (abs)
    ------            -------  -------  -------  -------  -------  -------
E:\kren\Firmware\HiJack\branches\uart_bootloader\an\an0003_efm32_uart_bootloader\iar\bootloader-tg840\Release\Obj: [1]
    startup_efm32.o         8
    system_efm32tg.o      988      820      864      324        8      210
    ----------------------------------------------------------------------
    Total:                996      820      864      324        8      210

command line: [2]
    ----------------------------------------------------------------------
    Total:

dl7M_tln.a: [3]
    exit.o                  4
    ----------------------------------------------------------------------
    Total:                  4

rt7M_tl.a: [4]
    XXexit.o               12
    bwt_init3c.o
    cexit.o                10
    cmain.o                22
    copy_init3.o           46
    cstartup_M.o           12
    data_init3.o           44
    zero_init3.o           34
    ----------------------------------------------------------------------
    Total:                180

    Gaps                    4
    Linker created         40                36    1 024
--------------------------------------------------------------------------
    Grand Total:        1 224      820      900    1 348        8      210


*******************************************************************************
*** ENTRY LIST
***

Entry                    Address   Size  Type      Object
-----                    -------   ----  ----      ------
?main                 0x000004ad         Code  Gb  cmain.o [4]
BOOT_boot             0x2000011d   0x42  Code  Gb  system_efm32tg.o [1]
BOOT_jump             0x20000111    0xc  Code  Gb  system_efm32tg.o [1]
CMU_ClockSelectGet    0x0000028f   0x9a  Code  Gb  system_efm32tg.o [1]
CRC_calc              0x200001eb   0x30  Code  Gb  system_efm32tg.o [1]
CSTACK$$Base          0x20000588          --   Gb  - Linker created -
CSTACK$$Limit         0x20000988          --   Gb  - Linker created -
DEBUGLOCK_startDebugInterface
                      0x2000021b   0x48  Code  Gb  system_efm32tg.o [1]
Region$$Table$$Base   0x00000488          --   Gb  - Linker created -
Region$$Table$$Limit  0x000004ac          --   Gb  - Linker created -
SystemCoreClock       0x20000584    0x4  Data  Gb  system_efm32tg.o [1]
SystemCoreClockGet    0x00000031   0x16  Code  Gb  system_efm32tg.o [1]
SystemHFClockGet      0x00000047   0x80  Code  Gb  system_efm32tg.o [1]
USART_printHex        0x20000263   0x24  Code  Gb  system_efm32tg.o [1]
USART_printString     0x200002af   0x16  Code  Gb  system_efm32tg.o [1]
USART_rxByte          0x20000287   0x1c  Code  Gb  system_efm32tg.o [1]
USART_txByte          0x200002a3    0xc  Code  Gb  system_efm32tg.o [1]
XMODEM_download       0x200002c5  0x122  Code  Gb  system_efm32tg.o [1]
_DEBUGLOCK_swData     0x20000444   0x18  Data  Gb  system_efm32tg.o [1]
__Vectors             0x00000000          --   Gb  startup_efm32.o [1]
__Vectors_End         0x00000008         Data  Gb  startup_efm32.o [1]
__Vectors_Size {Abs}  0x00000008          --   Gb  startup_efm32.o [1]
__cmain               0x000004ad         Code  Gb  cmain.o [4]
__exit                0x000004d5         Code  Gb  XXexit.o [4]
__iar_SB              0x000004ec         Data  Gb  bwt_init3c.o [4]
__iar_copy_init3      0x0000040d   0x2e  Code  Gb  copy_init3.o [4]
__iar_data_init3      0x0000045d   0x2c  Code  Gb  data_init3.o [4]
__iar_program_start   0x000004e1         Code  Gb  cstartup_M.o [4]
__iar_zero_init3      0x0000043b   0x22  Code  Gb  zero_init3.o [4]
__vector_table        0x00000000         Data  Gb  startup_efm32.o [1]
_call_main            0x000004b9         Code  Gb  cmain.o [4]
_exit                 0x000004c9         Code  Gb  cexit.o [4]
_main                 0x000004bf         Code  Gb  cmain.o [4]
bootTagHead           0x000020fc    0x4  Data  Gb  system_efm32tg.o [1]
bootTagRam            0x200000fc    0x4  Data  Gb  system_efm32tg.o [1]
bootTagTail           0x00007ffc    0x4  Data  Gb  system_efm32tg.o [1]
bootloaderCRC         0x200000bc    0x2  Data  Gb  system_efm32tg.o [1]
commandlineLoop       0x2000015f   0x88  Code  Gb  system_efm32tg.o [1]
descr                 0x20000100   0x10  Data  Gb  system_efm32tg.o [1]
exit                  0x000004c3    0x4  Code  Gb  exit.o [3]
flashPageSize         0x20000470    0x4  Data  Gb  system_efm32tg.o [1]
main                  0x000000c7  0x160  Code  Gb  system_efm32tg.o [1]
rawPacket             0x20000474  0x110  Data  Gb  system_efm32tg.o [1]
readyString           0x2000045c    0xc  Data  Gb  system_efm32tg.o [1]
unknownString         0x20000468    0x8  Data  Gb  system_efm32tg.o [1]
vectorTable           0x20000000   0xbc  Data  Gb  system_efm32tg.o [1]


[1] = E:\kren\Firmware\HiJack\branches\uart_bootloader\an\an0003_efm32_uart_bootloader\iar\bootloader-tg840\Release\Obj
[2] = command line
[3] = dl7M_tln.a
[4] = rt7M_tl.a

  1 224 bytes of readonly  code memory
    820 bytes of readwrite code memory
    900 bytes of readonly  data memory (+ 8   absolute)
  1 348 bytes of readwrite data memory (+ 210 absolute)

Errors: none
Warnings: none
