###############################################################################
#                                                                             #
# IAR ELF Linker V6.30.6.53336/W32 for ARM              10/Jul/2013  09:37:46 #
# Copyright 2007-2012 IAR Systems AB.                                         #
#                                                                             #
#    Output file  =  D:\Firmware\my-project-hihack\trunk\ my-project-hihack   #
#                    --username kaiser.ren@gmail.com\energymicro\an\bootloade #
#                    r\iar\bootloader-tg840\Debug\Exe\bootloader-tg840.out    #
#    Map file     =  D:\Firmware\my-project-hihack\trunk\ my-project-hihack   #
#                    --username kaiser.ren@gmail.com\energymicro\an\bootloade #
#                    r\iar\bootloader-tg840\Debug\List\bootloader-tg840.map   #
#    Command line =  "D:\Firmware\my-project-hihack\trunk\ my-project-hihack  #
#                    --username kaiser.ren@gmail.com\energymicro\an\bootloade #
#                    r\iar\bootloader-tg840\Debug\Obj\autobaud.o"             #
#                    "D:\Firmware\my-project-hihack\trunk\ my-project-hihack  #
#                    --username kaiser.ren@gmail.com\energymicro\an\bootloade #
#                    r\iar\bootloader-tg840\Debug\Obj\boot.o"                 #
#                    "D:\Firmware\my-project-hihack\trunk\ my-project-hihack  #
#                    --username kaiser.ren@gmail.com\energymicro\an\bootloade #
#                    r\iar\bootloader-tg840\Debug\Obj\bootloader.o"           #
#                    "D:\Firmware\my-project-hihack\trunk\ my-project-hihack  #
#                    --username kaiser.ren@gmail.com\energymicro\an\bootloade #
#                    r\iar\bootloader-tg840\Debug\Obj\bsp_stk.o"              #
#                    "D:\Firmware\my-project-hihack\trunk\ my-project-hihack  #
#                    --username kaiser.ren@gmail.com\energymicro\an\bootloade #
#                    r\iar\bootloader-tg840\Debug\Obj\bsp_stk_leds.o"         #
#                    "D:\Firmware\my-project-hihack\trunk\ my-project-hihack  #
#                    --username kaiser.ren@gmail.com\energymicro\an\bootloade #
#                    r\iar\bootloader-tg840\Debug\Obj\bsp_trace.o"            #
#                    "D:\Firmware\my-project-hihack\trunk\ my-project-hihack  #
#                    --username kaiser.ren@gmail.com\energymicro\an\bootloade #
#                    r\iar\bootloader-tg840\Debug\Obj\crc.o"                  #
#                    "D:\Firmware\my-project-hihack\trunk\ my-project-hihack  #
#                    --username kaiser.ren@gmail.com\energymicro\an\bootloade #
#                    r\iar\bootloader-tg840\Debug\Obj\debug.o"                #
#                    "D:\Firmware\my-project-hihack\trunk\ my-project-hihack  #
#                    --username kaiser.ren@gmail.com\energymicro\an\bootloade #
#                    r\iar\bootloader-tg840\Debug\Obj\debuglock.o"            #
#                    "D:\Firmware\my-project-hihack\trunk\ my-project-hihack  #
#                    --username kaiser.ren@gmail.com\energymicro\an\bootloade #
#                    r\iar\bootloader-tg840\Debug\Obj\decode.o"               #
#                    "D:\Firmware\my-project-hihack\trunk\ my-project-hihack  #
#                    --username kaiser.ren@gmail.com\energymicro\an\bootloade #
#                    r\iar\bootloader-tg840\Debug\Obj\em_acmp.o"              #
#                    "D:\Firmware\my-project-hihack\trunk\ my-project-hihack  #
#                    --username kaiser.ren@gmail.com\energymicro\an\bootloade #
#                    r\iar\bootloader-tg840\Debug\Obj\em_cmu.o"               #
#                    "D:\Firmware\my-project-hihack\trunk\ my-project-hihack  #
#                    --username kaiser.ren@gmail.com\energymicro\an\bootloade #
#                    r\iar\bootloader-tg840\Debug\Obj\em_emu.o"               #
#                    "D:\Firmware\my-project-hihack\trunk\ my-project-hihack  #
#                    --username kaiser.ren@gmail.com\energymicro\an\bootloade #
#                    r\iar\bootloader-tg840\Debug\Obj\em_gpio.o"              #
#                    "D:\Firmware\my-project-hihack\trunk\ my-project-hihack  #
#                    --username kaiser.ren@gmail.com\energymicro\an\bootloade #
#                    r\iar\bootloader-tg840\Debug\Obj\em_int.o"               #
#                    "D:\Firmware\my-project-hihack\trunk\ my-project-hihack  #
#                    --username kaiser.ren@gmail.com\energymicro\an\bootloade #
#                    r\iar\bootloader-tg840\Debug\Obj\em_prs.o"               #
#                    "D:\Firmware\my-project-hihack\trunk\ my-project-hihack  #
#                    --username kaiser.ren@gmail.com\energymicro\an\bootloade #
#                    r\iar\bootloader-tg840\Debug\Obj\em_rmu.o"               #
#                    "D:\Firmware\my-project-hihack\trunk\ my-project-hihack  #
#                    --username kaiser.ren@gmail.com\energymicro\an\bootloade #
#                    r\iar\bootloader-tg840\Debug\Obj\em_timer.o"             #
#                    "D:\Firmware\my-project-hihack\trunk\ my-project-hihack  #
#                    --username kaiser.ren@gmail.com\energymicro\an\bootloade #
#                    r\iar\bootloader-tg840\Debug\Obj\encode.o"               #
#                    "D:\Firmware\my-project-hihack\trunk\ my-project-hihack  #
#                    --username kaiser.ren@gmail.com\energymicro\an\bootloade #
#                    r\iar\bootloader-tg840\Debug\Obj\flash.o"                #
#                    "D:\Firmware\my-project-hihack\trunk\ my-project-hihack  #
#                    --username kaiser.ren@gmail.com\energymicro\an\bootloade #
#                    r\iar\bootloader-tg840\Debug\Obj\iarwrite.o"             #
#                    "D:\Firmware\my-project-hihack\trunk\ my-project-hihack  #
#                    --username kaiser.ren@gmail.com\energymicro\an\bootloade #
#                    r\iar\bootloader-tg840\Debug\Obj\startup_efm32.o"        #
#                    "D:\Firmware\my-project-hihack\trunk\ my-project-hihack  #
#                    --username kaiser.ren@gmail.com\energymicro\an\bootloade #
#                    r\iar\bootloader-tg840\Debug\Obj\system_efm32tg.o"       #
#                    "D:\Firmware\my-project-hihack\trunk\ my-project-hihack  #
#                    --username kaiser.ren@gmail.com\energymicro\an\bootloade #
#                    r\iar\bootloader-tg840\Debug\Obj\usart.o"                #
#                    "D:\Firmware\my-project-hihack\trunk\ my-project-hihack  #
#                    --username kaiser.ren@gmail.com\energymicro\an\bootloade #
#                    r\iar\bootloader-tg840\Debug\Obj\xmodem.o" --redirect    #
#                    _Printf=_PrintfFull --redirect _Scanf=_ScanfSmall -o     #
#                    "D:\Firmware\my-project-hihack\trunk\ my-project-hihack  #
#                    --username kaiser.ren@gmail.com\energymicro\an\bootloade #
#                    r\iar\bootloader-tg840\Debug\Exe\bootloader-tg840.out"   #
#                    --map "D:\Firmware\my-project-hihack\trunk\              #
#                    my-project-hihack --username                             #
#                    kaiser.ren@gmail.com\energymicro\an\bootloader\iar\bootl #
#                    oader-tg840\Debug\List\bootloader-tg840.map" --config    #
#                    "D:\Firmware\my-project-hihack\trunk\ my-project-hihack  #
#                    --username kaiser.ren@gmail.com\energymicro\an\bootloade #
#                    r\iar\..\iar_linker_files\EFM32TG840F32.icf" --entry     #
#                    __iar_program_start --vfe                                #
#                                                                             #
#                                                                             #
###############################################################################

*******************************************************************************
*** RUNTIME MODEL ATTRIBUTES
***

CppFlavor       = *
__SystemLibrary = DLib


*******************************************************************************
*** PLACEMENT SUMMARY
***

"A1":  place at 0x00000000 { ro section .intvec };
"P1":  place in [from 0x00000000 to 0x00007fff] { ro };
"P2":  place in [from 0x20000000 to 0x20000fff] { rw, block CSTACK, block HEAP };

  Section            Kind        Address    Size  Object
  -------            ----        -------    ----  ------
"A1":                                        0x8
  .intvec            ro code  0x00000000     0x8  startup_efm32.o [1]
                            - 0x00000008     0x8

"P1":                                     0x1b0c
  .text              ro code  0x00000008   0x458  encode.o [1]
  .text              ro code  0x00000460   0x108  system_efm32tg.o [1]
  .text              ro code  0x00000568   0x192  em_timer.o [1]
  .text              ro code  0x000006fa    0x2e  copy_init3.o [5]
  .text              ro code  0x00000728   0x30c  em_cmu.o [1]
  .text              ro code  0x00000a34    0xd4  em_gpio.o [1]
  Veneer             ro code  0x00000b08     0x8  - Linker created -
  Veneer             ro code  0x00000b10     0x8  - Linker created -
  .text              ro code  0x00000b18   0x410  decode.o [1]
  .text              ro code  0x00000f28    0x56  ABImemcpy.o [5]
  .text              ro code  0x00000f7e    0x22  zero_init3.o [5]
  .text              ro code  0x00000fa0    0x1c  em_prs.o [1]
  .text              ro code  0x00000fbc    0x7a  em_acmp.o [1]
  Veneer             ro code  0x00001038     0x8  - Linker created -
  Veneer             ro code  0x00001040     0x8  - Linker created -
  Veneer             ro code  0x00001048     0x8  - Linker created -
  Veneer             ro code  0x00001050     0x8  - Linker created -
  .text              ro code  0x00001058   0x194  bootloader.o [1]
  .text              ro code  0x000011ec    0x28  usart.o [1]
  .text              ro code  0x00001214    0x74  flash.o [1]
  .text              ro code  0x00001288    0xf8  em_rmu.o [1]
  .text              ro code  0x00001380    0x44  bsp_stk_leds.o [1]
  .rodata            const    0x000013c4    0x2c  bootloader.o [1]
  .text              ro code  0x000013f0    0x2c  data_init3.o [5]
  .rodata            const    0x0000141c    0x24  bootloader.o [1]
  .iar.init_table    const    0x00001440    0x30  - Linker created -
  .rodata            const    0x00001470    0x18  decode.o [1]
  .text              ro code  0x00001488    0x16  cmain.o [5]
  .text              ro code  0x0000149e     0x4  low_level_init.o [3]
  .text              ro code  0x000014a2     0x4  exit.o [3]
  .text              ro code  0x000014a8     0xa  cexit.o [5]
  .text              ro code  0x000014b4     0xc  XXexit.o [5]
  .rodata            const    0x000014c0    0x14  bootloader.o [1]
  .rodata            const    0x000014d4    0x10  decode.o [1]
  .rodata            const    0x000014e4    0x10  encode.o [1]
  .rodata            const    0x000014f4     0xc  decode.o [1]
  .rodata            const    0x00001500     0xc  encode.o [1]
  .text              ro code  0x0000150c     0xc  cstartup_M.o [5]
  .rodata            const    0x00001518     0x8  bsp_stk_leds.o [1]
  .rodata            const    0x00001520     0x0  bwt_init3c.o [5]
  Initializer bytes  ro data  0x00001520   0x5f4  <for P2 s0>
                            - 0x00001b14  0x1b0c

Absolute sections, part 1 of 2:             0xbe
  .noinit            uninit   0x20000000    0xbc  bootloader.o [1]
  .noinit            uninit   0x200000bc     0x2  bootloader.o [1]
                            - 0x200000be    0xbe

"P2", part 1 of 4:                          0x40
  P2 s0                       0x200000c0    0x40  <Init block>
    .textrw          inited   0x200000c0    0x32  crc.o [1]
    .data            inited   0x200000f4     0xc  bootloader.o [1]
                            - 0x20000100    0x40

Absolute sections, part 2 of 2:             0x10
  .noinit            uninit   0x20000100    0x10  flash.o [1]
                            - 0x20000110    0x10

"P2", part 2 of 4:                         0x5b4
  P2 s0                       0x20000110   0x5b4  <Init block>
    Veneer           inited   0x20000110     0x8  - Linker created -
    Veneer           inited   0x20000118     0x8  - Linker created -
    .textrw          inited   0x20000120   0x128  xmodem.o [1]
    .textrw          inited   0x20000248    0xb8  flash.o [1]
    Veneer           inited   0x20000300     0x8  - Linker created -
    Veneer           inited   0x20000308     0x8  - Linker created -
    .textrw          inited   0x20000310    0x64  encode.o [1]
    Veneer           inited   0x20000374     0x8  - Linker created -
    Veneer           inited   0x2000037c     0x8  - Linker created -
    .textrw          inited   0x20000384    0x48  decode.o [1]
    .textrw          inited   0x200003cc    0x6e  usart.o [1]
    .textrw          inited   0x2000043a    0x5c  xmodem.o [1]
    .textrw          inited   0x20000498    0xb8  bootloader.o [1]
    .textrw          inited   0x20000550    0x44  debuglock.o [1]
    .textrw          inited   0x20000594    0xb4  boot.o [1]
    .textrw          inited   0x20000648    0x5c  debuglock.o [1]
    .data            inited   0x200006a4    0x18  debuglock.o [1]
    .data            inited   0x200006bc     0x4  system_efm32tg.o [1]
    .data            inited   0x200006c0     0x4  system_efm32tg.o [1]
                            - 0x200006c4   0x5b4

"P2", part 3 of 4:                         0x2f4
  .bss               zero     0x200006c4   0x110  xmodem.o [1]
  .bss               zero     0x200007d4    0xd8  decode.o [1]
  .bss               zero     0x200008ac    0xd8  encode.o [1]
  .bss               zero     0x20000984     0x8  encode.o [1]
  .bss               zero     0x2000098c     0x4  bootloader.o [1]
  .bss               zero     0x20000990     0x4  decode.o [1]
  .bss               zero     0x20000994     0x4  decode.o [1]
  .bss               zero     0x20000998     0x4  decode.o [1]
  .bss               zero     0x2000099c     0x4  decode.o [1]
  .bss               zero     0x200009a0     0x4  em_int.o [1]
  .bss               zero     0x200009a4     0x4  encode.o [1]
  .bss               zero     0x200009a8     0x4  encode.o [1]
  .bss               zero     0x200009ac     0x4  flash.o [1]
  .bss               zero     0x200009b0     0x4  system_efm32tg.o [1]
  .bss               zero     0x200009b4     0x1  decode.o [1]
  .bss               zero     0x200009b5     0x1  encode.o [1]
                            - 0x200009b6   0x2f2

"P2", part 4 of 4:                         0x400
  CSTACK                      0x200009b8   0x400  <Block>
    CSTACK           uninit   0x200009b8   0x400  <Block tail>
                            - 0x20000db8   0x400


*******************************************************************************
*** INIT TABLE
***

          Address     Size
          -------     ----
Zero (__iar_zero_init3)
    1 destination range, total size 0x2f2:
          0x200006c4  0x2f2

Copy (__iar_copy_init3)
    1 source range, total size 0x5f4:
          0x00001520  0x5f4
    2 destination ranges, total size 0x5f4:
          0x200000c0   0x40
          0x20000110  0x5b4



*******************************************************************************
*** MODULE SUMMARY
***

    Module            ro code  rw code  ro data  rw data  rw data
                                                           (abs)
    ------            -------  -------  -------  -------  -------
D:\Firmware\my-project-hihack\trunk\ my-project-hihack --username kaiser.ren@gmail.com\energymicro\an\bootloader\iar\bootloader-tg840\Debug\Obj: [1]
    boot.o                         180      180
    bootloader.o          404      184      300       16      190
    bsp_stk_leds.o         68                 8
    crc.o                           50       50
    debuglock.o                    160      184       24
    decode.o            1 040       72      124      233
    em_acmp.o             122
    em_cmu.o              780
    em_gpio.o             212
    em_int.o                                           4
    em_prs.o               28
    em_rmu.o              248
    em_timer.o            402
    encode.o            1 112      100      128      233
    flash.o               116      184      184        4       16
    startup_efm32.o         8
    system_efm32tg.o      264                 8       12
    usart.o                40      110      110
    xmodem.o                       388      388      272
    -------------------------------------------------------------
    Total:              4 844    1 428    1 664      798      206

command line: [2]
    -------------------------------------------------------------
    Total:

dl7M_tln.a: [3]
    exit.o                  4
    low_level_init.o        4
    -------------------------------------------------------------
    Total:                  8

m7M_tl.a: [4]
    -------------------------------------------------------------
    Total:

rt7M_tl.a: [5]
    ABImemcpy.o            86
    XXexit.o               12
    bwt_init3c.o
    cexit.o                10
    cmain.o                22
    copy_init3.o           46
    cstartup_M.o           12
    data_init3.o           44
    zero_init3.o           34
    -------------------------------------------------------------
    Total:                266

    Gaps                    6        2                 2
    Linker created         48       48       96    1 024
-----------------------------------------------------------------
    Grand Total:        5 172    1 478    1 760    1 824      206


*******************************************************************************
*** ENTRY LIST
***

Entry                     Address   Size  Type      Object
-----                     -------   ----  ----      ------
?main                  0x00001489         Code  Gb  cmain.o [5]
ACMP_ChannelSet        0x00000fd5   0x14  Code  Gb  em_acmp.o [1]
ACMP_Enable            0x00000fcb    0xa  Code  Gb  em_acmp.o [1]
ACMP_Init              0x00000fe9   0x4e  Code  Gb  em_acmp.o [1]
ACMP_setup             0x00000c81   0x46  Code  Lc  decode.o [1]
BITBAND_Peripheral     0x00000fbd    0xe  Code  Lc  em_acmp.o [1]
BITBAND_Peripheral     0x00000729    0xe  Code  Lc  em_cmu.o [1]
BITBAND_Peripheral     0x00001289    0xe  Code  Lc  em_rmu.o [1]
BOOT_boot              0x200005a1   0x72  Code  Gb  boot.o [1]
BOOT_jump              0x20000595    0xc  Code  Gb  boot.o [1]
BSP_LedsInit           0x00001381   0x38  Code  Gb  bsp_stk_leds.o [1]
CHIP_Init              0x000010a5    0x2  Code  Lc  bootloader.o [1]
CMU_ClockEnable        0x000007dd   0x86  Code  Gb  em_cmu.o [1]
CMU_ClockSelectGet     0x00000863   0xf2  Code  Gb  em_cmu.o [1]
CMU_FlashWaitStateControl
                       0x0000076b   0x5c  Code  Lc  em_cmu.o [1]
CMU_FlashWaitStateMax  0x00000737   0x34  Code  Lc  em_cmu.o [1]
CMU_HFRCOBandSet       0x00000955   0x9a  Code  Gb  em_cmu.o [1]
CMU_Sync               0x000007c7   0x16  Code  Lc  em_cmu.o [1]
CONFIG_UsartGpioSetup  0x00001093   0x12  Code  Lc  bootloader.o [1]
CRC_calc               0x200000c1   0x32  Code  Gb  crc.o [1]
CSTACK$$Base           0x200009b8          --   Gb  - Linker created -
CSTACK$$Limit          0x20000db8          --   Gb  - Linker created -
DEBUGLOCK_startDebugInterface
                       0x20000551   0x36  Code  Gb  debuglock.o [1]
EMU_Lock               0x00001297    0x8  Code  Lc  em_rmu.o [1]
EMU_Unlock             0x0000129f    0xa  Code  Lc  em_rmu.o [1]
FLASH_CalcPageSize     0x00001215   0x34  Code  Gb  flash.o [1]
FLASH_eraseOneBlock    0x200002a1   0x3c  Code  Gb  flash.o [1]
FLASH_init             0x00001249   0x22  Code  Gb  flash.o [1]
FLASH_writeBlock       0x20000249   0x58  Code  Gb  flash.o [1]
GPIO_PinModeSet        0x00000a35   0xcc  Code  Gb  em_gpio.o [1]
GPIO_PinOutClear       0x00000b33   0x14  Code  Lc  decode.o [1]
GPIO_PinOutSet         0x00000b47   0x14  Code  Lc  decode.o [1]
GetProdRev             0x00000461    0xa  Code  Lc  system_efm32tg.o [1]
HIJACKPutData          0x20000311   0x64  Code  Gb  encode.o [1]
HIJACK_CompareConfig   0x000000ff   0x50  Code  Lc  encode.o [1]
INT_Disable            0x00000b73   0x24  Code  Lc  decode.o [1]
INT_Disable            0x00000047   0x24  Code  Lc  encode.o [1]
INT_Enable             0x00000b97   0x2e  Code  Lc  decode.o [1]
INT_Enable             0x0000006b   0x2e  Code  Lc  encode.o [1]
INT_LockCnt            0x200009a0    0x4  Data  Gb  em_int.o [1]
IsTime2Detect          0x00000cc7   0x3a  Code  Lc  decode.o [1]
NVIC_DisableIRQ        0x00001059   0x18  Code  Lc  bootloader.o [1]
NVIC_EnableIRQ         0x00000b19   0x1a  Code  Lc  decode.o [1]
NVIC_EnableIRQ         0x00000009   0x1a  Code  Lc  encode.o [1]
NVIC_SetPriority       0x00001071   0x22  Code  Lc  bootloader.o [1]
PRS_SourceSignalSet    0x00000fa1   0x18  Code  Gb  em_prs.o [1]
RMU_ResetCauseClear    0x000012a9   0x38  Code  Gb  em_rmu.o [1]
RMU_ResetCauseGet      0x000012e1   0x8e  Code  Gb  em_rmu.o [1]
Region$$Table$$Base    0x00001440          --   Gb  - Linker created -
Region$$Table$$Limit   0x00001470          --   Gb  - Linker created -
SystemCoreClock        0x200009b0    0x4  Data  Gb  system_efm32tg.o [1]
SystemCoreClockGet     0x0000046b   0x1a  Code  Gb  system_efm32tg.o [1]
SystemCoreClockUpdate  0x00000023    0x8  Code  Lc  encode.o [1]
SystemHFClockGet       0x00000485   0xa6  Code  Gb  system_efm32tg.o [1]
SystemHFXOClock        0x200006bc    0x4  Data  Lc  system_efm32tg.o [1]
SystemLFXOClock        0x200006c0    0x4  Data  Lc  system_efm32tg.o [1]
TIMER0_IRQHandler      0x00000bc5   0x54  Code  Gb  decode.o [1]
TIMER1_IRQHandler      0x00000099   0x66  Code  Gb  encode.o [1]
TIMER_CaptureGet       0x00000b5b    0x8  Code  Lc  decode.o [1]
TIMER_CompareSet       0x0000002b    0x8  Code  Lc  encode.o [1]
TIMER_CounterSet       0x00000033    0x4  Code  Lc  encode.o [1]
TIMER_Enable           0x00000569   0x12  Code  Gb  em_timer.o [1]
TIMER_Init             0x0000057b   0xbc  Code  Gb  em_timer.o [1]
TIMER_InitCC           0x00000637   0x7e  Code  Gb  em_timer.o [1]
TIMER_IntClear         0x00000b63    0x4  Code  Lc  decode.o [1]
TIMER_IntClear         0x00000037    0x4  Code  Lc  encode.o [1]
TIMER_IntEnable        0x00000b67    0x8  Code  Lc  decode.o [1]
TIMER_IntEnable        0x0000003b    0x8  Code  Lc  encode.o [1]
TIMER_IntGet           0x00000b6f    0x4  Code  Lc  decode.o [1]
TIMER_IntGet           0x00000043    0x4  Code  Lc  encode.o [1]
TIMER_Reset            0x000006b5   0x46  Code  Gb  em_timer.o [1]
TIMER_setup            0x00000c25   0x5c  Code  Gb  decode.o [1]
USART_init             0x000011ed   0x1a  Code  Gb  usart.o [1]
USART_printHex         0x200003cd   0x3c  Code  Gb  usart.o [1]
USART_printString      0x20000425   0x16  Code  Gb  usart.o [1]
USART_txByte           0x20000409   0x12  Code  Gb  usart.o [1]
XMODEM_download        0x20000121  0x128  Code  Gb  xmodem.o [1]
XMODEM_verifyPacketChecksum
                       0x2000043b   0x5c  Code  Gb  xmodem.o [1]
_DEBUGLOCK_driveBit    0x20000649   0x5c  Code  Gb  debuglock.o [1]
_DEBUGLOCK_swData      0x200006a4   0x18  Data  Gb  debuglock.o [1]
__Vectors              0x00000000          --   Gb  startup_efm32.o [1]
__Vectors_End          0x00000008         Data  Gb  startup_efm32.o [1]
__Vectors_Size {Abs}   0x00000008          --   Gb  startup_efm32.o [1]
__aeabi_memcpy4        0x00000f29         Code  Gb  ABImemcpy.o [5]
__aeabi_memcpy8        0x00000f29         Code  Gb  ABImemcpy.o [5]
__cmain                0x00001489         Code  Gb  cmain.o [5]
__exit                 0x000014b5         Code  Gb  XXexit.o [5]
__iar_SB               0x00001520         Data  Gb  bwt_init3c.o [5]
__iar_copy_init3       0x000006fb   0x2e  Code  Gb  copy_init3.o [5]
__iar_data_init3       0x000013f1   0x2c  Code  Gb  data_init3.o [5]
__iar_program_start    0x0000150d         Code  Gb  cstartup_M.o [5]
__iar_zero_init3       0x00000f7f   0x22  Code  Gb  zero_init3.o [5]
__low_level_init       0x0000149f    0x4  Code  Gb  low_level_init.o [3]
__vector_table         0x00000000         Data  Gb  startup_efm32.o [1]
_call_main             0x00001495         Code  Gb  cmain.o [5]
_exit                  0x000014a9         Code  Gb  cexit.o [5]
_main                  0x0000149b         Code  Gb  cmain.o [5]
bootloaderCRC          0x200000bc    0x2  Data  Gb  bootloader.o [1]
commandlineLoop        0x20000499   0x9a  Code  Gb  bootloader.o [1]
cur_edge               0x200009b4    0x1  Data  Gb  decode.o [1]
cur_stamp              0x20000994    0x4  Data  Gb  decode.o [1]
dec                    0x20000990    0x4  Data  Gb  decode.o [1]
decBuf                 0x200007d4   0xd8  Data  Gb  decode.o [1]
dec_init               0x00000c19    0xc  Code  Gb  decode.o [1]
dec_parser             0x00000d01   0x5c  Code  Lc  decode.o [1]
dec_rxByte             0x20000385   0x48  Code  Gb  decode.o [1]
decode_machine         0x00000d5d  0x17a  Code  Gb  decode.o [1]
descr                  0x20000100   0x10  Data  Gb  flash.o [1]
enc                    0x20000984    0x8  Data  Lc  encode.o [1]
encBuf                 0x200008ac   0xd8  Data  Gb  encode.o [1]
encGetAmount           0x00000209   0x12  Code  Gb  encode.o [1]
encGetChar             0x0000021b   0x3a  Code  Gb  encode.o [1]
enc_delay_tmr_cnt      0x200009a4    0x4  Data  Gb  encode.o [1]
enc_init               0x0000014f   0x5e  Code  Gb  encode.o [1]
enc_machine            0x00000255  0x1d0  Code  Gb  encode.o [1]
enc_odd                0x200009b5    0x1  Data  Lc  encode.o [1]
exit                   0x000014a3    0x4  Code  Gb  exit.o [3]
findParam              0x000001ad   0x5c  Code  Gb  encode.o [1]
flashPageSize          0x200009ac    0x4  Data  Gb  flash.o [1]
generateVectorTable    0x000010a7   0x1a  Code  Gb  bootloader.o [1]
inv                    0x2000099c    0x4  Data  Lc  decode.o [1]
ledArray               0x00001518    0x8  Data  Lc  bsp_stk_leds.o [1]
main                   0x000010c1   0xd4  Code  Gb  bootloader.o [1]
offset                 0x20000998    0x4  Data  Lc  decode.o [1]
rawPacket              0x200006c4  0x110  Data  Gb  xmodem.o [1]
readyString            0x200000f4    0xc  Data  Gb  bootloader.o [1]
sys_tick               0x2000098c    0x4  Data  Gb  bootloader.o [1]
ticker                 0x200009a8    0x4  Data  Gb  encode.o [1]
vectorTable            0x20000000   0xbc  Data  Gb  bootloader.o [1]


[1] = D:\Firmware\my-project-hihack\trunk\ my-project-hihack --username kaiser.ren@gmail.com\energymicro\an\bootloader\iar\bootloader-tg840\Debug\Obj
[2] = command line
[3] = dl7M_tln.a
[4] = m7M_tl.a
[5] = rt7M_tl.a

  5 172 bytes of readonly  code memory
  1 478 bytes of readwrite code memory
  1 760 bytes of readonly  data memory
  1 824 bytes of readwrite data memory (+ 206 absolute)

Errors: none
Warnings: none
