###############################################################################
#                                                                             #
# IAR ELF Linker V5.41.0.51741/W32 for ARM              11/Dec/2012  15:50:44 #
# Copyright (C) 2007-2009 IAR Systems AB.                                     #
#                                                                             #
#    Output file  =  D:\Firmware\my-project-hihack\trunk\ my-project-hihack   #
#                    --username kaiser.ren@gmail.com\phone_simulate\build\ewa #
#                    rm_541\flash\bin\flash.out                               #
#    Map file     =  D:\Firmware\my-project-hihack\trunk\ my-project-hihack   #
#                    --username kaiser.ren@gmail.com\phone_simulate\build\ewa #
#                    rm_541\flash\obj\flash.map                               #
#    Command line =  "D:\Firmware\my-project-hihack\trunk\ my-project-hihack  #
#                    --username kaiser.ren@gmail.com\phone_simulate\build\ewa #
#                    rm_541\flash\obj\encode.o" "D:\Firmware\my-project-hihac #
#                    k\trunk\ my-project-hihack --username                    #
#                    kaiser.ren@gmail.com\phone_simulate\build\ewarm_541\flas #
#                    h\obj\main.o" "D:\Firmware\my-project-hihack\trunk\      #
#                    my-project-hihack --username                             #
#                    kaiser.ren@gmail.com\phone_simulate\libboard_sam3s-ek\li #
#                    b\libboard_sam3s_ek_ewarm_dbg.a"                         #
#                    "D:\Firmware\my-project-hihack\trunk\ my-project-hihack  #
#                    --username kaiser.ren@gmail.com\phone_simulate\libchip_s #
#                    am3s\lib\libchip_sam3s4_ewarm_dbg.a" --redirect          #
#                    _Printf=_PrintfSmall --redirect _Scanf=_ScanfSmall -o    #
#                    "D:\Firmware\my-project-hihack\trunk\ my-project-hihack  #
#                    --username kaiser.ren@gmail.com\phone_simulate\build\ewa #
#                    rm_541\flash\bin\flash.out" --map                        #
#                    "D:\Firmware\my-project-hihack\trunk\ my-project-hihack  #
#                    --username kaiser.ren@gmail.com\phone_simulate\build\ewa #
#                    rm_541\flash\obj\flash.map" --config                     #
#                    "D:\Firmware\my-project-hihack\trunk\ my-project-hihack  #
#                    --username kaiser.ren@gmail.com\phone_simulate\build\ewa #
#                    rm_541/flash.icf" --remarks --entry __iar_program_start  #
#                                                                             #
#                                                                             #
###############################################################################

*******************************************************************************
*** PLACEMENT SUMMARY
***

"A1":  place at 0x00400000 { ro section .vectors };
"P1":  place in [from 0x00400000 to 0x0043ffff] { ro };
"P2":  place in [from 0x20000000 to 0x2000bfff] {
          rw, block CSTACK, block HEAP };

  Section          Kind        Address    Size  Object
  -------          ----        -------    ----  ------
"A1":                                     0xd0
  .vectors                  0x00400000    0xd0  <Block>
    .vectors       const    0x00400000    0xd0  board_cstartup_iar.o [4]
                          - 0x004000d0    0xd0

"P1":                                   0x1942
  SOFTPACK         ro code  0x004000d0   0x464  encode.o [1]
  .text            ro code  0x00400534   0x434  xprintfsmall.o [3]
  SOFTPACK         ro code  0x00400968   0x410  main.o [1]
  SAM3S4           ro code  0x00400d78   0x19e  pio.o [5]
  SAM3S-EK         ro code  0x00400f18   0x15c  board_lowlevel.o [4]
  SAM3S4           ro code  0x00401074    0xcc  dacc.o [5]
  .rodata          const    0x00401140    0xc8  main.o [1]
  SAM3S-EK         ro code  0x00401208    0xb4  uart_console.o [4]
  .rodata          const    0x004012bc    0x80  dacc.o [5]
  .rodata          const    0x0040133c    0x80  pmc.o [5]
  SAM3S4           ro code  0x004013bc    0x78  usart.o [5]
  .text            ro code  0x00401434    0x74  xreportassert.o [3]
  SAM3S4           ro code  0x004014a8    0x6c  pmc.o [5]
  .text            ro code  0x00401514    0x58  memchr.o [6]
  SAM3S4           ro code  0x0040156c    0x4c  exceptions.o [5]
  .text            ro code  0x004015b8    0x48  xassert.o [3]
  .rodata          const    0x00401600    0x3c  main.o [1]
  SAM3S-EK         ro code  0x0040163c    0x38  board_cstartup_iar.o [4]
  .text            ro code  0x00401674    0x36  strlen.o [6]
  .rodata          const    0x004016ac    0x34  main.o [1]
  .rodata          const    0x004016e0    0x30  xreportassert.o [3]
  .rodata          const    0x00401710    0x28  main.o [1]
  .rodata          const    0x00401738    0x28  main.o [1]
  .rodata          const    0x00401760    0x24  main.o [1]
  .rodata          const    0x00401784    0x24  main.o [1]
  .iar.init_table  const    0x004017a8    0x10  - Linker created -
  .rodata          const    0x004017b8    0x20  main.o [1]
  .rodata          const    0x004017d8    0x20  main.o [1]
  .rodata          const    0x004017f8    0x20  main.o [1]
  .rodata          const    0x00401818    0x20  dacc.o [5]
  .text            ro code  0x00401838    0x20  printf.o [3]
  .text            ro code  0x00401858    0x20  data_init2.o [6]
  .rodata          const    0x00401878    0x1c  main.o [1]
  .rodata          const    0x00401894    0x1c  main.o [1]
  .rodata          const    0x004018b0    0x1c  main.o [1]
  .text            ro code  0x004018cc    0x1a  zero_init2.o [6]
  .rodata          const    0x004018e8    0x18  main.o [1]
  .rodata          const    0x00401900    0x18  main.o [1]
  .rodata          const    0x00401918    0x18  main.o [1]
  .rodata          const    0x00401930    0x18  main.o [1]
  .text            ro code  0x00401948    0x18  cmain.o [6]
  .text            ro code  0x00401960    0x16  strchr.o [6]
  .text            ro code  0x00401976    0x16  xprout.o [3]
  .rodata          const    0x0040198c     0xc  main.o [1]
  .rodata          const    0x00401998     0xc  main.o [1]
  .rodata          const    0x004019a4     0xc  main.o [1]
  .rodata          const    0x004019b0     0xc  main.o [1]
  .rodata          const    0x004019bc     0xc  uart_console.o [4]
  .rodata          const    0x004019c8     0xc  pmc.o [5]
  .text            ro code  0x004019d4     0xc  XXexit.o [6]
  .text            ro code  0x004019e0     0xa  cexit.o [6]
  .rodata          const    0x004019ec     0x8  main.o [1]
  .rodata          const    0x004019f4     0x8  xprintfsmall.o [3]
  SAM3S4           ro code  0x004019fc     0x8  wdt.o [5]
  .text            ro code  0x00401a04     0x8  abort.o [3]
  .text            ro code  0x00401a0c     0x6  exit.o [3]
                          - 0x00401a12  0x1942

"P2", part 1 of 2:                      0x3000
  CSTACK                    0x20000000  0x3000  <Block>
    CSTACK         uninit   0x20000000  0x3000  <Block tail>
                          - 0x20003000  0x3000

"P2", part 2 of 2:                        0x28
  .bss             zero     0x20003000    0x18  main.o [1]
  .bss             zero     0x20003018     0x8  encode.o [1]
  .bss             zero     0x20003020     0x2  main.o [1]
  .bss             zero     0x20003022     0x2  main.o [1]
  .bss             zero     0x20003024     0x1  main.o [1]
  .bss             zero     0x20003025     0x1  main.o [1]
  .bss             zero     0x20003026     0x1  main.o [1]
  .bss             zero     0x20003027     0x1  uart_console.o [4]
                          - 0x20003028    0x28


*******************************************************************************
*** INIT TABLE
***

          Address     Size
          -------     ----
Zero (__iar_zero_init2)
    1 destination range, total size 0x28:
          0x20003000  0x28


*******************************************************************************
*** MODULE SUMMARY
***

    Module                ro code  ro data  rw data
    ------                -------  -------  -------
D:\Firmware\my-project-hihack\trunk\ my-project-hihack --username kaiser.ren@gmail.com\phone_simulate\build\ewarm_541\flash\obj: [1]
    encode.o                1 124                 8
    main.o                  1 040      796       31
    -----------------------------------------------
    Total:                  2 164      796       39

command line: [2]
    -----------------------------------------------
    Total:

dl7M_tl_in.a: [3]
    abort.o                     8
    exit.o                      6
    printf.o                   32
    xassert.o                  72
    xprintfsmall.o          1 076        8
    xprout.o                   22
    xreportassert.o           116       48
    -----------------------------------------------
    Total:                  1 332       56

libboard_sam3s_ek_ewarm_dbg.a: [4]
    board_cstartup_iar.o       56      208
    board_lowlevel.o          348
    uart_console.o            180       12        1
    -----------------------------------------------
    Total:                    584      220        1

libchip_sam3s4_ewarm_dbg.a: [5]
    dacc.o                    204      160
    exceptions.o               76
    pio.o                     414
    pmc.o                     108      140
    usart.o                   120
    wdt.o                       8
    -----------------------------------------------
    Total:                    930      300

rt7M_tl.a: [6]
    XXexit.o                   12
    cexit.o                    10
    cmain.o                    24
    data_init2.o               32
    memchr.o                   88
    strchr.o                   22
    strlen.o                   54
    zero_init2.o               26
    -----------------------------------------------
    Total:                    268

    Gaps                        2        6
    Linker created                      16   12 288
---------------------------------------------------
    Grand Total:            5 280    1 394   12 328


*******************************************************************************
*** ENTRY LIST
***

Entry                      Address   Size  Type      Object
-----                      -------   ----  ----      ------
.vectors$$Base          0x00400000          --   Gb  - Linker created -
.vectors$$Limit         0x004000d0          --   Gb  - Linker created -
ACC_IrqHandler          0x004015b5    0x2  Code  Wk  exceptions.o [5]
ADC_IrqHandler          0x004015af    0x2  Code  Wk  exceptions.o [5]
BusFault_Handler        0x00401575    0x2  Code  Wk  exceptions.o [5]
CRCCU_IrqHandler        0x004015b3    0x2  Code  Wk  exceptions.o [5]
CSTACK$$Base            0x20000000          --   Gb  - Linker created -
CSTACK$$Limit           0x20003000          --   Gb  - Linker created -
DACC_Initialize         0x00401075   0xae  Code  Gb  dacc.o [5]
DACC_SetConversionData  0x00401131   0x10  Code  Gb  dacc.o [5]
DACC_channel_sine       0x20003024    0x1  Data  Gb  main.o [1]
DAC_IrqHandler          0x004000eb   0x8c  Code  Gb  encode.o [1]
DebugMon_Handler        0x0040157b    0x2  Code  Wk  exceptions.o [5]
EEFC_IrqHandler         0x0040158b    0x2  Code  Wk  exceptions.o [5]
HardFault_Handler       0x00401571    0x2  Code  Wk  exceptions.o [5]
IrqHandlerNotUsed       0x0040156d    0x2  Code  Gb  exceptions.o [5]
LowLevelInit            0x00400f19  0x15c  Code  Wk  board_lowlevel.o [4]
MCI_IrqHandler          0x0040159b    0x2  Code  Wk  exceptions.o [5]
MemManage_Handler       0x00401573    0x2  Code  Wk  exceptions.o [5]
NMI_Handler             0x0040156f    0x2  Code  Wk  exceptions.o [5]
NVIC_EnableIRQ          0x004000d1   0x1a  Code  Lc  encode.o [1]
NVIC_EnableIRQ          0x00400969   0x1a  Code  Lc  main.o [1]
NVIC_SetPriority        0x00400983   0x26  Code  Lc  main.o [1]
PIOA_IrqHandler         0x00401593    0x2  Code  Wk  exceptions.o [5]
PIOB_IrqHandler         0x00401595    0x2  Code  Wk  exceptions.o [5]
PIOC_IrqHandler         0x00401597    0x2  Code  Wk  exceptions.o [5]
PIO_Configure           0x00400e63   0xb4  Code  Gb  pio.o [5]
PIO_SetInput            0x00400e01   0x30  Code  Lc  pio.o [5]
PIO_SetOutput           0x00400e31   0x32  Code  Lc  pio.o [5]
PIO_SetPeripheralA      0x00400d79   0x26  Code  Lc  pio.o [5]
PIO_SetPeripheralB      0x00400d9f   0x22  Code  Lc  pio.o [5]
PIO_SetPeripheralC      0x00400dc1   0x22  Code  Lc  pio.o [5]
PIO_SetPeripheralD      0x00400de3   0x1e  Code  Lc  pio.o [5]
PMC_EnablePeripheral    0x004014a9   0x54  Code  Gb  pmc.o [5]
PMC_IrqHandler          0x00401589    0x2  Code  Wk  exceptions.o [5]
PWM_IrqHandler          0x004015b1    0x2  Code  Wk  exceptions.o [5]
PendSV_Handler          0x0040157d    0x2  Code  Wk  exceptions.o [5]
RSTC_IrqHandler         0x00401581    0x2  Code  Wk  exceptions.o [5]
RTC_IrqHandler          0x00401583    0x2  Code  Wk  exceptions.o [5]
RTT_IrqHandler          0x00401585    0x2  Code  Wk  exceptions.o [5]
Region$$Table$$Base     0x004017a8          --   Gb  - Linker created -
Region$$Table$$Limit    0x004017b8          --   Gb  - Linker created -
SMC_IrqHandler          0x00401591    0x2  Code  Wk  exceptions.o [5]
SPI_IrqHandler          0x004015a1    0x2  Code  Wk  exceptions.o [5]
SSC_IrqHandler          0x004015a3    0x2  Code  Wk  exceptions.o [5]
SUPC_IrqHandler         0x0040157f    0x2  Code  Wk  exceptions.o [5]
SVC_Handler             0x00401579    0x2  Code  Wk  exceptions.o [5]
SysTick_Config          0x004009a9   0x32  Code  Lc  main.o [1]
SysTick_Handler         0x004001e9   0x9e  Code  Gb  encode.o [1]
TC0_IrqHandler          0x00400b25    0x2  Code  Gb  main.o [1]
TC1_IrqHandler          0x004015a5    0x2  Code  Wk  exceptions.o [5]
TC2_IrqHandler          0x004015a7    0x2  Code  Wk  exceptions.o [5]
TC3_IrqHandler          0x004015a9    0x2  Code  Wk  exceptions.o [5]
TC4_IrqHandler          0x004015ab    0x2  Code  Wk  exceptions.o [5]
TC5_IrqHandler          0x004015ad    0x2  Code  Wk  exceptions.o [5]
TWI0_IrqHandler         0x0040159d    0x2  Code  Wk  exceptions.o [5]
TWI1_IrqHandler         0x0040159f    0x2  Code  Wk  exceptions.o [5]
UART0_IrqHandler        0x0040158d    0x2  Code  Wk  exceptions.o [5]
UART1_IrqHandler        0x0040158f    0x2  Code  Wk  exceptions.o [5]
UART_Configure          0x00401209   0x4c  Code  Gb  uart_console.o [4]
UART_GetChar            0x00401279   0x20  Code  Gb  uart_console.o [4]
UART_PutChar            0x00401255   0x24  Code  Gb  uart_console.o [4]
USART0_IrqHandler       0x00401599    0x2  Code  Wk  exceptions.o [5]
USART1_IrqHandler       0x00400177   0x72  Code  Gb  encode.o [1]
USART_Configure         0x004013bd   0x42  Code  Gb  usart.o [5]
USART_GetChar           0x00401429    0xc  Code  Gb  usart.o [5]
USART_SetReceiverEnabled
                        0x00401411   0x12  Code  Gb  usart.o [5]
USART_SetTransmitterEnabled
                        0x004013ff   0x12  Code  Gb  usart.o [5]
USBD_IrqHandler         0x004015b7    0x2  Code  Wk  exceptions.o [5]
UsageFault_Handler      0x00401577    0x2  Code  Wk  exceptions.o [5]
WDT_Disable             0x004019fd    0x8  Code  Gb  wdt.o [5]
WDT_IrqHandler          0x00401587    0x2  Code  Wk  exceptions.o [5]
_ConfigureUsart         0x00400287   0x3c  Code  Gb  encode.o [1]
_DisplayMenuChoices     0x00400aed   0x2e  Code  Lc  main.o [1]
_GetInputValue          0x004009db  0x112  Code  Lc  main.o [1]
_LitobSmall             0x004008b3   0xb6  Code  Lc  xprintfsmall.o [3]
_PrintfSmall            0x00400535  0x33c  Code  Gb  xprintfsmall.o [3]
_Prout                  0x00401977   0x16  Code  Gb  xprout.o [3]
__aeabi_assert          0x004015bb   0x46  Code  Gb  xassert.o [3]
__exit                  0x004019d5         Code  Gb  XXexit.o [6]
__iar_EmptyStepPoint    0x004015b9    0x2  Code  Gb  xassert.o [3]
__iar_Memchr            0x00401515         Code  Gb  memchr.o [6]
__iar_ReportAssert      0x0040144b   0x52  Code  Gb  xreportassert.o [3]
__iar_Strchr            0x00401961         Code  Gb  strchr.o [6]
__iar_data_init2        0x00401859   0x20  Code  Gb  data_init2.o [6]
__iar_program_start     0x00401949         Code  Gb  cmain.o [6]
__iar_zero_init2        0x004018cd   0x1a  Code  Gb  zero_init2.o [6]
__low_level_init        0x0040163d   0x38  Code  Gb  board_cstartup_iar.o [4]
__vector_table          0x00400000   0xd0  Data  Gb  board_cstartup_iar.o [4]
_exit                   0x004019e1         Code  Gb  cexit.o [6]
_main                   0x0040195b         Code  Gb  cmain.o [6]
_ucIsConsoleInitialized
                        0x20003027    0x1  Data  Lc  uart_console.o [4]
abort                   0x00401a05    0x8  Code  Gb  abort.o [3]
amplitude               0x20003022    0x2  Data  Gb  main.o [1]
exit                    0x00401a0d    0x6  Code  Gb  exit.o [3]
findParam               0x00400303   0x98  Code  Gb  encode.o [1]
frequency               0x20003020    0x2  Data  Gb  main.o [1]
index_sample            0x20003025    0x1  Data  Gb  main.o [1]
main                    0x00400b27  0x1b0  Code  Gb  main.o [1]
memchr                  0x00401515         Code  Gb  memchr.o [6]
mod                     0x20003018    0x8  Data  Gb  encode.o [1]
out                     0x00401435   0x16  Code  Lc  xreportassert.o [3]
pad                     0x00400875   0x3e  Code  Lc  xprintfsmall.o [3]
pins                    0x00401600   0x3c  Data  Gb  main.o [1]
printf                  0x00401839   0x20  Code  Gb  printf.o [3]
putchar                 0x004012ad   0x10  Code  Wk  uart_console.o [4]
sine_data               0x00401140   0xc8  Data  Gb  main.o [1]
state_switch            0x0040039b  0x15a  Code  Gb  encode.o [1]
strchr                  0x00401961         Code  Gb  strchr.o [6]
strlen                  0x00401675         Code  Gb  strlen.o [6]
ticker                  0x20003026    0x1  Data  Gb  main.o [1]
us1                     0x20003000   0x18  Data  Gb  main.o [1]
us1_get_char            0x004002c9   0x3a  Code  Gb  encode.o [1]
us1_get_count           0x004002c3    0x6  Code  Gb  encode.o [1]


[1] = D:\Firmware\my-project-hihack\trunk\ my-project-hihack --username kaiser.ren@gmail.com\phone_simulate\build\ewarm_541\flash\obj
[2] = command line
[3] = dl7M_tl_in.a
[4] = libboard_sam3s_ek_ewarm_dbg.a
[5] = libchip_sam3s4_ewarm_dbg.a
[6] = rt7M_tl.a

   5 280 bytes of readonly  code memory
   1 394 bytes of readonly  data memory
  12 328 bytes of readwrite data memory

Errors: none
Warnings: none
