###############################################################################
#                                                                             #
# IAR ELF Linker V5.41.0.51741/W32 for ARM              28/Dec/2012  12:06:08 #
# Copyright (C) 2007-2009 IAR Systems AB.                                     #
#                                                                             #
#    Output file  =  D:\Firmware\my-project-hihack\trunk\ my-project-hihack   #
#                    --username kaiser.ren@gmail.com\phone_simulate\build\ewa #
#                    rm_541\flash\bin\flash.out                               #
#    Map file     =  D:\Firmware\my-project-hihack\trunk\ my-project-hihack   #
#                    --username kaiser.ren@gmail.com\phone_simulate\build\ewa #
#                    rm_541\flash\obj\flash.map                               #
#    Command line =  "D:\Firmware\my-project-hihack\trunk\ my-project-hihack  #
#                    --username kaiser.ren@gmail.com\phone_simulate\build\ewa #
#                    rm_541\flash\obj\decode.o" "D:\Firmware\my-project-hihac #
#                    k\trunk\ my-project-hihack --username                    #
#                    kaiser.ren@gmail.com\phone_simulate\build\ewarm_541\flas #
#                    h\obj\encode.o" "D:\Firmware\my-project-hihack\trunk\    #
#                    my-project-hihack --username                             #
#                    kaiser.ren@gmail.com\phone_simulate\build\ewarm_541\flas #
#                    h\obj\main.o" "D:\Firmware\my-project-hihack\trunk\      #
#                    my-project-hihack --username                             #
#                    kaiser.ren@gmail.com\phone_simulate\libboard_sam3s-ek\li #
#                    b\libboard_sam3s_ek_ewarm_dbg.a"                         #
#                    "D:\Firmware\my-project-hihack\trunk\ my-project-hihack  #
#                    --username kaiser.ren@gmail.com\phone_simulate\libchip_s #
#                    am3s\lib\libchip_sam3s4_ewarm_dbg.a" --redirect          #
#                    _Printf=_PrintfSmall --redirect _Scanf=_ScanfSmall -o    #
#                    "D:\Firmware\my-project-hihack\trunk\ my-project-hihack  #
#                    --username kaiser.ren@gmail.com\phone_simulate\build\ewa #
#                    rm_541\flash\bin\flash.out" --map                        #
#                    "D:\Firmware\my-project-hihack\trunk\ my-project-hihack  #
#                    --username kaiser.ren@gmail.com\phone_simulate\build\ewa #
#                    rm_541\flash\obj\flash.map" --config                     #
#                    "D:\Firmware\my-project-hihack\trunk\ my-project-hihack  #
#                    --username kaiser.ren@gmail.com\phone_simulate\build\ewa #
#                    rm_541/flash.icf" --remarks --entry __iar_program_start  #
#                                                                             #
#                                                                             #
###############################################################################

*******************************************************************************
*** PLACEMENT SUMMARY
***

"A1":  place at 0x00400000 { ro section .vectors };
"P1":  place in [from 0x00400000 to 0x0043ffff] { ro };
"P2":  place in [from 0x20000000 to 0x2000bfff] {
          rw, block CSTACK, block HEAP };

  Section          Kind        Address    Size  Object
  -------          ----        -------    ----  ------
"A1":                                     0xd0
  .vectors                  0x00400000    0xd0  <Block>
    .vectors       const    0x00400000    0xd0  board_cstartup_iar.o [4]
                          - 0x004000d0    0xd0

"P1":                                   0x207c
  SOFTPACK         ro code  0x004000d0   0x56c  encode.o [1]
  SOFTPACK         ro code  0x0040063c   0x4dc  decode.o [1]
  SOFTPACK         ro code  0x00400b18   0x484  main.o [1]
  .text            ro code  0x00400f9c   0x434  xprintfsmall.o [3]
  SAM3S4           ro code  0x004013d0   0x1ae  pio.o [5]
  SAM3S-EK         ro code  0x00401580   0x15c  board_lowlevel.o [4]
  SAM3S4           ro code  0x004016dc    0xcc  dacc.o [5]
  .rodata          const    0x004017a8    0xc8  main.o [1]
  SAM3S-EK         ro code  0x00401870    0xb4  uart_console.o [4]
  SAM3S-EK         ro code  0x00401924    0x9c  led.o [4]
  .rodata          const    0x004019c0    0x80  pmc.o [5]
  .rodata          const    0x00401a40    0x80  dacc.o [5]
  SAM3S4           ro code  0x00401ac0    0x78  usart.o [5]
  .text            ro code  0x00401b38    0x74  xreportassert.o [3]
  SAM3S4           ro code  0x00401bac    0x6c  pmc.o [5]
  .text            ro code  0x00401c18    0x58  memchr.o [6]
  SAM3S4           ro code  0x00401c70    0x4a  exceptions.o [5]
  .text            ro code  0x00401cba    0x48  xassert.o [3]
  .rodata          const    0x00401d04    0x3c  main.o [1]
  SAM3S-EK         ro code  0x00401d40    0x38  board_cstartup_iar.o [4]
  .text            ro code  0x00401d78    0x36  strlen.o [6]
  .rodata          const    0x00401db0    0x34  main.o [1]
  .rodata          const    0x00401de4    0x30  xreportassert.o [3]
  .rodata          const    0x00401e14    0x28  main.o [1]
  .rodata          const    0x00401e3c    0x28  main.o [1]
  .rodata          const    0x00401e64    0x24  main.o [1]
  .rodata          const    0x00401e88    0x24  main.o [1]
  .rodata          const    0x00401eac    0x24  led.o [4]
  .iar.init_table  const    0x00401ed0    0x10  - Linker created -
  .rodata          const    0x00401ee0    0x20  main.o [1]
  .rodata          const    0x00401f00    0x20  main.o [1]
  .rodata          const    0x00401f20    0x20  main.o [1]
  .rodata          const    0x00401f40    0x20  dacc.o [5]
  .text            ro code  0x00401f60    0x20  printf.o [3]
  .text            ro code  0x00401f80    0x20  data_init2.o [6]
  .rodata          const    0x00401fa0    0x1c  main.o [1]
  .rodata          const    0x00401fbc    0x1c  main.o [1]
  .rodata          const    0x00401fd8    0x1c  main.o [1]
  .text            ro code  0x00401ff4    0x1a  zero_init2.o [6]
  .rodata          const    0x00402010    0x18  main.o [1]
  .rodata          const    0x00402028    0x18  main.o [1]
  .rodata          const    0x00402040    0x18  main.o [1]
  .rodata          const    0x00402058    0x18  main.o [1]
  .text            ro code  0x00402070    0x18  cmain.o [6]
  .text            ro code  0x00402088    0x16  strchr.o [6]
  .text            ro code  0x0040209e    0x16  xprout.o [3]
  .rodata          const    0x004020b4     0xc  decode.o [1]
  .rodata          const    0x004020c0     0xc  main.o [1]
  .rodata          const    0x004020cc     0xc  main.o [1]
  .rodata          const    0x004020d8     0xc  main.o [1]
  .rodata          const    0x004020e4     0xc  main.o [1]
  .rodata          const    0x004020f0     0xc  pmc.o [5]
  .rodata          const    0x004020fc     0xc  uart_console.o [4]
  .text            ro code  0x00402108     0xc  XXexit.o [6]
  .text            ro code  0x00402114     0xa  cexit.o [6]
  .rodata          const    0x00402120     0x8  main.o [1]
  .rodata          const    0x00402128     0x8  xprintfsmall.o [3]
  SAM3S4           ro code  0x00402130     0x8  wdt.o [5]
  .text            ro code  0x00402138     0x8  abort.o [3]
  .text            ro code  0x00402140     0x6  exit.o [3]
  .rodata          const    0x00402148     0x4  led.o [4]
                          - 0x0040214c  0x207c

"P2", part 1 of 2:                      0x3000
  CSTACK                    0x20000000  0x3000  <Block>
    CSTACK         uninit   0x20000000  0x3000  <Block tail>
                          - 0x20003000  0x3000

"P2", part 2 of 2:                        0x48
  .bss             zero     0x20003000    0x18  main.o [1]
  .bss             zero     0x20003018     0xc  decode.o [1]
  .bss             zero     0x20003024     0x8  encode.o [1]
  .bss             zero     0x2000302c     0x4  decode.o [1]
  .bss             zero     0x20003030     0x4  decode.o [1]
  .bss             zero     0x20003034     0x4  decode.o [1]
  .bss             zero     0x20003038     0x4  decode.o [1]
  .bss             zero     0x2000303c     0x2  main.o [1]
  .bss             zero     0x2000303e     0x2  main.o [1]
  .bss             zero     0x20003040     0x1  decode.o [1]
  .bss             zero     0x20003041     0x1  encode.o [1]
  .bss             zero     0x20003042     0x1  main.o [1]
  .bss             zero     0x20003043     0x1  main.o [1]
  .bss             zero     0x20003044     0x1  main.o [1]
  .bss             zero     0x20003045     0x1  uart_console.o [4]
                          - 0x20003046    0x46


*******************************************************************************
*** INIT TABLE
***

          Address     Size
          -------     ----
Zero (__iar_zero_init2)
    1 destination range, total size 0x46:
          0x20003000  0x46


*******************************************************************************
*** MODULE SUMMARY
***

    Module                ro code  ro data  rw data
    ------                -------  -------  -------
D:\Firmware\my-project-hihack\trunk\ my-project-hihack --username kaiser.ren@gmail.com\phone_simulate\build\ewarm_541\flash\obj: [1]
    decode.o                1 244       12       29
    encode.o                1 388                 9
    main.o                  1 156      796       31
    -----------------------------------------------
    Total:                  3 788      808       69

command line: [2]
    -----------------------------------------------
    Total:

dl7M_tl_in.a: [3]
    abort.o                     8
    exit.o                      6
    printf.o                   32
    xassert.o                  72
    xprintfsmall.o          1 076        8
    xprout.o                   22
    xreportassert.o           116       48
    -----------------------------------------------
    Total:                  1 332       56

libboard_sam3s_ek_ewarm_dbg.a: [4]
    board_cstartup_iar.o       56      208
    board_lowlevel.o          348
    led.o                     156       40
    uart_console.o            180       12        1
    -----------------------------------------------
    Total:                    740      260        1

libchip_sam3s4_ewarm_dbg.a: [5]
    dacc.o                    204      160
    exceptions.o               74
    pio.o                     430
    pmc.o                     108      140
    usart.o                   120
    wdt.o                       8
    -----------------------------------------------
    Total:                    944      300

rt7M_tl.a: [6]
    XXexit.o                   12
    cexit.o                    10
    cmain.o                    24
    data_init2.o               32
    memchr.o                   88
    strchr.o                   22
    strlen.o                   54
    zero_init2.o               26
    -----------------------------------------------
    Total:                    268

    Gaps                        2       10
    Linker created                      16   12 288
---------------------------------------------------
    Grand Total:            7 074    1 450   12 358


*******************************************************************************
*** ENTRY LIST
***

Entry                      Address   Size  Type      Object
-----                      -------   ----  ----      ------
.vectors$$Base          0x00400000          --   Gb  - Linker created -
.vectors$$Limit         0x004000d0          --   Gb  - Linker created -
ACC_IrqHandler          0x00401cb7    0x2  Code  Wk  exceptions.o [5]
ADC_IrqHandler          0x00401cb1    0x2  Code  Wk  exceptions.o [5]
BusFault_Handler        0x00401c79    0x2  Code  Wk  exceptions.o [5]
CRCCU_IrqHandler        0x00401cb5    0x2  Code  Wk  exceptions.o [5]
CSTACK$$Base            0x20000000          --   Gb  - Linker created -
CSTACK$$Limit           0x20003000          --   Gb  - Linker created -
DACC_Initialize         0x004016dd   0xae  Code  Gb  dacc.o [5]
DACC_SetConversionData  0x00401799   0x10  Code  Gb  dacc.o [5]
DACC_channel_sine       0x20003042    0x1  Data  Gb  main.o [1]
DAC_IrqHandler          0x004000eb   0x8c  Code  Gb  encode.o [1]
DebugMon_Handler        0x00401c7f    0x2  Code  Wk  exceptions.o [5]
EEFC_IrqHandler         0x00401c8f    0x2  Code  Wk  exceptions.o [5]
HardFault_Handler       0x00401c75    0x2  Code  Wk  exceptions.o [5]
IrqHandlerNotUsed       0x00401c71    0x2  Code  Gb  exceptions.o [5]
IsAbout1000us           0x00400723   0x1e  Code  Lc  decode.o [1]
IsAbout500us            0x00400705   0x1e  Code  Lc  decode.o [1]
LED_Clear               0x0040197d   0x3a  Code  Gb  led.o [4]
LED_Configure           0x00401925   0x1e  Code  Gb  led.o [4]
LED_Set                 0x00401943   0x3a  Code  Gb  led.o [4]
LowLevelInit            0x00401581  0x15c  Code  Wk  board_lowlevel.o [4]
MCI_IrqHandler          0x00401c9f    0x2  Code  Wk  exceptions.o [5]
MemManage_Handler       0x00401c77    0x2  Code  Wk  exceptions.o [5]
NMI_Handler             0x00401c73    0x2  Code  Wk  exceptions.o [5]
NVIC_ClearPendingIRQ    0x00400b4d   0x1a  Code  Lc  main.o [1]
NVIC_DisableIRQ         0x00400b33   0x1a  Code  Lc  main.o [1]
NVIC_EnableIRQ          0x004000d1   0x1a  Code  Lc  encode.o [1]
NVIC_EnableIRQ          0x00400b19   0x1a  Code  Lc  main.o [1]
NVIC_SetPriority        0x00400b67   0x26  Code  Lc  main.o [1]
PIOA_IrqHandler         0x00401c97    0x2  Code  Wk  exceptions.o [5]
PIOB_IrqHandler         0x00401c99    0x2  Code  Wk  exceptions.o [5]
PIOC_IrqHandler         0x00401c9b    0x2  Code  Wk  exceptions.o [5]
PIO_Clear               0x00401577    0x8  Code  Gb  pio.o [5]
PIO_Configure           0x004014bb   0xb4  Code  Gb  pio.o [5]
PIO_Set                 0x0040156f    0x8  Code  Gb  pio.o [5]
PIO_SetInput            0x00401459   0x30  Code  Lc  pio.o [5]
PIO_SetOutput           0x00401489   0x32  Code  Lc  pio.o [5]
PIO_SetPeripheralA      0x004013d1   0x26  Code  Lc  pio.o [5]
PIO_SetPeripheralB      0x004013f7   0x22  Code  Lc  pio.o [5]
PIO_SetPeripheralC      0x00401419   0x22  Code  Lc  pio.o [5]
PIO_SetPeripheralD      0x0040143b   0x1e  Code  Lc  pio.o [5]
PMC_EnablePeripheral    0x00401bad   0x54  Code  Gb  pmc.o [5]
PMC_IrqHandler          0x00401c8d    0x2  Code  Wk  exceptions.o [5]
PWM_IrqHandler          0x00401cb3    0x2  Code  Wk  exceptions.o [5]
PendSV_Handler          0x00401c81    0x2  Code  Wk  exceptions.o [5]
RSTC_IrqHandler         0x00401c85    0x2  Code  Wk  exceptions.o [5]
RTC_IrqHandler          0x00401c87    0x2  Code  Wk  exceptions.o [5]
RTT_IrqHandler          0x00401c89    0x2  Code  Wk  exceptions.o [5]
Region$$Table$$Base     0x00401ed0          --   Gb  - Linker created -
Region$$Table$$Limit    0x00401ee0          --   Gb  - Linker created -
SMC_IrqHandler          0x00401c95    0x2  Code  Wk  exceptions.o [5]
SPI_IrqHandler          0x00401ca5    0x2  Code  Wk  exceptions.o [5]
SSC_IrqHandler          0x00401ca7    0x2  Code  Wk  exceptions.o [5]
SUPC_IrqHandler         0x00401c83    0x2  Code  Wk  exceptions.o [5]
SVC_Handler             0x00401c7d    0x2  Code  Wk  exceptions.o [5]
SysTick_Config          0x00400b8d   0x38  Code  Lc  main.o [1]
SysTick_Handler         0x004001e9   0x70  Code  Gb  encode.o [1]
TC0_IrqHandler          0x00400d0d    0x2  Code  Gb  main.o [1]
TC1_IrqHandler          0x00401ca9    0x2  Code  Wk  exceptions.o [5]
TC2_IrqHandler          0x0040063d   0x80  Code  Gb  decode.o [1]
TC3_IrqHandler          0x00401cab    0x2  Code  Wk  exceptions.o [5]
TC4_IrqHandler          0x00401cad    0x2  Code  Wk  exceptions.o [5]
TC5_IrqHandler          0x00401caf    0x2  Code  Wk  exceptions.o [5]
TWI0_IrqHandler         0x00401ca1    0x2  Code  Wk  exceptions.o [5]
TWI1_IrqHandler         0x00401ca3    0x2  Code  Wk  exceptions.o [5]
TcCaptureInitialize     0x004006bd   0x48  Code  Gb  decode.o [1]
UART0_IrqHandler        0x00401c91    0x2  Code  Wk  exceptions.o [5]
UART1_IrqHandler        0x00401c93    0x2  Code  Wk  exceptions.o [5]
UART_Configure          0x00401871   0x4c  Code  Gb  uart_console.o [4]
UART_GetChar            0x004018e1   0x20  Code  Gb  uart_console.o [4]
UART_PutChar            0x004018bd   0x24  Code  Gb  uart_console.o [4]
USART0_IrqHandler       0x00401c9d    0x2  Code  Wk  exceptions.o [5]
USART1_IrqHandler       0x00400177   0x72  Code  Gb  encode.o [1]
USART_Configure         0x00401ac1   0x42  Code  Gb  usart.o [5]
USART_GetChar           0x00401b2d    0xc  Code  Gb  usart.o [5]
USART_SetReceiverEnabled
                        0x00401b15   0x12  Code  Gb  usart.o [5]
USART_SetTransmitterEnabled
                        0x00401b03   0x12  Code  Gb  usart.o [5]
USBD_IrqHandler         0x00401cb9    0x2  Code  Wk  exceptions.o [5]
UsageFault_Handler      0x00401c7b    0x2  Code  Wk  exceptions.o [5]
WDT_Disable             0x00402131    0x8  Code  Gb  wdt.o [5]
WDT_IrqHandler          0x00401c8b    0x2  Code  Wk  exceptions.o [5]
_ConfigureUsart         0x00400259   0x48  Code  Gb  encode.o [1]
_DisplayMenuChoices     0x00400cd7   0x2e  Code  Lc  main.o [1]
_GetInputValue          0x00400bc5  0x112  Code  Lc  main.o [1]
_LitobSmall             0x0040131b   0xb6  Code  Lc  xprintfsmall.o [3]
_PrintfSmall            0x00400f9d  0x33c  Code  Gb  xprintfsmall.o [3]
_Prout                  0x0040209f   0x16  Code  Gb  xprout.o [3]
__aeabi_assert          0x00401cbd   0x46  Code  Gb  xassert.o [3]
__exit                  0x00402109         Code  Gb  XXexit.o [6]
__iar_EmptyStepPoint    0x00401cbb    0x2  Code  Gb  xassert.o [3]
__iar_Memchr            0x00401c19         Code  Gb  memchr.o [6]
__iar_ReportAssert      0x00401b4f   0x52  Code  Gb  xreportassert.o [3]
__iar_Strchr            0x00402089         Code  Gb  strchr.o [6]
__iar_data_init2        0x00401f81   0x20  Code  Gb  data_init2.o [6]
__iar_program_start     0x00402071         Code  Gb  cmain.o [6]
__iar_zero_init2        0x00401ff5   0x1a  Code  Gb  zero_init2.o [6]
__low_level_init        0x00401d41   0x38  Code  Gb  board_cstartup_iar.o [4]
__vector_table          0x00400000   0xd0  Data  Gb  board_cstartup_iar.o [4]
_exit                   0x00402115         Code  Gb  cexit.o [6]
_main                   0x00402083         Code  Gb  cmain.o [6]
_ucIsConsoleInitialized
                        0x20003045    0x1  Data  Lc  uart_console.o [4]
abort                   0x00402139    0x8  Code  Gb  abort.o [3]
amplitude               0x2000303e    0x2  Data  Gb  main.o [1]
cur_edge                0x20003040    0x1  Data  Lc  decode.o [1]
cur_stamp               0x20003030    0x4  Data  Lc  decode.o [1]
dec                     0x20003018    0xc  Data  Gb  decode.o [1]
decode_machine          0x00400857  0x28a  Code  Gb  decode.o [1]
edge_occur              0x2000302c    0x4  Data  Gb  decode.o [1]
encode_switch           0x004003ab  0x24c  Code  Gb  encode.o [1]
exit                    0x00402141    0x6  Code  Gb  exit.o [3]
findParam               0x004002f5   0xb6  Code  Gb  encode.o [1]
findPhase               0x00400741  0x116  Code  Gb  decode.o [1]
frequency               0x2000303c    0x2  Data  Gb  main.o [1]
half_duty               0x20003038    0x4  Data  Lc  decode.o [1]
index_sample            0x20003043    0x1  Data  Gb  main.o [1]
main                    0x00400d0f  0x1e0  Code  Gb  main.o [1]
memchr                  0x00401c19         Code  Gb  memchr.o [6]
mod                     0x20003024    0x8  Data  Gb  encode.o [1]
numLeds                 0x00402148    0x4  Data  Lc  led.o [4]
odd                     0x20003034    0x4  Data  Lc  decode.o [1]
odd                     0x20003041    0x1  Data  Lc  encode.o [1]
out                     0x00401b39   0x16  Code  Lc  xreportassert.o [3]
pTcPins                 0x004020b4    0xc  Data  Lc  decode.o [1]
pad                     0x004012dd   0x3e  Code  Lc  xprintfsmall.o [3]
pins                    0x00401d04   0x3c  Data  Gb  main.o [1]
pinsLeds                0x00401eac   0x24  Data  Lc  led.o [4]
printf                  0x00401f61   0x20  Code  Gb  printf.o [3]
putchar                 0x00401915   0x10  Code  Wk  uart_console.o [4]
sine_data               0x004017a8   0xc8  Data  Gb  main.o [1]
strchr                  0x00402089         Code  Gb  strchr.o [6]
strlen                  0x00401d79         Code  Gb  strlen.o [6]
ticker                  0x20003044    0x1  Data  Gb  main.o [1]
us1                     0x20003000   0x18  Data  Gb  main.o [1]
us1_get_char            0x004002a9   0x4c  Code  Gb  encode.o [1]
us1_get_count           0x004002a1    0x8  Code  Gb  encode.o [1]


[1] = D:\Firmware\my-project-hihack\trunk\ my-project-hihack --username kaiser.ren@gmail.com\phone_simulate\build\ewarm_541\flash\obj
[2] = command line
[3] = dl7M_tl_in.a
[4] = libboard_sam3s_ek_ewarm_dbg.a
[5] = libchip_sam3s4_ewarm_dbg.a
[6] = rt7M_tl.a

   7 074 bytes of readonly  code memory
   1 450 bytes of readonly  data memory
  12 358 bytes of readwrite data memory

Errors: none
Warnings: none
