###############################################################################
#                                                                             #
# IAR ELF Linker V6.30.6.53336/W32 for ARM              08/Mar/2013  14:18:11 #
# Copyright 2007-2012 IAR Systems AB.                                         #
#                                                                             #
#    Output file  =  E:\kren\Firmware\sfone\energymicro\an\an0020_efm32_analo #
#                    g_comparator\iar\acmp_window_tg\Release\Exe\acmp_window_ #
#                    tg.out                                                   #
#    Map file     =  E:\kren\Firmware\sfone\energymicro\an\an0020_efm32_analo #
#                    g_comparator\iar\acmp_window_tg\Release\List\acmp_window #
#                    _tg.map                                                  #
#    Command line =  E:\kren\Firmware\sfone\energymicro\an\an0020_efm32_analo #
#                    g_comparator\iar\acmp_window_tg\Release\Obj\em_acmp.o    #
#                    E:\kren\Firmware\sfone\energymicro\an\an0020_efm32_analo #
#                    g_comparator\iar\acmp_window_tg\Release\Obj\em_cmu.o     #
#                    E:\kren\Firmware\sfone\energymicro\an\an0020_efm32_analo #
#                    g_comparator\iar\acmp_window_tg\Release\Obj\em_emu.o     #
#                    E:\kren\Firmware\sfone\energymicro\an\an0020_efm32_analo #
#                    g_comparator\iar\acmp_window_tg\Release\Obj\em_lcd.o     #
#                    E:\kren\Firmware\sfone\energymicro\an\an0020_efm32_analo #
#                    g_comparator\iar\acmp_window_tg\Release\Obj\em_system.o  #
#                    E:\kren\Firmware\sfone\energymicro\an\an0020_efm32_analo #
#                    g_comparator\iar\acmp_window_tg\Release\Obj\main_acmp_wi #
#                    ndow.o E:\kren\Firmware\sfone\energymicro\an\an0020_efm3 #
#                    2_analog_comparator\iar\acmp_window_tg\Release\Obj\segme #
#                    ntlcd.o E:\kren\Firmware\sfone\energymicro\an\an0020_efm #
#                    32_analog_comparator\iar\acmp_window_tg\Release\Obj\star #
#                    tup_efm32tg.o E:\kren\Firmware\sfone\energymicro\an\an00 #
#                    20_efm32_analog_comparator\iar\acmp_window_tg\Release\Ob #
#                    j\system_efm32tg.o --redirect _Printf=_PrintfFull        #
#                    --redirect _Scanf=_ScanfFull -o                          #
#                    E:\kren\Firmware\sfone\energymicro\an\an0020_efm32_analo #
#                    g_comparator\iar\acmp_window_tg\Release\Exe\acmp_window_ #
#                    tg.out --map E:\kren\Firmware\sfone\energymicro\an\an002 #
#                    0_efm32_analog_comparator\iar\acmp_window_tg\Release\Lis #
#                    t\acmp_window_tg.map --config "D:\Program Files\IAR      #
#                    Systems\Embedded Workbench 6.0\arm\config\linker\EnergyM #
#                    icro\EFM32TG840F32.icf" --entry __iar_program_start      #
#                    --inline --vfe                                           #
#                                                                             #
#                                                                             #
###############################################################################

*******************************************************************************
*** RUNTIME MODEL ATTRIBUTES
***

CppFlavor       = *
__SystemLibrary = DLib


*******************************************************************************
*** PLACEMENT SUMMARY
***

"A1":  place at 0x00000000 { ro section .intvec };
"P1":  place in [from 0x00000000 to 0x00007fff] { ro };
"P2":  place in [from 0x20000000 to 0x20000fff] { rw, block CSTACK, block HEAP };

  Section            Kind        Address   Size  Object
  -------            ----        -------   ----  ------
"A1":                                      0x9c
  .intvec            ro code  0x00000000   0x9c  startup_efm32tg.o [1]
                            - 0x0000009c   0x9c

"P1":                                     0xe10
  .text              ro code  0x0000009c  0x3a8  segmentlcd.o [1]
  .text              ro code  0x00000444  0x164  em_lcd.o [1]
  .text              ro code  0x000005a8   0x36  strlen.o [4]
  .text              ro code  0x000005de   0x2e  copy_init3.o [4]
  .text              ro code  0x0000060c  0x388  em_cmu.o [1]
  .text              ro code  0x00000994   0xd4  system_efm32tg.o [1]
  .text              ro code  0x00000a68   0xa4  em_emu.o [1]
  .text              ro code  0x00000b0c  0x1a8  main_acmp_window.o [1]
  .text              ro code  0x00000cb4   0x56  ABImemcpy.o [4]
  .text              ro code  0x00000d0a   0x22  zero_init3.o [4]
  .text              ro code  0x00000d2c   0x58  em_acmp.o [1]
  .text              ro code  0x00000d84   0x2c  data_init3.o [4]
  .iar.init_table    const    0x00000db0   0x24  - Linker created -
  .text              ro code  0x00000dd4   0x16  cmain.o [4]
  .text              ro code  0x00000dea    0x4  exit.o [3]
  .text              ro code  0x00000df0    0xa  cexit.o [4]
  .text              ro code  0x00000dfc    0xc  XXexit.o [4]
  .text              ro code  0x00000e08   0x10  startup_efm32tg.o [1]
  .text              ro code  0x00000e18    0xc  cstartup_M.o [4]
  .text              ro code  0x00000e24    0x4  startup_efm32tg.o [1]
  .text              ro code  0x00000e28    0x4  startup_efm32tg.o [1]
  .text              ro code  0x00000e2c    0x4  startup_efm32tg.o [1]
  .text              ro code  0x00000e30    0x4  startup_efm32tg.o [1]
  .text              ro code  0x00000e34    0x4  startup_efm32tg.o [1]
  .text              ro code  0x00000e38    0x4  startup_efm32tg.o [1]
  .text              ro code  0x00000e3c    0x4  startup_efm32tg.o [1]
  .text              ro code  0x00000e40    0x4  startup_efm32tg.o [1]
  .text              ro code  0x00000e44    0x4  startup_efm32tg.o [1]
  .text              ro code  0x00000e48    0x4  startup_efm32tg.o [1]
  .text              ro code  0x00000e4c    0x4  startup_efm32tg.o [1]
  .text              ro code  0x00000e50    0x4  startup_efm32tg.o [1]
  .text              ro code  0x00000e54    0x4  startup_efm32tg.o [1]
  .text              ro code  0x00000e58    0x4  startup_efm32tg.o [1]
  .text              ro code  0x00000e5c    0x4  startup_efm32tg.o [1]
  .text              ro code  0x00000e60    0x4  startup_efm32tg.o [1]
  .text              ro code  0x00000e64    0x4  startup_efm32tg.o [1]
  .text              ro code  0x00000e68    0x4  startup_efm32tg.o [1]
  .text              ro code  0x00000e6c    0x4  startup_efm32tg.o [1]
  .text              ro code  0x00000e70    0x4  startup_efm32tg.o [1]
  .text              ro code  0x00000e74    0x4  startup_efm32tg.o [1]
  .text              ro code  0x00000e78    0x4  startup_efm32tg.o [1]
  .text              ro code  0x00000e7c    0x4  startup_efm32tg.o [1]
  .text              ro code  0x00000e80    0x4  startup_efm32tg.o [1]
  .text              ro code  0x00000e84    0x4  startup_efm32tg.o [1]
  .text              ro code  0x00000e88    0x4  startup_efm32tg.o [1]
  .text              ro code  0x00000e8c    0x4  startup_efm32tg.o [1]
  .text              ro code  0x00000e90    0x4  startup_efm32tg.o [1]
  .text              ro code  0x00000e94    0x4  startup_efm32tg.o [1]
  .text              ro code  0x00000e98    0x4  startup_efm32tg.o [1]
  .text              ro code  0x00000e9c    0x4  startup_efm32tg.o [1]
  .text              ro code  0x00000ea0    0x4  startup_efm32tg.o [1]
  .rodata            const    0x00000ea4    0x0  bwt_init3c.o [4]
  Initializer bytes  ro data  0x00000ea4    0x8  <for P2 s0>
                            - 0x00000eac  0xe10

"P2", part 1 of 3:                          0x8
  P2 s0                       0x20000000    0x8  <Init block>
    .data            inited   0x20000000    0x8  system_efm32tg.o [1]
                            - 0x20000008    0x8

"P2", part 2 of 3:                         0x10
  .bss               zero     0x20000008    0x8  main_acmp_window.o [1]
  .bss               zero     0x20000010    0x4  system_efm32tg.o [1]
  .bss               zero     0x20000014    0x2  em_emu.o [1]
                            - 0x20000016    0xe

"P2", part 3 of 3:                        0x400
  CSTACK                      0x20000018  0x400  <Block>
    CSTACK           uninit   0x20000018  0x400  <Block tail>
                            - 0x20000418  0x400


*******************************************************************************
*** INIT TABLE
***

          Address     Size
          -------     ----
Zero (__iar_zero_init3)
    1 destination range, total size 0xe:
          0x20000008   0xe

Copy (__iar_copy_init3)
    1 source range, total size 0x8:
          0x00000ea4   0x8
    1 destination range, total size 0x8:
          0x20000000   0x8



*******************************************************************************
*** MODULE SUMMARY
***

    Module              ro code  ro data  rw data
    ------              -------  -------  -------
E:\kren\Firmware\sfone\energymicro\an\an0020_efm32_analog_comparator\iar\acmp_window_tg\Release\Obj: [1]
    em_acmp.o                88
    em_cmu.o                904
    em_emu.o                164                 2
    em_lcd.o                356
    main_acmp_window.o      424                 8
    segmentlcd.o            936
    startup_efm32tg.o       300
    system_efm32tg.o        212        8       12
    ---------------------------------------------
    Total:                3 384        8       22

command line: [2]
    ---------------------------------------------
    Total:

dl7M_tln.a: [3]
    exit.o                    4
    ---------------------------------------------
    Total:                    4

rt7M_tl.a: [4]
    ABImemcpy.o              86
    XXexit.o                 12
    bwt_init3c.o
    cexit.o                  10
    cmain.o                  22
    copy_init3.o             46
    cstartup_M.o             12
    data_init3.o             44
    strlen.o                 54
    zero_init3.o             34
    ---------------------------------------------
    Total:                  320

    Gaps                      4
    Linker created                    36    1 024
-------------------------------------------------
    Grand Total:          3 712       44    1 046


*******************************************************************************
*** ENTRY LIST
***

Entry                      Address   Size  Type      Object
-----                      -------   ----  ----      ------
?main                   0x00000dd5         Code  Gb  cmain.o [4]
ACMP0_IRQHandler        0x00000b7b   0x52  Code  Gb  main_acmp_window.o [1]
ACMPInit                0x00000b0d   0x6e  Code  Lc  main_acmp_window.o [1]
ACMP_ChannelSet         0x00000d2d   0x10  Code  Gb  em_acmp.o [1]
ACMP_Init               0x00000d3d   0x48  Code  Gb  em_acmp.o [1]
AComp0                  0x20000008    0x4  Data  Gb  main_acmp_window.o [1]
AComp1                  0x2000000c    0x4  Data  Gb  main_acmp_window.o [1]
ADC0_IRQHandler         0x00000e61         Code  Wk  startup_efm32tg.o [1]
AES_IRQHandler          0x00000ea1         Code  Wk  startup_efm32tg.o [1]
BusFault_Handler        0x00000e31         Code  Wk  startup_efm32tg.o [1]
CMU_ClockDivSet         0x0000067f  0x120  Code  Gb  em_cmu.o [1]
CMU_ClockEnable         0x000007a1   0x66  Code  Gb  em_cmu.o [1]
CMU_ClockSelectSet      0x00000807   0xe8  Code  Gb  em_cmu.o [1]
CMU_FlashWaitStateControl
                        0x00000633   0x4c  Code  Lc  em_cmu.o [1]
CMU_FlashWaitStateMax   0x0000060d   0x26  Code  Lc  em_cmu.o [1]
CMU_IRQHandler          0x00000e91         Code  Wk  startup_efm32tg.o [1]
CMU_LCDClkFDIVSet       0x000008ef   0x12  Code  Gb  em_cmu.o [1]
CMU_OscillatorEnable    0x00000901   0x50  Code  Gb  em_cmu.o [1]
CSTACK$$Base            0x20000018          --   Gb  - Linker created -
CSTACK$$Limit           0x20000418          --   Gb  - Linker created -
DAC0_IRQHandler         0x00000e65         Code  Wk  startup_efm32tg.o [1]
DMA_IRQHandler          0x00000e49         Code  Wk  startup_efm32tg.o [1]
DebugMon_Handler        0x00000e3d         Code  Wk  startup_efm32tg.o [1]
EFM_Alphabet            0x00000378   0xb8  Data  Lc  segmentlcd.o [1]
EFM_Display             0x00000258  0x120  Data  Lc  segmentlcd.o [1]
EMU_EnterEM2            0x00000ac7   0x28  Code  Gb  em_emu.o [1]
EMU_Restore             0x00000a69   0x5e  Code  Lc  em_emu.o [1]
EMU_UpdateOscConfig     0x00000aef    0xa  Code  Gb  em_emu.o [1]
GPIO_EVEN_IRQHandler    0x00000e4d         Code  Wk  startup_efm32tg.o [1]
GPIO_ODD_IRQHandler     0x00000e6d         Code  Wk  startup_efm32tg.o [1]
HardFault_Handler       0x00000e29         Code  Wk  startup_efm32tg.o [1]
I2C0_IRQHandler         0x00000e69         Code  Wk  startup_efm32tg.o [1]
LCD_IRQHandler          0x00000e99         Code  Wk  startup_efm32tg.o [1]
LCD_Init                0x00000445   0x34  Code  Gb  em_lcd.o [1]
LCD_SegmentRangeEnable  0x0000048f   0x12  Code  Gb  em_lcd.o [1]
LCD_SegmentSet          0x000004a5   0x54  Code  Gb  em_lcd.o [1]
LCD_SegmentSetLow       0x000004f9   0x6a  Code  Gb  em_lcd.o [1]
LCD_VBoostSet           0x00000563    0x8  Code  Gb  em_lcd.o [1]
LCD_VLCDSelect          0x00000479   0x16  Code  Gb  em_lcd.o [1]
LESENSE_IRQHandler      0x00000e7d         Code  Wk  startup_efm32tg.o [1]
LETIMER0_IRQHandler     0x00000e85         Code  Wk  startup_efm32tg.o [1]
LEUART0_IRQHandler      0x00000e81         Code  Wk  startup_efm32tg.o [1]
MSC_IRQHandler          0x00000e9d         Code  Wk  startup_efm32tg.o [1]
MemManage_Handler       0x00000e2d         Code  Wk  startup_efm32tg.o [1]
NMI_Handler             0x00000e25         Code  Wk  startup_efm32tg.o [1]
PCNT0_IRQHandler        0x00000e89         Code  Wk  startup_efm32tg.o [1]
PendSV_Handler          0x00000e41         Code  Wk  startup_efm32tg.o [1]
RTC_IRQHandler          0x00000e8d         Code  Wk  startup_efm32tg.o [1]
Region$$Table$$Base     0x00000db0          --   Gb  - Linker created -
Region$$Table$$Limit    0x00000dd4          --   Gb  - Linker created -
Reset_Handler           0x00000e09         Code  Wk  startup_efm32tg.o [1]
SVC_Handler             0x00000e39         Code  Wk  startup_efm32tg.o [1]
SegmentLCD_AllOff       0x0000015d   0x40  Code  Gb  segmentlcd.o [1]
SegmentLCD_AlphaNumberOff
                        0x0000009d   0x52  Code  Gb  segmentlcd.o [1]
SegmentLCD_Init         0x000001d3   0x6a  Code  Gb  segmentlcd.o [1]
SegmentLCD_Write        0x000000ef   0x6e  Code  Gb  segmentlcd.o [1]
SysTick_Handler         0x00000e45         Code  Wk  startup_efm32tg.o [1]
SystemCoreClock         0x20000010    0x4  Data  Gb  system_efm32tg.o [1]
SystemCoreClockGet      0x00000995   0x16  Code  Gb  system_efm32tg.o [1]
SystemHFClockGet        0x000009ab   0x82  Code  Gb  system_efm32tg.o [1]
SystemHFXOClock         0x20000000    0x4  Data  Lc  system_efm32tg.o [1]
SystemInit              0x00000a2d    0x2  Code  Gb  system_efm32tg.o [1]
SystemLFXOClock         0x20000004    0x4  Data  Lc  system_efm32tg.o [1]
TIMER0_IRQHandler       0x00000e51         Code  Wk  startup_efm32tg.o [1]
TIMER1_IRQHandler       0x00000e71         Code  Wk  startup_efm32tg.o [1]
USART0_RX_IRQHandler    0x00000e55         Code  Wk  startup_efm32tg.o [1]
USART0_TX_IRQHandler    0x00000e59         Code  Wk  startup_efm32tg.o [1]
USART1_RX_IRQHandler    0x00000e75         Code  Wk  startup_efm32tg.o [1]
USART1_TX_IRQHandler    0x00000e79         Code  Wk  startup_efm32tg.o [1]
UsageFault_Handler      0x00000e35         Code  Wk  startup_efm32tg.o [1]
VCMP_IRQHandler         0x00000e95         Code  Wk  startup_efm32tg.o [1]
__Vectors               0x00000000          --   Gb  startup_efm32tg.o [1]
__Vectors_End           0x0000009c         Data  Gb  startup_efm32tg.o [1]
__Vectors_Size {Abs}    0x0000009c          --   Gb  startup_efm32tg.o [1]
__aeabi_memcpy4         0x00000cb5         Code  Gb  ABImemcpy.o [4]
__aeabi_memcpy8         0x00000cb5         Code  Gb  ABImemcpy.o [4]
__cmain                 0x00000dd5         Code  Gb  cmain.o [4]
__exit                  0x00000dfd         Code  Gb  XXexit.o [4]
__iar_SB                0x00000ea4         Data  Gb  bwt_init3c.o [4]
__iar_copy_init3        0x000005df   0x2e  Code  Gb  copy_init3.o [4]
__iar_data_init3        0x00000d85   0x2c  Code  Gb  data_init3.o [4]
__iar_program_start     0x00000e19         Code  Gb  cstartup_M.o [4]
__iar_zero_init3        0x00000d0b   0x22  Code  Gb  zero_init3.o [4]
__vector_table          0x00000000         Data  Gb  startup_efm32tg.o [1]
__vector_table_0x1c     0x0000001c         Data  Gb  startup_efm32tg.o [1]
_call_main              0x00000de1         Code  Gb  cmain.o [4]
_exit                   0x00000df1         Code  Gb  cexit.o [4]
_main                   0x00000de7         Code  Gb  cmain.o [4]
cmuStatus               0x20000014    0x2  Data  Lc  em_emu.o [1]
exit                    0x00000deb    0x4  Code  Gb  exit.o [3]
lcdInit                 0x00000430   0x14  Data  Lc  segmentlcd.o [1]
main                    0x00000bcd   0x72  Code  Gb  main_acmp_window.o [1]
strlen                  0x000005a9         Code  Gb  strlen.o [4]


[1] = E:\kren\Firmware\sfone\energymicro\an\an0020_efm32_analog_comparator\iar\acmp_window_tg\Release\Obj
[2] = command line
[3] = dl7M_tln.a
[4] = rt7M_tl.a

  3 712 bytes of readonly  code memory
     44 bytes of readonly  data memory
  1 046 bytes of readwrite data memory

Errors: none
Warnings: none
