###############################################################################
#                                                                             #
# IAR ELF Linker V6.30.6.53336/W32 for ARM              27/Jun/2013  10:42:21 #
# Copyright 2007-2012 IAR Systems AB.                                         #
#                                                                             #
#    Output file  =  D:\Firmware\my-project-hihack\trunk\ my-project-hihack   #
#                    --username kaiser.ren@gmail.com\energymicro\kits\EFM32TG #
#                    _STK3300\examples\blink\iar\blink\Release\Exe\blink.out  #
#    Map file     =  D:\Firmware\my-project-hihack\trunk\ my-project-hihack   #
#                    --username kaiser.ren@gmail.com\energymicro\kits\EFM32TG #
#                    _STK3300\examples\blink\iar\blink\Release\List\blink.map #
#    Command line =  "D:\Firmware\my-project-hihack\trunk\ my-project-hihack  #
#                    --username kaiser.ren@gmail.com\energymicro\kits\EFM32TG #
#                    _STK3300\examples\blink\iar\blink\Release\Obj\blink.o"   #
#                    "D:\Firmware\my-project-hihack\trunk\ my-project-hihack  #
#                    --username kaiser.ren@gmail.com\energymicro\kits\EFM32TG #
#                    _STK3300\examples\blink\iar\blink\Release\Obj\bsp_stk.o" #
#                     "D:\Firmware\my-project-hihack\trunk\                   #
#                    my-project-hihack --username                             #
#                    kaiser.ren@gmail.com\energymicro\kits\EFM32TG_STK3300\ex #
#                    amples\blink\iar\blink\Release\Obj\bsp_stk_leds.o"       #
#                    "D:\Firmware\my-project-hihack\trunk\ my-project-hihack  #
#                    --username kaiser.ren@gmail.com\energymicro\kits\EFM32TG #
#                    _STK3300\examples\blink\iar\blink\Release\Obj\bsp_trace. #
#                    o" "D:\Firmware\my-project-hihack\trunk\                 #
#                    my-project-hihack --username                             #
#                    kaiser.ren@gmail.com\energymicro\kits\EFM32TG_STK3300\ex #
#                    amples\blink\iar\blink\Release\Obj\em_assert.o"          #
#                    "D:\Firmware\my-project-hihack\trunk\ my-project-hihack  #
#                    --username kaiser.ren@gmail.com\energymicro\kits\EFM32TG #
#                    _STK3300\examples\blink\iar\blink\Release\Obj\em_cmu.o"  #
#                    "D:\Firmware\my-project-hihack\trunk\ my-project-hihack  #
#                    --username kaiser.ren@gmail.com\energymicro\kits\EFM32TG #
#                    _STK3300\examples\blink\iar\blink\Release\Obj\em_emu.o"  #
#                    "D:\Firmware\my-project-hihack\trunk\ my-project-hihack  #
#                    --username kaiser.ren@gmail.com\energymicro\kits\EFM32TG #
#                    _STK3300\examples\blink\iar\blink\Release\Obj\em_gpio.o" #
#                     "D:\Firmware\my-project-hihack\trunk\                   #
#                    my-project-hihack --username                             #
#                    kaiser.ren@gmail.com\energymicro\kits\EFM32TG_STK3300\ex #
#                    amples\blink\iar\blink\Release\Obj\em_system.o"          #
#                    "D:\Firmware\my-project-hihack\trunk\ my-project-hihack  #
#                    --username kaiser.ren@gmail.com\energymicro\kits\EFM32TG #
#                    _STK3300\examples\blink\iar\blink\Release\Obj\em_usart.o #
#                    " "D:\Firmware\my-project-hihack\trunk\                  #
#                    my-project-hihack --username                             #
#                    kaiser.ren@gmail.com\energymicro\kits\EFM32TG_STK3300\ex #
#                    amples\blink\iar\blink\Release\Obj\startup_efm32tg.o"    #
#                    "D:\Firmware\my-project-hihack\trunk\ my-project-hihack  #
#                    --username kaiser.ren@gmail.com\energymicro\kits\EFM32TG #
#                    _STK3300\examples\blink\iar\blink\Release\Obj\system_efm #
#                    32tg.o" --redirect _Printf=_PrintfFull --redirect        #
#                    _Scanf=_ScanfFull -o "D:\Firmware\my-project-hihack\trun #
#                    k\ my-project-hihack --username                          #
#                    kaiser.ren@gmail.com\energymicro\kits\EFM32TG_STK3300\ex #
#                    amples\blink\iar\blink\Release\Exe\blink.out" --map      #
#                    "D:\Firmware\my-project-hihack\trunk\ my-project-hihack  #
#                    --username kaiser.ren@gmail.com\energymicro\kits\EFM32TG #
#                    _STK3300\examples\blink\iar\blink\Release\List\blink.map #
#                    " --config "D:\Firmware\my-project-hihack\trunk\         #
#                    my-project-hihack --username                             #
#                    kaiser.ren@gmail.com\energymicro\kits\EFM32TG_STK3300\ex #
#                    amples\blink\iar\..\EFM32TG840F32.icf" --entry           #
#                    __iar_program_start --inline --vfe                       #
#                                                                             #
#                                                                             #
###############################################################################

*******************************************************************************
*** RUNTIME MODEL ATTRIBUTES
***

CppFlavor       = *
__SystemLibrary = DLib


*******************************************************************************
*** PLACEMENT SUMMARY
***

"A1":  place at 0x00003000 { ro section .intvec };
"P1":  place in [from 0x00003000 to 0x00007fff] { ro };
"P2":  place in [from 0x20000000 to 0x20000fff] { rw, block CSTACK, block HEAP };

  Section            Kind        Address   Size  Object
  -------            ----        -------   ----  ------
"A1":                                      0x9c
  .intvec            ro code  0x00003000   0x9c  startup_efm32tg.o [1]
                            - 0x0000309c   0x9c

"P1":                                     0x77c
  .text              ro code  0x0000309c  0x3ac  em_cmu.o [1]
  .text              ro code  0x00003448   0xe4  system_efm32tg.o [1]
  .text              ro code  0x0000352c    0x2  em_assert.o [1]
  .text              ro code  0x0000352e   0x2e  copy_init3.o [4]
  .text              ro code  0x0000355c   0xec  em_gpio.o [1]
  .text              ro code  0x00003648   0x44  bsp_stk_leds.o [1]
  .text              ro code  0x0000368c   0x40  blink.o [1]
  .text              ro code  0x000036cc   0x2c  data_init3.o [4]
  .text              ro code  0x000036f8   0x22  zero_init3.o [4]
  .iar.init_table    const    0x0000371c   0x24  - Linker created -
  .text              ro code  0x00003740   0x16  cmain.o [4]
  .text              ro code  0x00003756    0x4  exit.o [3]
  .text              ro code  0x0000375c    0xa  cexit.o [4]
  .text              ro code  0x00003768    0xc  XXexit.o [4]
  .text              ro code  0x00003774   0x10  startup_efm32tg.o [1]
  .text              ro code  0x00003784    0xc  cstartup_M.o [4]
  .text              ro code  0x00003790    0x4  startup_efm32tg.o [1]
  .text              ro code  0x00003794    0x4  startup_efm32tg.o [1]
  .text              ro code  0x00003798    0x4  startup_efm32tg.o [1]
  .text              ro code  0x0000379c    0x4  startup_efm32tg.o [1]
  .text              ro code  0x000037a0    0x4  startup_efm32tg.o [1]
  .text              ro code  0x000037a4    0x4  startup_efm32tg.o [1]
  .text              ro code  0x000037a8    0x4  startup_efm32tg.o [1]
  .text              ro code  0x000037ac    0x4  startup_efm32tg.o [1]
  .text              ro code  0x000037b0    0x4  startup_efm32tg.o [1]
  .text              ro code  0x000037b4    0x4  startup_efm32tg.o [1]
  .text              ro code  0x000037b8    0x4  startup_efm32tg.o [1]
  .text              ro code  0x000037bc    0x4  startup_efm32tg.o [1]
  .text              ro code  0x000037c0    0x4  startup_efm32tg.o [1]
  .text              ro code  0x000037c4    0x4  startup_efm32tg.o [1]
  .text              ro code  0x000037c8    0x4  startup_efm32tg.o [1]
  .text              ro code  0x000037cc    0x4  startup_efm32tg.o [1]
  .text              ro code  0x000037d0    0x4  startup_efm32tg.o [1]
  .text              ro code  0x000037d4    0x4  startup_efm32tg.o [1]
  .text              ro code  0x000037d8    0x4  startup_efm32tg.o [1]
  .text              ro code  0x000037dc    0x4  startup_efm32tg.o [1]
  .text              ro code  0x000037e0    0x4  startup_efm32tg.o [1]
  .text              ro code  0x000037e4    0x4  startup_efm32tg.o [1]
  .text              ro code  0x000037e8    0x4  startup_efm32tg.o [1]
  .text              ro code  0x000037ec    0x4  startup_efm32tg.o [1]
  .text              ro code  0x000037f0    0x4  startup_efm32tg.o [1]
  .text              ro code  0x000037f4    0x4  startup_efm32tg.o [1]
  .text              ro code  0x000037f8    0x4  startup_efm32tg.o [1]
  .text              ro code  0x000037fc    0x4  startup_efm32tg.o [1]
  .text              ro code  0x00003800    0x4  startup_efm32tg.o [1]
  .text              ro code  0x00003804    0x4  startup_efm32tg.o [1]
  .text              ro code  0x00003808    0x4  startup_efm32tg.o [1]
  .text              ro code  0x0000380c    0x4  startup_efm32tg.o [1]
  .rodata            const    0x00003810    0x0  bwt_init3c.o [4]
  Initializer bytes  ro data  0x00003810    0x8  <for P2 s0>
                            - 0x00003818  0x77c

"P2", part 1 of 3:                          0x8
  P2 s0                       0x20000000    0x8  <Init block>
    .data            inited   0x20000000    0x8  system_efm32tg.o [1]
                            - 0x20000008    0x8

"P2", part 2 of 3:                          0x8
  .bss               zero     0x20000008    0x4  system_efm32tg.o [1]
                            - 0x2000000c    0x4

"P2", part 3 of 3:                        0x400
  CSTACK                      0x20000010  0x400  <Block>
    CSTACK           uninit   0x20000010  0x400  <Block tail>
                            - 0x20000410  0x400


*******************************************************************************
*** INIT TABLE
***

          Address     Size
          -------     ----
Zero (__iar_zero_init3)
    1 destination range, total size 0x4:
          0x20000008   0x4

Copy (__iar_copy_init3)
    1 source range, total size 0x8:
          0x00003810   0x8
    1 destination range, total size 0x8:
          0x20000000   0x8



*******************************************************************************
*** MODULE SUMMARY
***

    Module             ro code  ro data  rw data
    ------             -------  -------  -------
D:\Firmware\my-project-hihack\trunk\ my-project-hihack --username kaiser.ren@gmail.com\energymicro\kits\EFM32TG_STK3300\examples\blink\iar\blink\Release\Obj: [1]
    blink.o                 64
    bsp_stk_leds.o          68
    em_assert.o              2
    em_cmu.o               940
    em_gpio.o              236
    startup_efm32tg.o      300
    system_efm32tg.o       228        8       12
    --------------------------------------------
    Total:               1 838        8       12

command line: [2]
    --------------------------------------------
    Total:

dl7M_tln.a: [3]
    exit.o                   4
    --------------------------------------------
    Total:                   4

rt7M_tl.a: [4]
    XXexit.o                12
    bwt_init3c.o
    cexit.o                 10
    cmain.o                 22
    copy_init3.o            46
    cstartup_M.o            12
    data_init3.o            44
    zero_init3.o            34
    --------------------------------------------
    Total:                 180

    Gaps                     4        2
    Linker created                   36    1 024
------------------------------------------------
    Grand Total:         2 026       46    1 036


*******************************************************************************
*** ENTRY LIST
***

Entry                    Address   Size  Type      Object
-----                    -------   ----  ----      ------
?main                 0x00003741         Code  Gb  cmain.o [4]
ACMP0_IRQHandler      0x000037c9         Code  Wk  startup_efm32tg.o [1]
ADC0_IRQHandler       0x000037cd         Code  Wk  startup_efm32tg.o [1]
AES_IRQHandler        0x0000380d         Code  Wk  startup_efm32tg.o [1]
BSP_LedToggle         0x00003679    0x8  Code  Gb  bsp_stk_leds.o [1]
BSP_LedsInit          0x00003649   0x22  Code  Gb  bsp_stk_leds.o [1]
BusFault_Handler      0x0000379d         Code  Wk  startup_efm32tg.o [1]
CMU_AUXClkGet         0x000030b9   0x54  Code  Lc  em_cmu.o [1]
CMU_ClockEnable       0x00003169   0x6a  Code  Gb  em_cmu.o [1]
CMU_ClockFreqGet      0x000031df  0x112  Code  Gb  em_cmu.o [1]
CMU_ClockSelectGet    0x000032f5   0xa8  Code  Gb  em_cmu.o [1]
CMU_DivToLog2         0x0000309d   0x1c  Code  Lc  em_cmu.o [1]
CMU_IRQHandler        0x000037fd         Code  Wk  startup_efm32tg.o [1]
CMU_LFClkGet          0x0000310d   0x5c  Code  Lc  em_cmu.o [1]
CSTACK$$Base          0x20000010          --   Gb  - Linker created -
CSTACK$$Limit         0x20000410          --   Gb  - Linker created -
DAC0_IRQHandler       0x000037d1         Code  Wk  startup_efm32tg.o [1]
DMA_IRQHandler        0x000037b5         Code  Wk  startup_efm32tg.o [1]
DebugMon_Handler      0x000037a9         Code  Wk  startup_efm32tg.o [1]
GPIO_EVEN_IRQHandler  0x000037b9         Code  Wk  startup_efm32tg.o [1]
GPIO_ODD_IRQHandler   0x000037d9         Code  Wk  startup_efm32tg.o [1]
GPIO_PinModeSet       0x00003565   0x66  Code  Gb  em_gpio.o [1]
HardFault_Handler     0x00003795         Code  Wk  startup_efm32tg.o [1]
I2C0_IRQHandler       0x000037d5         Code  Wk  startup_efm32tg.o [1]
LCD_IRQHandler        0x00003805         Code  Wk  startup_efm32tg.o [1]
LESENSE_IRQHandler    0x000037e9         Code  Wk  startup_efm32tg.o [1]
LETIMER0_IRQHandler   0x000037f1         Code  Wk  startup_efm32tg.o [1]
LEUART0_IRQHandler    0x000037ed         Code  Wk  startup_efm32tg.o [1]
MSC_IRQHandler        0x00003809         Code  Wk  startup_efm32tg.o [1]
MemManage_Handler     0x00003799         Code  Wk  startup_efm32tg.o [1]
NMI_Handler           0x00003791         Code  Wk  startup_efm32tg.o [1]
PCNT0_IRQHandler      0x000037f5         Code  Wk  startup_efm32tg.o [1]
PendSV_Handler        0x000037ad         Code  Wk  startup_efm32tg.o [1]
RTC_IRQHandler        0x000037f9         Code  Wk  startup_efm32tg.o [1]
Region$$Table$$Base   0x0000371c          --   Gb  - Linker created -
Region$$Table$$Limit  0x00003740          --   Gb  - Linker created -
Reset_Handler         0x00003775         Code  Wk  startup_efm32tg.o [1]
SVC_Handler           0x000037a5         Code  Wk  startup_efm32tg.o [1]
SysTick_Handler       0x0000368d    0x6  Code  Gb  blink.o [1]
SystemCoreClock       0x20000008    0x4  Data  Gb  system_efm32tg.o [1]
SystemCoreClockGet    0x00003449   0x16  Code  Gb  system_efm32tg.o [1]
SystemHFClockGet      0x0000345f   0x82  Code  Gb  system_efm32tg.o [1]
SystemHFXOClock       0x20000000    0x4  Data  Lc  system_efm32tg.o [1]
SystemInit            0x000034e1    0x2  Code  Gb  system_efm32tg.o [1]
SystemLFRCOClockGet   0x000034e3    0x2  Code  Gb  system_efm32tg.o [1]
SystemLFXOClock       0x20000004    0x4  Data  Lc  system_efm32tg.o [1]
SystemLFXOClockGet    0x000034f1    0x6  Code  Gb  system_efm32tg.o [1]
SystemULFRCOClockGet  0x000034eb    0x6  Code  Gb  system_efm32tg.o [1]
TIMER0_IRQHandler     0x000037bd         Code  Wk  startup_efm32tg.o [1]
TIMER1_IRQHandler     0x000037dd         Code  Wk  startup_efm32tg.o [1]
USART0_RX_IRQHandler  0x000037c1         Code  Wk  startup_efm32tg.o [1]
USART0_TX_IRQHandler  0x000037c5         Code  Wk  startup_efm32tg.o [1]
USART1_RX_IRQHandler  0x000037e1         Code  Wk  startup_efm32tg.o [1]
USART1_TX_IRQHandler  0x000037e5         Code  Wk  startup_efm32tg.o [1]
UsageFault_Handler    0x000037a1         Code  Wk  startup_efm32tg.o [1]
VCMP_IRQHandler       0x00003801         Code  Wk  startup_efm32tg.o [1]
__Vectors             0x00003000          --   Gb  startup_efm32tg.o [1]
__Vectors_End         0x0000309c         Data  Gb  startup_efm32tg.o [1]
__Vectors_Size {Abs}  0x0000009c          --   Gb  startup_efm32tg.o [1]
__cmain               0x00003741         Code  Gb  cmain.o [4]
__exit                0x00003769         Code  Gb  XXexit.o [4]
__iar_SB              0x00003810         Data  Gb  bwt_init3c.o [4]
__iar_copy_init3      0x0000352f   0x2e  Code  Gb  copy_init3.o [4]
__iar_data_init3      0x000036cd   0x2c  Code  Gb  data_init3.o [4]
__iar_program_start   0x00003785         Code  Gb  cstartup_M.o [4]
__iar_zero_init3      0x000036f9   0x22  Code  Gb  zero_init3.o [4]
__vector_table        0x00003000         Data  Gb  startup_efm32tg.o [1]
__vector_table_0x1c   0x0000301c         Data  Gb  startup_efm32tg.o [1]
_call_main            0x0000374d         Code  Gb  cmain.o [4]
_exit                 0x0000375d         Code  Gb  cexit.o [4]
_main                 0x00003753         Code  Gb  cmain.o [4]
assertEFM             0x0000352d    0x2  Code  Gb  em_assert.o [1]
exit                  0x00003757    0x4  Code  Gb  exit.o [3]
main                  0x00003693   0x2e  Code  Gb  blink.o [1]


[1] = D:\Firmware\my-project-hihack\trunk\ my-project-hihack --username kaiser.ren@gmail.com\energymicro\kits\EFM32TG_STK3300\examples\blink\iar\blink\Release\Obj
[2] = command line
[3] = dl7M_tln.a
[4] = rt7M_tl.a

  2 026 bytes of readonly  code memory
     46 bytes of readonly  data memory
  1 036 bytes of readwrite data memory

Errors: none
Warnings: none
