###############################################################################
#                                                                             #
# IAR ELF Linker V6.30.6.53336/W32 for ARM              20/Mar/2013  10:55:25 #
# Copyright 2007-2012 IAR Systems AB.                                         #
#                                                                             #
#    Output file  =  D:\Firmware\my-project-hihack\trunk\ my-project-hihack   #
#                    --username kaiser.ren@gmail.com\energymicro\an\an0020_ef #
#                    m32_analog_comparator\iar\acmp_int_tg\Debug\Exe\acmp_int #
#                    _tg.out                                                  #
#    Map file     =  D:\Firmware\my-project-hihack\trunk\ my-project-hihack   #
#                    --username kaiser.ren@gmail.com\energymicro\an\an0020_ef #
#                    m32_analog_comparator\iar\acmp_int_tg\Debug\List\acmp_in #
#                    t_tg.map                                                 #
#    Command line =  "D:\Firmware\my-project-hihack\trunk\ my-project-hihack  #
#                    --username kaiser.ren@gmail.com\energymicro\an\an0020_ef #
#                    m32_analog_comparator\iar\acmp_int_tg\Debug\Obj\em_acmp. #
#                    o" "D:\Firmware\my-project-hihack\trunk\                 #
#                    my-project-hihack --username                             #
#                    kaiser.ren@gmail.com\energymicro\an\an0020_efm32_analog_ #
#                    comparator\iar\acmp_int_tg\Debug\Obj\em_cmu.o"           #
#                    "D:\Firmware\my-project-hihack\trunk\ my-project-hihack  #
#                    --username kaiser.ren@gmail.com\energymicro\an\an0020_ef #
#                    m32_analog_comparator\iar\acmp_int_tg\Debug\Obj\em_emu.o #
#                    " "D:\Firmware\my-project-hihack\trunk\                  #
#                    my-project-hihack --username                             #
#                    kaiser.ren@gmail.com\energymicro\an\an0020_efm32_analog_ #
#                    comparator\iar\acmp_int_tg\Debug\Obj\em_lcd.o"           #
#                    "D:\Firmware\my-project-hihack\trunk\ my-project-hihack  #
#                    --username kaiser.ren@gmail.com\energymicro\an\an0020_ef #
#                    m32_analog_comparator\iar\acmp_int_tg\Debug\Obj\em_syste #
#                    m.o" "D:\Firmware\my-project-hihack\trunk\               #
#                    my-project-hihack --username                             #
#                    kaiser.ren@gmail.com\energymicro\an\an0020_efm32_analog_ #
#                    comparator\iar\acmp_int_tg\Debug\Obj\main_acmp_int.o"    #
#                    "D:\Firmware\my-project-hihack\trunk\ my-project-hihack  #
#                    --username kaiser.ren@gmail.com\energymicro\an\an0020_ef #
#                    m32_analog_comparator\iar\acmp_int_tg\Debug\Obj\segmentl #
#                    cd.o" "D:\Firmware\my-project-hihack\trunk\              #
#                    my-project-hihack --username                             #
#                    kaiser.ren@gmail.com\energymicro\an\an0020_efm32_analog_ #
#                    comparator\iar\acmp_int_tg\Debug\Obj\startup_efm32tg.o"  #
#                    "D:\Firmware\my-project-hihack\trunk\ my-project-hihack  #
#                    --username kaiser.ren@gmail.com\energymicro\an\an0020_ef #
#                    m32_analog_comparator\iar\acmp_int_tg\Debug\Obj\system_e #
#                    fm32tg.o" --redirect _Printf=_PrintfFull --redirect      #
#                    _Scanf=_ScanfFull -o "D:\Firmware\my-project-hihack\trun #
#                    k\ my-project-hihack --username                          #
#                    kaiser.ren@gmail.com\energymicro\an\an0020_efm32_analog_ #
#                    comparator\iar\acmp_int_tg\Debug\Exe\acmp_int_tg.out"    #
#                    --map "D:\Firmware\my-project-hihack\trunk\              #
#                    my-project-hihack --username                             #
#                    kaiser.ren@gmail.com\energymicro\an\an0020_efm32_analog_ #
#                    comparator\iar\acmp_int_tg\Debug\List\acmp_int_tg.map"   #
#                    --config "D:\Firmware\my-project-hihack\trunk\           #
#                    my-project-hihack --username                             #
#                    kaiser.ren@gmail.com\energymicro\an\an0020_efm32_analog_ #
#                    comparator\iar\..\EFM32TG840F32.icf" --entry             #
#                    __iar_program_start --vfe                                #
#                                                                             #
#                                                                             #
###############################################################################

*******************************************************************************
*** RUNTIME MODEL ATTRIBUTES
***

CppFlavor       = *
__SystemLibrary = DLib


*******************************************************************************
*** PLACEMENT SUMMARY
***

"A1":  place at 0x00003000 { ro section .intvec };
"P1":  place in [from 0x00003000 to 0x00007fff] { ro };
"P2":  place in [from 0x20000000 to 0x20000fff] { rw, block CSTACK, block HEAP };

  Section            Kind        Address    Size  Object
  -------            ----        -------    ----  ------
"A1":                                       0x9c
  .intvec            ro code  0x00003000    0x9c  startup_efm32tg.o [1]
                            - 0x0000309c    0x9c

"P1":                                     0x10c4
  .text              ro code  0x0000309c   0x53c  em_cmu.o [1]
  .text              ro code  0x000035d8   0x108  system_efm32tg.o [1]
  .text              ro code  0x000036e0    0xf4  em_emu.o [1]
  .text              ro code  0x000037d4   0x28c  segmentlcd.o [1]
  .text              ro code  0x00003a60     0x8  abs.o [3]
  .text              ro code  0x00003a68   0x26c  em_lcd.o [1]
  .rodata            const    0x00003cd4   0x120  segmentlcd.o [1]
  .text              ro code  0x00003df4    0xd8  main_acmp_int.o [1]
  .text              ro code  0x00003ecc    0x56  ABImemcpy.o [4]
  .text              ro code  0x00003f22    0x2e  copy_init3.o [4]
  .text              ro code  0x00003f50    0x70  em_acmp.o [1]
  .text              ro code  0x00003fc0    0x2c  data_init3.o [4]
  .rodata            const    0x00003fec    0x24  segmentlcd.o [1]
  .text              ro code  0x00004010    0x22  zero_init3.o [4]
  .rodata            const    0x00004032     0x2  segmentlcd.o [1]
  .iar.init_table    const    0x00004034    0x24  - Linker created -
  .rodata            const    0x00004058    0x18  main_acmp_int.o [1]
  .text              ro code  0x00004070    0x16  cmain.o [4]
  .text              ro code  0x00004086     0x4  low_level_init.o [3]
  .text              ro code  0x0000408a     0x4  exit.o [3]
  .text              ro code  0x00004090     0xa  cexit.o [4]
  .text              ro code  0x0000409c     0xc  XXexit.o [4]
  .rodata            const    0x000040a8    0x14  segmentlcd.o [1]
  .text              ro code  0x000040bc    0x10  startup_efm32tg.o [1]
  .text              ro code  0x000040cc     0xc  cstartup_M.o [4]
  .text              ro code  0x000040d8     0x4  startup_efm32tg.o [1]
  .text              ro code  0x000040dc     0x4  startup_efm32tg.o [1]
  .text              ro code  0x000040e0     0x4  startup_efm32tg.o [1]
  .text              ro code  0x000040e4     0x4  startup_efm32tg.o [1]
  .text              ro code  0x000040e8     0x4  startup_efm32tg.o [1]
  .text              ro code  0x000040ec     0x4  startup_efm32tg.o [1]
  .text              ro code  0x000040f0     0x4  startup_efm32tg.o [1]
  .text              ro code  0x000040f4     0x4  startup_efm32tg.o [1]
  .text              ro code  0x000040f8     0x4  startup_efm32tg.o [1]
  .text              ro code  0x000040fc     0x4  startup_efm32tg.o [1]
  .text              ro code  0x00004100     0x4  startup_efm32tg.o [1]
  .text              ro code  0x00004104     0x4  startup_efm32tg.o [1]
  .text              ro code  0x00004108     0x4  startup_efm32tg.o [1]
  .text              ro code  0x0000410c     0x4  startup_efm32tg.o [1]
  .text              ro code  0x00004110     0x4  startup_efm32tg.o [1]
  .text              ro code  0x00004114     0x4  startup_efm32tg.o [1]
  .text              ro code  0x00004118     0x4  startup_efm32tg.o [1]
  .text              ro code  0x0000411c     0x4  startup_efm32tg.o [1]
  .text              ro code  0x00004120     0x4  startup_efm32tg.o [1]
  .text              ro code  0x00004124     0x4  startup_efm32tg.o [1]
  .text              ro code  0x00004128     0x4  startup_efm32tg.o [1]
  .text              ro code  0x0000412c     0x4  startup_efm32tg.o [1]
  .text              ro code  0x00004130     0x4  startup_efm32tg.o [1]
  .text              ro code  0x00004134     0x4  startup_efm32tg.o [1]
  .text              ro code  0x00004138     0x4  startup_efm32tg.o [1]
  .text              ro code  0x0000413c     0x4  startup_efm32tg.o [1]
  .text              ro code  0x00004140     0x4  startup_efm32tg.o [1]
  .text              ro code  0x00004144     0x4  startup_efm32tg.o [1]
  .text              ro code  0x00004148     0x4  startup_efm32tg.o [1]
  .text              ro code  0x0000414c     0x4  startup_efm32tg.o [1]
  .text              ro code  0x00004150     0x4  startup_efm32tg.o [1]
  .text              ro code  0x00004154     0x4  startup_efm32tg.o [1]
  .rodata            const    0x00004158     0x0  bwt_init3c.o [4]
  Initializer bytes  ro data  0x00004158     0x8  <for P2 s0>
                            - 0x00004160  0x10c4

"P2", part 1 of 3:                           0x8
  P2 s0                       0x20000000     0x8  <Init block>
    .data            inited   0x20000000     0x4  system_efm32tg.o [1]
    .data            inited   0x20000004     0x4  system_efm32tg.o [1]
                            - 0x20000008     0x8

"P2", part 2 of 3:                           0x8
  .bss               zero     0x20000008     0x4  system_efm32tg.o [1]
  .bss               zero     0x2000000c     0x2  em_emu.o [1]
                            - 0x2000000e     0x6

"P2", part 3 of 3:                         0x400
  CSTACK                      0x20000010   0x400  <Block>
    CSTACK           uninit   0x20000010   0x400  <Block tail>
                            - 0x20000410   0x400


*******************************************************************************
*** INIT TABLE
***

          Address     Size
          -------     ----
Zero (__iar_zero_init3)
    1 destination range, total size 0x6:
          0x20000008   0x6

Copy (__iar_copy_init3)
    1 source range, total size 0x8:
          0x00004158   0x8
    1 destination range, total size 0x8:
          0x20000000   0x8



*******************************************************************************
*** MODULE SUMMARY
***

    Module             ro code  ro data  rw data
    ------             -------  -------  -------
D:\Firmware\my-project-hihack\trunk\ my-project-hihack --username kaiser.ren@gmail.com\energymicro\an\an0020_efm32_analog_comparator\iar\acmp_int_tg\Debug\Obj: [1]
    em_acmp.o              112
    em_cmu.o             1 340
    em_emu.o               244                 2
    em_lcd.o               620
    main_acmp_int.o        216       24
    segmentlcd.o           652      346
    startup_efm32tg.o      300
    system_efm32tg.o       264        8       12
    --------------------------------------------
    Total:               3 748      378       14

command line: [2]
    --------------------------------------------
    Total:

dl7M_tln.a: [3]
    abs.o                    8
    exit.o                   4
    low_level_init.o         4
    --------------------------------------------
    Total:                  16

rt7M_tl.a: [4]
    ABImemcpy.o             86
    XXexit.o                12
    bwt_init3c.o
    cexit.o                 10
    cmain.o                 22
    copy_init3.o            46
    cstartup_M.o            12
    data_init3.o            44
    zero_init3.o            34
    --------------------------------------------
    Total:                 266

    Gaps                     4
    Linker created                   36    1 024
------------------------------------------------
    Grand Total:         4 034      414    1 038


*******************************************************************************
*** ENTRY LIST
***

Entry                      Address   Size  Type      Object
-----                      -------   ----  ----      ------
?main                   0x00004071         Code  Gb  cmain.o [4]
ACMP0_IRQHandler        0x00003e6f   0x16  Code  Gb  main_acmp_int.o [1]
ACMPInit                0x00003e2f   0x40  Code  Lc  main_acmp_int.o [1]
ACMP_ChannelSet         0x00003f5f   0x14  Code  Gb  em_acmp.o [1]
ACMP_Init               0x00003f73   0x4e  Code  Gb  em_acmp.o [1]
ACMP_IntEnable          0x00003e27    0x8  Code  Lc  main_acmp_int.o [1]
ADC0_IRQHandler         0x00004115         Code  Wk  startup_efm32tg.o [1]
AES_IRQHandler          0x00004155         Code  Wk  startup_efm32tg.o [1]
BITBAND_Peripheral      0x00003f51    0xe  Code  Lc  em_acmp.o [1]
BITBAND_Peripheral      0x0000309d    0xe  Code  Lc  em_cmu.o [1]
BITBAND_Peripheral      0x00003a93    0xe  Code  Lc  em_lcd.o [1]
BusFault_Handler        0x000040e5         Code  Wk  startup_efm32tg.o [1]
CHIP_Init               0x00003e25    0x2  Code  Lc  main_acmp_int.o [1]
CMU_ClockDivSet         0x0000315f  0x158  Code  Gb  em_cmu.o [1]
CMU_ClockEnable         0x000032b7   0x86  Code  Gb  em_cmu.o [1]
CMU_ClockSelectSet      0x0000333d  0x176  Code  Gb  em_cmu.o [1]
CMU_DivToLog2           0x000030df    0xe  Code  Lc  em_cmu.o [1]
CMU_FlashWaitStateControl
                        0x000030ed   0x5c  Code  Lc  em_cmu.o [1]
CMU_FlashWaitStateMax   0x000030ab   0x34  Code  Lc  em_cmu.o [1]
CMU_IRQHandler          0x00004145         Code  Wk  startup_efm32tg.o [1]
CMU_LCDClkFDIVSet       0x000034b3   0x1c  Code  Gb  em_cmu.o [1]
CMU_Lock                0x000036e9    0x8  Code  Lc  em_emu.o [1]
CMU_OscillatorEnable    0x000034cf   0x9c  Code  Gb  em_cmu.o [1]
CMU_Sync                0x00003149   0x16  Code  Lc  em_cmu.o [1]
CMU_Unlock              0x000036f1    0xa  Code  Lc  em_emu.o [1]
CSTACK$$Base            0x20000010          --   Gb  - Linker created -
CSTACK$$Limit           0x20000410          --   Gb  - Linker created -
DAC0_IRQHandler         0x00004119         Code  Wk  startup_efm32tg.o [1]
DMA_IRQHandler          0x000040fd         Code  Wk  startup_efm32tg.o [1]
DebugMon_Handler        0x000040f1         Code  Wk  startup_efm32tg.o [1]
EFM_Display             0x00003cd4  0x120  Data  Lc  segmentlcd.o [1]
EFM_Numbers             0x00003fec   0x24  Data  Lc  segmentlcd.o [1]
EMU_EnterEM2            0x0000377d   0x34  Code  Gb  em_emu.o [1]
EMU_Restore             0x000036fb   0x82  Code  Lc  em_emu.o [1]
EMU_UpdateOscConfig     0x000037b1    0xa  Code  Gb  em_emu.o [1]
GPIO_EVEN_IRQHandler    0x00004101         Code  Wk  startup_efm32tg.o [1]
GPIO_ODD_IRQHandler     0x00004121         Code  Wk  startup_efm32tg.o [1]
GetProdRev              0x000035d9    0xa  Code  Lc  system_efm32tg.o [1]
HardFault_Handler       0x000040dd         Code  Wk  startup_efm32tg.o [1]
I2C0_IRQHandler         0x0000411d         Code  Wk  startup_efm32tg.o [1]
LCD_Enable              0x00003a69   0x2a  Code  Lc  em_lcd.o [1]
LCD_FreezeEnable        0x000037d5   0x1a  Code  Lc  segmentlcd.o [1]
LCD_IRQHandler          0x0000414d         Code  Wk  startup_efm32tg.o [1]
LCD_Init                0x00003aa1   0x38  Code  Gb  em_lcd.o [1]
LCD_IntDisable          0x000037fb   0x10  Code  Lc  segmentlcd.o [1]
LCD_SegmentRangeEnable  0x00003afb   0x22  Code  Gb  em_lcd.o [1]
LCD_SegmentSet          0x00003b1d   0xb6  Code  Gb  em_lcd.o [1]
LCD_SegmentSetLow       0x00003bd3   0xc2  Code  Gb  em_lcd.o [1]
LCD_SyncBusyDelay       0x000037ef    0xc  Code  Lc  segmentlcd.o [1]
LCD_VBoostSet           0x00003c95   0x10  Code  Gb  em_lcd.o [1]
LCD_VLCDSelect          0x00003ad9   0x22  Code  Gb  em_lcd.o [1]
LESENSE_IRQHandler      0x00004131         Code  Wk  startup_efm32tg.o [1]
LETIMER0_IRQHandler     0x00004139         Code  Wk  startup_efm32tg.o [1]
LEUART0_IRQHandler      0x00004135         Code  Wk  startup_efm32tg.o [1]
MSC_IRQHandler          0x00004151         Code  Wk  startup_efm32tg.o [1]
MemManage_Handler       0x000040e1         Code  Wk  startup_efm32tg.o [1]
NMI_Handler             0x000040d9         Code  Wk  startup_efm32tg.o [1]
NVIC_ClearPendingIRQ    0x00003e0d   0x18  Code  Lc  main_acmp_int.o [1]
NVIC_EnableIRQ          0x00003df5   0x18  Code  Lc  main_acmp_int.o [1]
PCNT0_IRQHandler        0x0000413d         Code  Wk  startup_efm32tg.o [1]
PendSV_Handler          0x000040f5         Code  Wk  startup_efm32tg.o [1]
RTC_IRQHandler          0x00004141         Code  Wk  startup_efm32tg.o [1]
Region$$Table$$Base     0x00004034          --   Gb  - Linker created -
Region$$Table$$Limit    0x00004058          --   Gb  - Linker created -
Reset_Handler           0x000040bd         Code  Wk  startup_efm32tg.o [1]
SVC_Handler             0x000040ed         Code  Wk  startup_efm32tg.o [1]
SegmentLCD_AllOff       0x00003957   0x64  Code  Gb  segmentlcd.o [1]
SegmentLCD_Init         0x000039bb   0x70  Code  Gb  segmentlcd.o [1]
SegmentLCD_Number       0x0000380b   0xe8  Code  Gb  segmentlcd.o [1]
SegmentLCD_NumberOff    0x000038f3   0x64  Code  Gb  segmentlcd.o [1]
SysTick_Handler         0x000040f9         Code  Wk  startup_efm32tg.o [1]
SystemCoreClock         0x20000008    0x4  Data  Gb  system_efm32tg.o [1]
SystemCoreClockGet      0x000035e3   0x1a  Code  Gb  system_efm32tg.o [1]
SystemCoreClockUpdate   0x000036e1    0x8  Code  Lc  em_emu.o [1]
SystemHFClockGet        0x000035fd   0xa6  Code  Gb  system_efm32tg.o [1]
SystemHFXOClock         0x20000000    0x4  Data  Lc  system_efm32tg.o [1]
SystemInit              0x000036a3    0x2  Code  Gb  system_efm32tg.o [1]
SystemLFXOClock         0x20000004    0x4  Data  Lc  system_efm32tg.o [1]
TIMER0_IRQHandler       0x00004105         Code  Wk  startup_efm32tg.o [1]
TIMER1_IRQHandler       0x00004125         Code  Wk  startup_efm32tg.o [1]
USART0_RX_IRQHandler    0x00004109         Code  Wk  startup_efm32tg.o [1]
USART0_TX_IRQHandler    0x0000410d         Code  Wk  startup_efm32tg.o [1]
USART1_RX_IRQHandler    0x00004129         Code  Wk  startup_efm32tg.o [1]
USART1_TX_IRQHandler    0x0000412d         Code  Wk  startup_efm32tg.o [1]
UsageFault_Handler      0x000040e9         Code  Wk  startup_efm32tg.o [1]
VCMP_IRQHandler         0x00004149         Code  Wk  startup_efm32tg.o [1]
__Vectors               0x00003000          --   Gb  startup_efm32tg.o [1]
__Vectors_End           0x0000309c         Data  Gb  startup_efm32tg.o [1]
__Vectors_Size {Abs}    0x0000009c          --   Gb  startup_efm32tg.o [1]
__aeabi_memcpy4         0x00003ecd         Code  Gb  ABImemcpy.o [4]
__aeabi_memcpy8         0x00003ecd         Code  Gb  ABImemcpy.o [4]
__cmain                 0x00004071         Code  Gb  cmain.o [4]
__exit                  0x0000409d         Code  Gb  XXexit.o [4]
__iar_SB                0x00004158         Data  Gb  bwt_init3c.o [4]
__iar_copy_init3        0x00003f23   0x2e  Code  Gb  copy_init3.o [4]
__iar_data_init3        0x00003fc1   0x2c  Code  Gb  data_init3.o [4]
__iar_program_start     0x000040cd         Code  Gb  cstartup_M.o [4]
__iar_zero_init3        0x00004011   0x22  Code  Gb  zero_init3.o [4]
__low_level_init        0x00004087    0x4  Code  Gb  low_level_init.o [3]
__vector_table          0x00003000         Data  Gb  startup_efm32tg.o [1]
__vector_table_0x1c     0x0000301c         Data  Gb  startup_efm32tg.o [1]
_call_main              0x0000407d         Code  Gb  cmain.o [4]
_exit                   0x00004091         Code  Gb  cexit.o [4]
_main                   0x00004083         Code  Gb  cmain.o [4]
abs                     0x00003a61    0x8  Code  Gb  abs.o [3]
cmuStatus               0x2000000c    0x2  Data  Lc  em_emu.o [1]
exit                    0x0000408b    0x4  Code  Gb  exit.o [3]
lcdInit                 0x000040a8   0x14  Data  Lc  segmentlcd.o [1]
main                    0x00003e85   0x2c  Code  Gb  main_acmp_int.o [1]
signIndex               0x00004032    0x2  Data  Lc  segmentlcd.o [1]


[1] = D:\Firmware\my-project-hihack\trunk\ my-project-hihack --username kaiser.ren@gmail.com\energymicro\an\an0020_efm32_analog_comparator\iar\acmp_int_tg\Debug\Obj
[2] = command line
[3] = dl7M_tln.a
[4] = rt7M_tl.a

  4 034 bytes of readonly  code memory
    414 bytes of readonly  data memory
  1 038 bytes of readwrite data memory

Errors: none
Warnings: none
