###############################################################################
#                                                                             #
# IAR ELF Linker V6.30.6.53336/W32 for ARM              26/Jun/2013  09:36:00 #
# Copyright 2007-2012 IAR Systems AB.                                         #
#                                                                             #
#    Output file  =  D:\Firmware\my-project-hihack\trunk\ my-project-hihack   #
#                    --username kaiser.ren@gmail.com\energymicro\an\an0003_ef #
#                    m32_uart_bootloader\iar\bootloader-tg840\Debug\Exe\bootl #
#                    oader-tg840.out                                          #
#    Map file     =  D:\Firmware\my-project-hihack\trunk\ my-project-hihack   #
#                    --username kaiser.ren@gmail.com\energymicro\an\an0003_ef #
#                    m32_uart_bootloader\iar\bootloader-tg840\Debug\List\boot #
#                    loader-tg840.map                                         #
#    Command line =  "D:\Firmware\my-project-hihack\trunk\ my-project-hihack  #
#                    --username kaiser.ren@gmail.com\energymicro\an\an0003_ef #
#                    m32_uart_bootloader\iar\bootloader-tg840\Debug\Obj\autob #
#                    aud.o" "D:\Firmware\my-project-hihack\trunk\             #
#                    my-project-hihack --username                             #
#                    kaiser.ren@gmail.com\energymicro\an\an0003_efm32_uart_bo #
#                    otloader\iar\bootloader-tg840\Debug\Obj\boot.o"          #
#                    "D:\Firmware\my-project-hihack\trunk\ my-project-hihack  #
#                    --username kaiser.ren@gmail.com\energymicro\an\an0003_ef #
#                    m32_uart_bootloader\iar\bootloader-tg840\Debug\Obj\bootl #
#                    oader.o" "D:\Firmware\my-project-hihack\trunk\           #
#                    my-project-hihack --username                             #
#                    kaiser.ren@gmail.com\energymicro\an\an0003_efm32_uart_bo #
#                    otloader\iar\bootloader-tg840\Debug\Obj\crc.o"           #
#                    "D:\Firmware\my-project-hihack\trunk\ my-project-hihack  #
#                    --username kaiser.ren@gmail.com\energymicro\an\an0003_ef #
#                    m32_uart_bootloader\iar\bootloader-tg840\Debug\Obj\debug #
#                    .o" "D:\Firmware\my-project-hihack\trunk\                #
#                    my-project-hihack --username                             #
#                    kaiser.ren@gmail.com\energymicro\an\an0003_efm32_uart_bo #
#                    otloader\iar\bootloader-tg840\Debug\Obj\debuglock.o"     #
#                    "D:\Firmware\my-project-hihack\trunk\ my-project-hihack  #
#                    --username kaiser.ren@gmail.com\energymicro\an\an0003_ef #
#                    m32_uart_bootloader\iar\bootloader-tg840\Debug\Obj\decod #
#                    e.o" "D:\Firmware\my-project-hihack\trunk\               #
#                    my-project-hihack --username                             #
#                    kaiser.ren@gmail.com\energymicro\an\an0003_efm32_uart_bo #
#                    otloader\iar\bootloader-tg840\Debug\Obj\em_acmp.o"       #
#                    "D:\Firmware\my-project-hihack\trunk\ my-project-hihack  #
#                    --username kaiser.ren@gmail.com\energymicro\an\an0003_ef #
#                    m32_uart_bootloader\iar\bootloader-tg840\Debug\Obj\em_cm #
#                    u.o" "D:\Firmware\my-project-hihack\trunk\               #
#                    my-project-hihack --username                             #
#                    kaiser.ren@gmail.com\energymicro\an\an0003_efm32_uart_bo #
#                    otloader\iar\bootloader-tg840\Debug\Obj\em_emu.o"        #
#                    "D:\Firmware\my-project-hihack\trunk\ my-project-hihack  #
#                    --username kaiser.ren@gmail.com\energymicro\an\an0003_ef #
#                    m32_uart_bootloader\iar\bootloader-tg840\Debug\Obj\em_gp #
#                    io.o" "D:\Firmware\my-project-hihack\trunk\              #
#                    my-project-hihack --username                             #
#                    kaiser.ren@gmail.com\energymicro\an\an0003_efm32_uart_bo #
#                    otloader\iar\bootloader-tg840\Debug\Obj\em_int.o"        #
#                    "D:\Firmware\my-project-hihack\trunk\ my-project-hihack  #
#                    --username kaiser.ren@gmail.com\energymicro\an\an0003_ef #
#                    m32_uart_bootloader\iar\bootloader-tg840\Debug\Obj\em_pr #
#                    s.o" "D:\Firmware\my-project-hihack\trunk\               #
#                    my-project-hihack --username                             #
#                    kaiser.ren@gmail.com\energymicro\an\an0003_efm32_uart_bo #
#                    otloader\iar\bootloader-tg840\Debug\Obj\em_timer.o"      #
#                    "D:\Firmware\my-project-hihack\trunk\ my-project-hihack  #
#                    --username kaiser.ren@gmail.com\energymicro\an\an0003_ef #
#                    m32_uart_bootloader\iar\bootloader-tg840\Debug\Obj\encod #
#                    e.o" "D:\Firmware\my-project-hihack\trunk\               #
#                    my-project-hihack --username                             #
#                    kaiser.ren@gmail.com\energymicro\an\an0003_efm32_uart_bo #
#                    otloader\iar\bootloader-tg840\Debug\Obj\flash.o"         #
#                    "D:\Firmware\my-project-hihack\trunk\ my-project-hihack  #
#                    --username kaiser.ren@gmail.com\energymicro\an\an0003_ef #
#                    m32_uart_bootloader\iar\bootloader-tg840\Debug\Obj\iarwr #
#                    ite.o" "D:\Firmware\my-project-hihack\trunk\             #
#                    my-project-hihack --username                             #
#                    kaiser.ren@gmail.com\energymicro\an\an0003_efm32_uart_bo #
#                    otloader\iar\bootloader-tg840\Debug\Obj\startup_efm32.o" #
#                     "D:\Firmware\my-project-hihack\trunk\                   #
#                    my-project-hihack --username                             #
#                    kaiser.ren@gmail.com\energymicro\an\an0003_efm32_uart_bo #
#                    otloader\iar\bootloader-tg840\Debug\Obj\system_efm32tg.o #
#                    " "D:\Firmware\my-project-hihack\trunk\                  #
#                    my-project-hihack --username                             #
#                    kaiser.ren@gmail.com\energymicro\an\an0003_efm32_uart_bo #
#                    otloader\iar\bootloader-tg840\Debug\Obj\usart.o"         #
#                    "D:\Firmware\my-project-hihack\trunk\ my-project-hihack  #
#                    --username kaiser.ren@gmail.com\energymicro\an\an0003_ef #
#                    m32_uart_bootloader\iar\bootloader-tg840\Debug\Obj\xmode #
#                    m.o" --redirect _Printf=_PrintfFull --redirect           #
#                    _Scanf=_ScanfFull -o "D:\Firmware\my-project-hihack\trun #
#                    k\ my-project-hihack --username                          #
#                    kaiser.ren@gmail.com\energymicro\an\an0003_efm32_uart_bo #
#                    otloader\iar\bootloader-tg840\Debug\Exe\bootloader-tg840 #
#                    .out" --map "D:\Firmware\my-project-hihack\trunk\        #
#                    my-project-hihack --username                             #
#                    kaiser.ren@gmail.com\energymicro\an\an0003_efm32_uart_bo #
#                    otloader\iar\bootloader-tg840\Debug\List\bootloader-tg84 #
#                    0.map" --config "D:\Firmware\my-project-hihack\trunk\    #
#                    my-project-hihack --username                             #
#                    kaiser.ren@gmail.com\energymicro\an\an0003_efm32_uart_bo #
#                    otloader\iar\..\iar_linker_files\EFM32TG840F32.icf"      #
#                    --entry __iar_program_start --vfe                        #
#                                                                             #
#                                                                             #
###############################################################################

*******************************************************************************
*** RUNTIME MODEL ATTRIBUTES
***

CppFlavor       = *
__SystemLibrary = DLib


*******************************************************************************
*** PLACEMENT SUMMARY
***

"A1":  place at 0x00000000 { ro section .intvec };
"P1":  place in [from 0x00000000 to 0x00007fff] { ro };
"P2":  place in [from 0x20000000 to 0x20000fff] { rw, block CSTACK, block HEAP };

  Section            Kind        Address    Size  Object
  -------            ----        -------    ----  ------
"A1":                                        0x8
  .intvec            ro code  0x00000000     0x8  startup_efm32.o [1]
                            - 0x00000008     0x8

"P1":                                     0x191c
  .text              ro code  0x00000008   0x4a4  encode.o [1]
  .text              ro code  0x000004ac   0x108  system_efm32tg.o [1]
  .text              ro code  0x000005b4   0x14c  em_timer.o [1]
  .text              ro code  0x00000700   0x30c  em_cmu.o [1]
  .text              ro code  0x00000a0c    0xd4  em_gpio.o [1]
  Veneer             ro code  0x00000ae0     0x8  - Linker created -
  .text              ro code  0x00000ae8   0x3d8  decode.o [1]
  .text              ro code  0x00000ec0    0x56  ABImemcpy.o [5]
  .text              ro code  0x00000f16    0x2e  copy_init3.o [5]
  .text              ro code  0x00000f44    0x1c  em_prs.o [1]
  .text              ro code  0x00000f60    0x7a  em_acmp.o [1]
  .text              ro code  0x00000fda    0x22  zero_init3.o [5]
  Veneer             ro code  0x00000ffc     0x8  - Linker created -
  Veneer             ro code  0x00001004     0x8  - Linker created -
  Veneer             ro code  0x0000100c     0x8  - Linker created -
  Veneer             ro code  0x00001014     0x8  - Linker created -
  .text              ro code  0x0000101c   0x180  bootloader.o [1]
  .text              ro code  0x0000119c    0x28  usart.o [1]
  .text              ro code  0x000011c4    0x74  flash.o [1]
  .rodata            const    0x00001238    0x2c  bootloader.o [1]
  .text              ro code  0x00001264    0x2c  data_init3.o [5]
  .rodata            const    0x00001290    0x24  bootloader.o [1]
  .iar.init_table    const    0x000012b4    0x3c  - Linker created -
  .rodata            const    0x000012f0    0x18  decode.o [1]
  .text              ro code  0x00001308    0x16  cmain.o [5]
  .text              ro code  0x0000131e     0x4  low_level_init.o [3]
  .text              ro code  0x00001322     0x4  exit.o [3]
  .text              ro code  0x00001328     0xa  cexit.o [5]
  .text              ro code  0x00001334     0xc  XXexit.o [5]
  .rodata            const    0x00001340    0x14  bootloader.o [1]
  .rodata            const    0x00001354    0x10  decode.o [1]
  .rodata            const    0x00001364    0x10  encode.o [1]
  .rodata            const    0x00001374     0xc  decode.o [1]
  .rodata            const    0x00001380     0xc  encode.o [1]
  .text              ro code  0x0000138c     0xc  cstartup_M.o [5]
  .rodata            const    0x00001398     0x0  bwt_init3c.o [5]
  Initializer bytes  ro data  0x00001398   0x58c  <for P2 s0>
                            - 0x00001924  0x191c

Absolute sections, part 1 of 2:             0xbe
  .noinit            uninit   0x20000000    0xbc  bootloader.o [1]
  .noinit            uninit   0x200000bc     0x2  bootloader.o [1]
                            - 0x200000be    0xbe

"P2", part 1 of 6:                          0x30
  .bss               zero     0x200000c0     0x8  encode.o [1]
  .bss               zero     0x200000c8     0x4  bootloader.o [1]
  .bss               zero     0x200000cc     0x4  decode.o [1]
  .bss               zero     0x200000d0     0x4  decode.o [1]
  .bss               zero     0x200000d4     0x4  decode.o [1]
  .bss               zero     0x200000d8     0x4  decode.o [1]
  .bss               zero     0x200000dc     0x4  em_int.o [1]
  .bss               zero     0x200000e0     0x4  encode.o [1]
  .bss               zero     0x200000e4     0x4  flash.o [1]
  .bss               zero     0x200000e8     0x4  system_efm32tg.o [1]
  .bss               zero     0x200000ec     0x1  decode.o [1]
  .bss               zero     0x200000ed     0x1  encode.o [1]
                            - 0x200000ee    0x2e

Absolute sections, part 2 of 2:             0x10
  .noinit            uninit   0x20000100    0x10  flash.o [1]
                            - 0x20000110    0x10

"P2", part 2 of 6:                         0x400
  CSTACK                      0x20000110   0x400  <Block>
    CSTACK           uninit   0x20000110   0x400  <Block tail>
                            - 0x20000510   0x400

"P2", part 3 of 6:                         0x110
  .bss               zero     0x20000510   0x110  xmodem.o [1]
                            - 0x20000620   0x110

"P2", part 4 of 6:                          0xd8
  .bss               zero     0x20000620    0xd8  decode.o [1]
                            - 0x200006f8    0xd8

"P2", part 5 of 6:                          0xd8
  .bss               zero     0x200006f8    0xd8  encode.o [1]
                            - 0x200007d0    0xd8

"P2", part 6 of 6:                         0x58c
  P2 s0                       0x200007d0   0x58c  <Init block>
    Veneer           inited   0x200007d0     0x8  - Linker created -
    .textrw          inited   0x200007d8   0x11c  xmodem.o [1]
    .textrw          inited   0x200008f4    0xb8  flash.o [1]
    .textrw          inited   0x200009ac    0x6e  usart.o [1]
    Veneer           inited   0x20000a1c     0x8  - Linker created -
    Veneer           inited   0x20000a24     0x8  - Linker created -
    .textrw          inited   0x20000a2c    0x5c  decode.o [1]
    .textrw          inited   0x20000a88    0x5c  xmodem.o [1]
    .textrw          inited   0x20000ae4    0x32  crc.o [1]
    Veneer           inited   0x20000b18     0x8  - Linker created -
    .textrw          inited   0x20000b20    0xbc  bootloader.o [1]
    .textrw          inited   0x20000bdc    0x44  debuglock.o [1]
    .textrw          inited   0x20000c20    0xb4  boot.o [1]
    .textrw          inited   0x20000cd4    0x5c  debuglock.o [1]
    .data            inited   0x20000d30    0x18  debuglock.o [1]
    .data            inited   0x20000d48     0xc  bootloader.o [1]
    .data            inited   0x20000d54     0x4  system_efm32tg.o [1]
    .data            inited   0x20000d58     0x4  system_efm32tg.o [1]
                            - 0x20000d5c   0x58c


*******************************************************************************
*** INIT TABLE
***

          Address     Size
          -------     ----
Zero (__iar_zero_init3)
    4 destination ranges, total size 0x2ee:
          0x200000c0   0x2e
          0x20000510  0x110
          0x20000620   0xd8
          0x200006f8   0xd8

Copy (__iar_copy_init3)
    1 source range, total size 0x58c:
          0x00001398  0x58c
    1 destination range, total size 0x58c:
          0x200007d0  0x58c



*******************************************************************************
*** MODULE SUMMARY
***

    Module            ro code  rw code  ro data  rw data  rw data
                                                           (abs)
    ------            -------  -------  -------  -------  -------
D:\Firmware\my-project-hihack\trunk\ my-project-hihack --username kaiser.ren@gmail.com\energymicro\an\an0003_efm32_uart_bootloader\iar\bootloader-tg840\Debug\Obj: [1]
    boot.o                         180      180
    bootloader.o          384      188      300       16      190
    crc.o                           50       50
    debuglock.o                    160      184       24
    decode.o              984       92      144      233
    em_acmp.o             122
    em_cmu.o              780
    em_gpio.o             212
    em_int.o                                           4
    em_prs.o               28
    em_timer.o            332
    encode.o            1 188                28      229
    flash.o               116      184      184        4       16
    startup_efm32.o         8
    system_efm32tg.o      264                 8       12
    usart.o                40      110      110
    xmodem.o                       376      376      272
    -------------------------------------------------------------
    Total:              4 458    1 340    1 564      794      206

command line: [2]
    -------------------------------------------------------------
    Total:

dl7M_tln.a: [3]
    exit.o                  4
    low_level_init.o        4
    -------------------------------------------------------------
    Total:                  8

m7M_tl.a: [4]
    -------------------------------------------------------------
    Total:

rt7M_tl.a: [5]
    ABImemcpy.o            86
    XXexit.o               12
    bwt_init3c.o
    cexit.o                10
    cmain.o                22
    copy_init3.o           46
    cstartup_M.o           12
    data_init3.o           44
    zero_init3.o           34
    -------------------------------------------------------------
    Total:                266

    Gaps                    4        4
    Linker created         40       32       96    1 024
-----------------------------------------------------------------
    Grand Total:        4 776    1 376    1 660    1 818      206


*******************************************************************************
*** ENTRY LIST
***

Entry                     Address   Size  Type      Object
-----                     -------   ----  ----      ------
?main                  0x00001309         Code  Gb  cmain.o [5]
ACMP_ChannelSet        0x00000f79   0x14  Code  Gb  em_acmp.o [1]
ACMP_Enable            0x00000f6f    0xa  Code  Gb  em_acmp.o [1]
ACMP_Init              0x00000f8d   0x4e  Code  Gb  em_acmp.o [1]
ACMP_setup             0x00000c19   0x46  Code  Lc  decode.o [1]
BITBAND_Peripheral     0x00000f61    0xe  Code  Lc  em_acmp.o [1]
BITBAND_Peripheral     0x00000701    0xe  Code  Lc  em_cmu.o [1]
BOOT_boot              0x20000c2d   0x72  Code  Gb  boot.o [1]
BOOT_jump              0x20000c21    0xc  Code  Gb  boot.o [1]
CMU_ClockEnable        0x000007b5   0x86  Code  Gb  em_cmu.o [1]
CMU_ClockSelectGet     0x0000083b   0xf2  Code  Gb  em_cmu.o [1]
CMU_FlashWaitStateControl
                       0x00000743   0x5c  Code  Lc  em_cmu.o [1]
CMU_FlashWaitStateMax  0x0000070f   0x34  Code  Lc  em_cmu.o [1]
CMU_HFRCOBandSet       0x0000092d   0x9a  Code  Gb  em_cmu.o [1]
CMU_Sync               0x0000079f   0x16  Code  Lc  em_cmu.o [1]
CONFIG_UsartGpioSetup  0x00001057   0x12  Code  Lc  bootloader.o [1]
CRC_calc               0x20000ae5   0x32  Code  Gb  crc.o [1]
CSTACK$$Base           0x20000110          --   Gb  - Linker created -
CSTACK$$Limit          0x20000510          --   Gb  - Linker created -
DEBUGLOCK_startDebugInterface
                       0x20000bdd   0x36  Code  Gb  debuglock.o [1]
EMU_EnterEM1           0x00001069   0x10  Code  Lc  bootloader.o [1]
FLASH_CalcPageSize     0x000011c5   0x34  Code  Gb  flash.o [1]
FLASH_eraseOneBlock    0x2000094d   0x3c  Code  Gb  flash.o [1]
FLASH_init             0x000011f9   0x22  Code  Gb  flash.o [1]
FLASH_writeBlock       0x200008f5   0x58  Code  Gb  flash.o [1]
GPIO_PinModeSet        0x00000a0d   0xcc  Code  Gb  em_gpio.o [1]
GetProdRev             0x000004ad    0xa  Code  Lc  system_efm32tg.o [1]
HIJACKPutData          0x00000241   0x64  Code  Gb  encode.o [1]
HIJACK_CompareConfig   0x000000e7   0x50  Code  Lc  encode.o [1]
INT_Disable            0x00000b1b   0x24  Code  Lc  decode.o [1]
INT_Disable            0x00000047   0x24  Code  Lc  encode.o [1]
INT_Enable             0x00000b3f   0x2e  Code  Lc  decode.o [1]
INT_Enable             0x0000006b   0x2e  Code  Lc  encode.o [1]
INT_LockCnt            0x200000dc    0x4  Data  Gb  em_int.o [1]
IsTime2Detect          0x00000c5f   0x40  Code  Lc  decode.o [1]
NVIC_DisableIRQ        0x0000101d   0x18  Code  Lc  bootloader.o [1]
NVIC_EnableIRQ         0x00000ae9   0x1a  Code  Lc  decode.o [1]
NVIC_EnableIRQ         0x00000009   0x1a  Code  Lc  encode.o [1]
NVIC_SetPriority       0x00001035   0x22  Code  Lc  bootloader.o [1]
PRS_SourceSignalSet    0x00000f45   0x18  Code  Gb  em_prs.o [1]
Region$$Table$$Base    0x000012b4          --   Gb  - Linker created -
Region$$Table$$Limit   0x000012f0          --   Gb  - Linker created -
SystemCoreClock        0x200000e8    0x4  Data  Gb  system_efm32tg.o [1]
SystemCoreClockGet     0x000004b7   0x1a  Code  Gb  system_efm32tg.o [1]
SystemCoreClockUpdate  0x00000023    0x8  Code  Lc  encode.o [1]
SystemHFClockGet       0x000004d1   0xa6  Code  Gb  system_efm32tg.o [1]
SystemHFXOClock        0x20000d54    0x4  Data  Lc  system_efm32tg.o [1]
SystemLFXOClock        0x20000d58    0x4  Data  Lc  system_efm32tg.o [1]
TIMER0_IRQHandler      0x00000b6d   0x44  Code  Gb  decode.o [1]
TIMER1_IRQHandler      0x00000099   0x4e  Code  Gb  encode.o [1]
TIMER_CaptureGet       0x00000b03    0x8  Code  Lc  decode.o [1]
TIMER_CompareSet       0x0000002b    0x8  Code  Lc  encode.o [1]
TIMER_CounterSet       0x00000033    0x4  Code  Lc  encode.o [1]
TIMER_Enable           0x000005b5   0x12  Code  Gb  em_timer.o [1]
TIMER_Init             0x000005c7   0xbc  Code  Gb  em_timer.o [1]
TIMER_InitCC           0x00000683   0x7e  Code  Gb  em_timer.o [1]
TIMER_IntClear         0x00000b0b    0x4  Code  Lc  decode.o [1]
TIMER_IntClear         0x00000037    0x4  Code  Lc  encode.o [1]
TIMER_IntEnable        0x00000b0f    0x8  Code  Lc  decode.o [1]
TIMER_IntEnable        0x0000003b    0x8  Code  Lc  encode.o [1]
TIMER_IntGet           0x00000b17    0x4  Code  Lc  decode.o [1]
TIMER_IntGet           0x00000043    0x4  Code  Lc  encode.o [1]
TIMER_setup            0x00000bcb   0x4e  Code  Lc  decode.o [1]
USART_init             0x0000119d   0x28  Code  Gb  usart.o [1]
USART_printHex         0x200009ad   0x3c  Code  Gb  usart.o [1]
USART_printString      0x20000a05   0x16  Code  Gb  usart.o [1]
USART_txByte           0x200009e9   0x12  Code  Gb  usart.o [1]
XMODEM_download        0x200007d9  0x11c  Code  Gb  xmodem.o [1]
XMODEM_verifyPacketChecksum
                       0x20000a89   0x5c  Code  Gb  xmodem.o [1]
_DEBUGLOCK_driveBit    0x20000cd5   0x5c  Code  Gb  debuglock.o [1]
_DEBUGLOCK_swData      0x20000d30   0x18  Data  Gb  debuglock.o [1]
__Vectors              0x00000000          --   Gb  startup_efm32.o [1]
__Vectors_End          0x00000008         Data  Gb  startup_efm32.o [1]
__Vectors_Size {Abs}   0x00000008          --   Gb  startup_efm32.o [1]
__aeabi_memcpy4        0x00000ec1         Code  Gb  ABImemcpy.o [5]
__aeabi_memcpy8        0x00000ec1         Code  Gb  ABImemcpy.o [5]
__cmain                0x00001309         Code  Gb  cmain.o [5]
__exit                 0x00001335         Code  Gb  XXexit.o [5]
__iar_SB               0x00001398         Data  Gb  bwt_init3c.o [5]
__iar_copy_init3       0x00000f17   0x2e  Code  Gb  copy_init3.o [5]
__iar_data_init3       0x00001265   0x2c  Code  Gb  data_init3.o [5]
__iar_program_start    0x0000138d         Code  Gb  cstartup_M.o [5]
__iar_zero_init3       0x00000fdb   0x22  Code  Gb  zero_init3.o [5]
__low_level_init       0x0000131f    0x4  Code  Gb  low_level_init.o [3]
__vector_table         0x00000000         Data  Gb  startup_efm32.o [1]
_call_main             0x00001315         Code  Gb  cmain.o [5]
_exit                  0x00001329         Code  Gb  cexit.o [5]
_main                  0x0000131b         Code  Gb  cmain.o [5]
bootloaderCRC          0x200000bc    0x2  Data  Gb  bootloader.o [1]
commandlineLoop        0x20000b21   0x9e  Code  Gb  bootloader.o [1]
cur_edge               0x200000ec    0x1  Data  Gb  decode.o [1]
cur_stamp              0x200000d0    0x4  Data  Gb  decode.o [1]
dec                    0x200000cc    0x4  Data  Gb  decode.o [1]
decBuf                 0x20000620   0xd8  Data  Gb  decode.o [1]
dec_init               0x00000bb1   0x1a  Code  Gb  decode.o [1]
dec_parser             0x00000c9f   0x5c  Code  Lc  decode.o [1]
dec_rxByte             0x20000a2d   0x5c  Code  Gb  decode.o [1]
decode_machine         0x00000cfb  0x17a  Code  Gb  decode.o [1]
descr                  0x20000100   0x10  Data  Gb  flash.o [1]
enc                    0x200000c0    0x8  Data  Lc  encode.o [1]
encBuf                 0x200006f8   0xd8  Data  Gb  encode.o [1]
encGetAmount           0x00000201    0x6  Code  Gb  encode.o [1]
encGetChar             0x00000207   0x3a  Code  Gb  encode.o [1]
enc_init               0x00000137   0x68  Code  Gb  encode.o [1]
enc_machine            0x000002a5  0x1d0  Code  Gb  encode.o [1]
enc_odd                0x200000ed    0x1  Data  Lc  encode.o [1]
exit                   0x00001323    0x4  Code  Gb  exit.o [3]
findParam              0x0000019f   0x62  Code  Gb  encode.o [1]
flashPageSize          0x200000e4    0x4  Data  Gb  flash.o [1]
generateVectorTable    0x00001079   0x1a  Code  Gb  bootloader.o [1]
inv                    0x200000d8    0x4  Data  Lc  decode.o [1]
main                   0x00001093   0xae  Code  Gb  bootloader.o [1]
offset                 0x200000d4    0x4  Data  Lc  decode.o [1]
rawPacket              0x20000510  0x110  Data  Gb  xmodem.o [1]
readyString            0x20000d48    0xc  Data  Gb  bootloader.o [1]
sys_tick               0x200000c8    0x4  Data  Gb  bootloader.o [1]
ticker                 0x200000e0    0x4  Data  Gb  encode.o [1]
vectorTable            0x20000000   0xbc  Data  Gb  bootloader.o [1]


[1] = D:\Firmware\my-project-hihack\trunk\ my-project-hihack --username kaiser.ren@gmail.com\energymicro\an\an0003_efm32_uart_bootloader\iar\bootloader-tg840\Debug\Obj
[2] = command line
[3] = dl7M_tln.a
[4] = m7M_tl.a
[5] = rt7M_tl.a

  4 776 bytes of readonly  code memory
  1 376 bytes of readwrite code memory
  1 660 bytes of readonly  data memory
  1 818 bytes of readwrite data memory (+ 206 absolute)

Errors: none
Warnings: none
