###############################################################################
#                                                                             #
# IAR ELF Linker V6.30.6.53336/W32 for ARM              27/Jun/2013  10:18:41 #
# Copyright 2007-2012 IAR Systems AB.                                         #
#                                                                             #
#    Output file  =  D:\Firmware\my-project-hihack\trunk\ my-project-hihack   #
#                    --username kaiser.ren@gmail.com\energymicro\an\an0003_ef #
#                    m32_uart_bootloader\iar\bootloader-tg840\Debug\Exe\bootl #
#                    oader-tg840.out                                          #
#    Map file     =  D:\Firmware\my-project-hihack\trunk\ my-project-hihack   #
#                    --username kaiser.ren@gmail.com\energymicro\an\an0003_ef #
#                    m32_uart_bootloader\iar\bootloader-tg840\Debug\List\boot #
#                    loader-tg840.map                                         #
#    Command line =  "D:\Firmware\my-project-hihack\trunk\ my-project-hihack  #
#                    --username kaiser.ren@gmail.com\energymicro\an\an0003_ef #
#                    m32_uart_bootloader\iar\bootloader-tg840\Debug\Obj\autob #
#                    aud.o" "D:\Firmware\my-project-hihack\trunk\             #
#                    my-project-hihack --username                             #
#                    kaiser.ren@gmail.com\energymicro\an\an0003_efm32_uart_bo #
#                    otloader\iar\bootloader-tg840\Debug\Obj\boot.o"          #
#                    "D:\Firmware\my-project-hihack\trunk\ my-project-hihack  #
#                    --username kaiser.ren@gmail.com\energymicro\an\an0003_ef #
#                    m32_uart_bootloader\iar\bootloader-tg840\Debug\Obj\bootl #
#                    oader.o" "D:\Firmware\my-project-hihack\trunk\           #
#                    my-project-hihack --username                             #
#                    kaiser.ren@gmail.com\energymicro\an\an0003_efm32_uart_bo #
#                    otloader\iar\bootloader-tg840\Debug\Obj\crc.o"           #
#                    "D:\Firmware\my-project-hihack\trunk\ my-project-hihack  #
#                    --username kaiser.ren@gmail.com\energymicro\an\an0003_ef #
#                    m32_uart_bootloader\iar\bootloader-tg840\Debug\Obj\debug #
#                    .o" "D:\Firmware\my-project-hihack\trunk\                #
#                    my-project-hihack --username                             #
#                    kaiser.ren@gmail.com\energymicro\an\an0003_efm32_uart_bo #
#                    otloader\iar\bootloader-tg840\Debug\Obj\debuglock.o"     #
#                    "D:\Firmware\my-project-hihack\trunk\ my-project-hihack  #
#                    --username kaiser.ren@gmail.com\energymicro\an\an0003_ef #
#                    m32_uart_bootloader\iar\bootloader-tg840\Debug\Obj\decod #
#                    e.o" "D:\Firmware\my-project-hihack\trunk\               #
#                    my-project-hihack --username                             #
#                    kaiser.ren@gmail.com\energymicro\an\an0003_efm32_uart_bo #
#                    otloader\iar\bootloader-tg840\Debug\Obj\em_acmp.o"       #
#                    "D:\Firmware\my-project-hihack\trunk\ my-project-hihack  #
#                    --username kaiser.ren@gmail.com\energymicro\an\an0003_ef #
#                    m32_uart_bootloader\iar\bootloader-tg840\Debug\Obj\em_cm #
#                    u.o" "D:\Firmware\my-project-hihack\trunk\               #
#                    my-project-hihack --username                             #
#                    kaiser.ren@gmail.com\energymicro\an\an0003_efm32_uart_bo #
#                    otloader\iar\bootloader-tg840\Debug\Obj\em_emu.o"        #
#                    "D:\Firmware\my-project-hihack\trunk\ my-project-hihack  #
#                    --username kaiser.ren@gmail.com\energymicro\an\an0003_ef #
#                    m32_uart_bootloader\iar\bootloader-tg840\Debug\Obj\em_gp #
#                    io.o" "D:\Firmware\my-project-hihack\trunk\              #
#                    my-project-hihack --username                             #
#                    kaiser.ren@gmail.com\energymicro\an\an0003_efm32_uart_bo #
#                    otloader\iar\bootloader-tg840\Debug\Obj\em_int.o"        #
#                    "D:\Firmware\my-project-hihack\trunk\ my-project-hihack  #
#                    --username kaiser.ren@gmail.com\energymicro\an\an0003_ef #
#                    m32_uart_bootloader\iar\bootloader-tg840\Debug\Obj\em_pr #
#                    s.o" "D:\Firmware\my-project-hihack\trunk\               #
#                    my-project-hihack --username                             #
#                    kaiser.ren@gmail.com\energymicro\an\an0003_efm32_uart_bo #
#                    otloader\iar\bootloader-tg840\Debug\Obj\em_timer.o"      #
#                    "D:\Firmware\my-project-hihack\trunk\ my-project-hihack  #
#                    --username kaiser.ren@gmail.com\energymicro\an\an0003_ef #
#                    m32_uart_bootloader\iar\bootloader-tg840\Debug\Obj\encod #
#                    e.o" "D:\Firmware\my-project-hihack\trunk\               #
#                    my-project-hihack --username                             #
#                    kaiser.ren@gmail.com\energymicro\an\an0003_efm32_uart_bo #
#                    otloader\iar\bootloader-tg840\Debug\Obj\flash.o"         #
#                    "D:\Firmware\my-project-hihack\trunk\ my-project-hihack  #
#                    --username kaiser.ren@gmail.com\energymicro\an\an0003_ef #
#                    m32_uart_bootloader\iar\bootloader-tg840\Debug\Obj\iarwr #
#                    ite.o" "D:\Firmware\my-project-hihack\trunk\             #
#                    my-project-hihack --username                             #
#                    kaiser.ren@gmail.com\energymicro\an\an0003_efm32_uart_bo #
#                    otloader\iar\bootloader-tg840\Debug\Obj\startup_efm32.o" #
#                     "D:\Firmware\my-project-hihack\trunk\                   #
#                    my-project-hihack --username                             #
#                    kaiser.ren@gmail.com\energymicro\an\an0003_efm32_uart_bo #
#                    otloader\iar\bootloader-tg840\Debug\Obj\system_efm32tg.o #
#                    " "D:\Firmware\my-project-hihack\trunk\                  #
#                    my-project-hihack --username                             #
#                    kaiser.ren@gmail.com\energymicro\an\an0003_efm32_uart_bo #
#                    otloader\iar\bootloader-tg840\Debug\Obj\usart.o"         #
#                    "D:\Firmware\my-project-hihack\trunk\ my-project-hihack  #
#                    --username kaiser.ren@gmail.com\energymicro\an\an0003_ef #
#                    m32_uart_bootloader\iar\bootloader-tg840\Debug\Obj\xmode #
#                    m.o" --redirect _Printf=_PrintfLarge --redirect          #
#                    _Scanf=_ScanfSmall -o "D:\Firmware\my-project-hihack\tru #
#                    nk\ my-project-hihack --username                         #
#                    kaiser.ren@gmail.com\energymicro\an\an0003_efm32_uart_bo #
#                    otloader\iar\bootloader-tg840\Debug\Exe\bootloader-tg840 #
#                    .out" --map "D:\Firmware\my-project-hihack\trunk\        #
#                    my-project-hihack --username                             #
#                    kaiser.ren@gmail.com\energymicro\an\an0003_efm32_uart_bo #
#                    otloader\iar\bootloader-tg840\Debug\List\bootloader-tg84 #
#                    0.map" --config "D:\Firmware\my-project-hihack\trunk\    #
#                    my-project-hihack --username                             #
#                    kaiser.ren@gmail.com\energymicro\an\an0003_efm32_uart_bo #
#                    otloader\iar\..\iar_linker_files\EFM32TG840F32.icf"      #
#                    --entry __iar_program_start --vfe                        #
#                                                                             #
#                                                                             #
###############################################################################

*******************************************************************************
*** RUNTIME MODEL ATTRIBUTES
***

CppFlavor       = *
__SystemLibrary = DLib


*******************************************************************************
*** PLACEMENT SUMMARY
***

"A1":  place at 0x00000000 { ro section .intvec };
"P1":  place in [from 0x00000000 to 0x00007fff] { ro };
"P2":  place in [from 0x20000000 to 0x20000fff] { rw, block CSTACK, block HEAP };

  Section            Kind        Address    Size  Object
  -------            ----        -------    ----  ------
"A1":                                        0x8
  .intvec            ro code  0x00000000     0x8  startup_efm32.o [1]
                            - 0x00000008     0x8

"P1":                                     0x2d68
  .text              ro code  0x00000008   0xb72  xprintflarge.o [3]
  .text              ro code  0x00000b7a    0x2e  copy_init3.o [5]
  .text              ro code  0x00000ba8    0x16  strchr.o [5]
  .text              ro code  0x00000bbe    0x22  zero_init3.o [5]
  .text              ro code  0x00000be0    0x36  strlen.o [5]
  .text              ro code  0x00000c18    0x58  memchr.o [5]
  .text              ro code  0x00000c70    0xee  I64DivMod.o [5]
  .text              ro code  0x00000d60    0x76  ABImemcpy.o [5]
  .text              ro code  0x00000dd6    0x44  xdnorm.o [4]
  .text              ro code  0x00000e1c    0x2e  DblCmpLe.o [4]
  .text              ro code  0x00000e4c   0x1a2  DblMul.o [4]
  .text              ro code  0x00000ff0   0x246  DblDiv.o [4]
  .text              ro code  0x00001238    0x2c  DblToI32.o [4]
  .text              ro code  0x00001264    0x1c  I32ToDbl.o [4]
  .text              ro code  0x00001280   0x180  DblSub.o [4]
  .text              ro code  0x00001400     0xe  div.o [3]
  .text              ro code  0x00001410     0x2  I64DivZer.o [5]
  .text              ro code  0x00001414    0xd4  DblAdd.o [4]
  .text              ro code  0x000014e8   0x4a4  encode.o [1]
  .text              ro code  0x0000198c   0x108  system_efm32tg.o [1]
  .text              ro code  0x00001a94   0x14c  em_timer.o [1]
  .text              ro code  0x00001be0   0x30c  em_cmu.o [1]
  .text              ro code  0x00001eec    0xd4  em_gpio.o [1]
  .text              ro code  0x00001fc0   0x3d0  decode.o [1]
  .text              ro code  0x00002390    0x1c  em_prs.o [1]
  .text              ro code  0x000023ac    0x7a  em_acmp.o [1]
  Veneer             ro code  0x00002428     0x8  - Linker created -
  Veneer             ro code  0x00002430     0x8  - Linker created -
  Veneer             ro code  0x00002438     0x8  - Linker created -
  Veneer             ro code  0x00002440     0x8  - Linker created -
  .text              ro code  0x00002448   0x180  bootloader.o [1]
  .text              ro code  0x000025c8    0x92  debug.o [1]
  .text              ro code  0x0000265c    0x28  usart.o [1]
  .text              ro code  0x00002684    0x84  flash.o [1]
  .text              ro code  0x00002708    0x24  printf.o [3]
  .text              ro code  0x0000272c    0x38  iarwrite.o [1]
  .rodata            const    0x00002764    0x2c  bootloader.o [1]
  .text              ro code  0x00002790    0x2c  data_init3.o [5]
  .text              ro code  0x000027bc    0x28  putchar.o [3]
  .rodata            const    0x000027e4    0x24  bootloader.o [1]
  .iar.init_table    const    0x00002808    0x24  - Linker created -
  .rodata            const    0x0000282c    0x20  flash.o [1]
  .rodata            const    0x0000284c    0x18  decode.o [1]
  .text              ro code  0x00002864    0x16  cmain.o [5]
  .text              ro code  0x0000287a     0x4  low_level_init.o [3]
  .text              ro code  0x0000287e     0x4  exit.o [3]
  .text              ro code  0x00002884     0xa  cexit.o [5]
  .text              ro code  0x00002890     0xc  XXexit.o [5]
  .text              ro code  0x0000289c    0x16  xprout.o [3]
  .rodata            const    0x000028b4    0x14  bootloader.o [1]
  .rodata            const    0x000028c8    0x10  decode.o [1]
  .rodata            const    0x000028d8    0x10  encode.o [1]
  .rodata            const    0x000028e8    0x10  xmodem.o [1]
  .rodata            const    0x000028f8    0x10  xmodem.o [1]
  .rodata            const    0x00002908    0x10  xmodem.o [1]
  .rodata            const    0x00002918     0xc  decode.o [1]
  .rodata            const    0x00002924     0xc  encode.o [1]
  .text              ro code  0x00002930     0xc  cstartup_M.o [5]
  .rodata            const    0x0000293c     0x0  bwt_init3c.o [5]
  Initializer bytes  ro data  0x0000293c   0x434  <for P2 s0>
                            - 0x00002d70  0x2d68

Absolute sections, part 1 of 2:             0xbe
  .noinit            uninit   0x20000000    0xbc  bootloader.o [1]
  .noinit            uninit   0x200000bc     0x2  bootloader.o [1]
                            - 0x200000be    0xbe

Absolute sections, part 2 of 2:             0x10
  .noinit            uninit   0x20000100    0x10  flash.o [1]
                            - 0x20000110    0x10

"P2", part 1 of 3:                         0x434
  P2 s0                       0x20000110   0x434  <Init block>
    Veneer           inited   0x20000110     0x8  - Linker created -
    Veneer           inited   0x20000118     0x8  - Linker created -
    .textrw          inited   0x20000120   0x128  xmodem.o [1]
    .textrw          inited   0x20000248    0xb8  flash.o [1]
    Veneer           inited   0x20000300     0x8  - Linker created -
    Veneer           inited   0x20000308     0x8  - Linker created -
    .textrw          inited   0x20000310    0x50  decode.o [1]
    .textrw          inited   0x20000360    0xb4  boot.o [1]
    .textrw          inited   0x20000414    0x5c  xmodem.o [1]
    .textrw          inited   0x20000470    0x6e  usart.o [1]
    .textrw          inited   0x200004de    0x32  crc.o [1]
    Veneer           inited   0x20000510     0x8  - Linker created -
    .textrw          inited   0x20000518    0x24  bootloader.o [1]
    .data            inited   0x2000053c     0x4  system_efm32tg.o [1]
    .data            inited   0x20000540     0x4  system_efm32tg.o [1]
                            - 0x20000544   0x434

"P2", part 2 of 3:                         0x2f4
  .bss               zero     0x20000544   0x110  xmodem.o [1]
  .bss               zero     0x20000654    0xd8  decode.o [1]
  .bss               zero     0x2000072c    0xd8  encode.o [1]
  .bss               zero     0x20000804     0x8  encode.o [1]
  .bss               zero     0x2000080c     0x4  bootloader.o [1]
  .bss               zero     0x20000810     0x4  decode.o [1]
  .bss               zero     0x20000814     0x4  decode.o [1]
  .bss               zero     0x20000818     0x4  decode.o [1]
  .bss               zero     0x2000081c     0x4  decode.o [1]
  .bss               zero     0x20000820     0x4  em_int.o [1]
  .bss               zero     0x20000824     0x4  encode.o [1]
  .bss               zero     0x20000828     0x4  flash.o [1]
  .bss               zero     0x2000082c     0x4  system_efm32tg.o [1]
  .bss               zero     0x20000830     0x1  decode.o [1]
  .bss               zero     0x20000831     0x1  encode.o [1]
                            - 0x20000832   0x2ee

"P2", part 3 of 3:                         0x400
  CSTACK                      0x20000838   0x400  <Block>
    CSTACK           uninit   0x20000838   0x400  <Block tail>
                            - 0x20000c38   0x400


*******************************************************************************
*** INIT TABLE
***

          Address     Size
          -------     ----
Zero (__iar_zero_init3)
    1 destination range, total size 0x2ee:
          0x20000544  0x2ee

Copy (__iar_copy_init3)
    1 source range, total size 0x434:
          0x0000293c  0x434
    1 destination range, total size 0x434:
          0x20000110  0x434



*******************************************************************************
*** MODULE SUMMARY
***

    Module            ro code  rw code  ro data  rw data  rw data
                                                           (abs)
    ------            -------  -------  -------  -------  -------
D:\Firmware\my-project-hihack\trunk\ my-project-hihack --username kaiser.ren@gmail.com\energymicro\an\an0003_efm32_uart_bootloader\iar\bootloader-tg840\Debug\Obj: [1]
    boot.o                         180      180
    bootloader.o          384       36      136        4      190
    crc.o                           50       50
    debug.o               146
    decode.o              976       80      132      233
    em_acmp.o             122
    em_cmu.o              780
    em_gpio.o             212
    em_int.o                                           4
    em_prs.o               28
    em_timer.o            332
    encode.o            1 188                28      229
    flash.o               132      184      216        4       16
    iarwrite.o             56
    startup_efm32.o         8
    system_efm32tg.o      264                 8       12
    usart.o                40      110      110
    xmodem.o                       388      436      272
    -------------------------------------------------------------
    Total:              4 668    1 028    1 296      758      206

command line: [2]
    -------------------------------------------------------------
    Total:

dl7M_tln.a: [3]
    div.o                  14
    exit.o                  4
    low_level_init.o        4
    printf.o               36
    putchar.o              40
    xprintflarge.o      2 930
    xprout.o               22
    -------------------------------------------------------------
    Total:              3 050

m7M_tl.a: [4]
    DblAdd.o              212
    DblCmpLe.o             46
    DblDiv.o              582
    DblMul.o              418
    DblSub.o              384
    DblToI32.o             44
    I32ToDbl.o             28
    xdnorm.o               68
    -------------------------------------------------------------
    Total:              1 782

rt7M_tl.a: [5]
    ABImemcpy.o           118
    I64DivMod.o           238
    I64DivZer.o             2
    XXexit.o               12
    bwt_init3c.o
    cexit.o                10
    cmain.o                22
    copy_init3.o           46
    cstartup_M.o           12
    data_init3.o           44
    memchr.o               88
    strchr.o               22
    strlen.o               54
    zero_init3.o           34
    -------------------------------------------------------------
    Total:                702

    Gaps                   24                 2
    Linker created         32       40       76    1 024
-----------------------------------------------------------------
    Grand Total:       10 258    1 068    1 374    1 782      206


*******************************************************************************
*** ENTRY LIST
***

Entry                     Address   Size  Type      Object
-----                     -------   ----  ----      ------
?main                  0x00002865         Code  Gb  cmain.o [5]
ACMP_ChannelSet        0x000023c5   0x14  Code  Gb  em_acmp.o [1]
ACMP_Enable            0x000023bb    0xa  Code  Gb  em_acmp.o [1]
ACMP_Init              0x000023d9   0x4e  Code  Gb  em_acmp.o [1]
ACMP_setup             0x000020ef   0x46  Code  Lc  decode.o [1]
BITBAND_Peripheral     0x000023ad    0xe  Code  Lc  em_acmp.o [1]
BITBAND_Peripheral     0x00001be1    0xe  Code  Lc  em_cmu.o [1]
BOOT_boot              0x2000036d   0x72  Code  Gb  boot.o [1]
BOOT_jump              0x20000361    0xc  Code  Gb  boot.o [1]
CMU_ClockEnable        0x00001c95   0x86  Code  Gb  em_cmu.o [1]
CMU_ClockSelectGet     0x00001d1b   0xf2  Code  Gb  em_cmu.o [1]
CMU_FlashWaitStateControl
                       0x00001c23   0x5c  Code  Lc  em_cmu.o [1]
CMU_FlashWaitStateMax  0x00001bef   0x34  Code  Lc  em_cmu.o [1]
CMU_HFRCOBandSet       0x00001e0d   0x9a  Code  Gb  em_cmu.o [1]
CMU_Sync               0x00001c7f   0x16  Code  Lc  em_cmu.o [1]
CONFIG_DebugGpioSetup  0x000025c9    0xe  Code  Lc  debug.o [1]
CONFIG_UsartGpioSetup  0x00002483   0x12  Code  Lc  bootloader.o [1]
CRC_calc               0x200004df   0x32  Code  Gb  crc.o [1]
CSTACK$$Base           0x20000838          --   Gb  - Linker created -
CSTACK$$Limit          0x20000c38          --   Gb  - Linker created -
DEBUG_TxBuf            0x0000263d   0x1e  Code  Gb  debug.o [1]
DEBUG_TxByte           0x00002609   0x12  Code  Gb  debug.o [1]
DEBUG_init             0x000025d7   0x32  Code  Gb  debug.o [1]
EMU_EnterEM1           0x00002495   0x10  Code  Lc  bootloader.o [1]
FLASH_CalcPageSize     0x00002685   0x40  Code  Gb  flash.o [1]
FLASH_eraseOneBlock    0x200002a1   0x3c  Code  Gb  flash.o [1]
FLASH_init             0x000026c5   0x22  Code  Gb  flash.o [1]
FLASH_writeBlock       0x20000249   0x58  Code  Gb  flash.o [1]
GPIO_PinModeSet        0x00001eed   0xcc  Code  Gb  em_gpio.o [1]
GetProdRev             0x0000198d    0xa  Code  Lc  system_efm32tg.o [1]
HIJACKPutData          0x00001721   0x64  Code  Gb  encode.o [1]
HIJACK_CompareConfig   0x000015c7   0x50  Code  Lc  encode.o [1]
INT_Disable            0x00001ff3   0x24  Code  Lc  decode.o [1]
INT_Disable            0x00001527   0x24  Code  Lc  encode.o [1]
INT_Enable             0x00002017   0x2e  Code  Lc  decode.o [1]
INT_Enable             0x0000154b   0x2e  Code  Lc  encode.o [1]
INT_LockCnt            0x20000820    0x4  Data  Gb  em_int.o [1]
IsTime2Detect          0x00002135   0x40  Code  Lc  decode.o [1]
NVIC_DisableIRQ        0x00002449   0x18  Code  Lc  bootloader.o [1]
NVIC_EnableIRQ         0x00001fc1   0x1a  Code  Lc  decode.o [1]
NVIC_EnableIRQ         0x000014e9   0x1a  Code  Lc  encode.o [1]
NVIC_SetPriority       0x00002461   0x22  Code  Lc  bootloader.o [1]
PRS_SourceSignalSet    0x00002391   0x18  Code  Gb  em_prs.o [1]
Region$$Table$$Base    0x00002808          --   Gb  - Linker created -
Region$$Table$$Limit   0x0000282c          --   Gb  - Linker created -
SystemCoreClock        0x2000082c    0x4  Data  Gb  system_efm32tg.o [1]
SystemCoreClockGet     0x00001997   0x1a  Code  Gb  system_efm32tg.o [1]
SystemCoreClockUpdate  0x00001503    0x8  Code  Lc  encode.o [1]
SystemHFClockGet       0x000019b1   0xa6  Code  Gb  system_efm32tg.o [1]
SystemHFXOClock        0x2000053c    0x4  Data  Lc  system_efm32tg.o [1]
SystemLFXOClock        0x20000540    0x4  Data  Lc  system_efm32tg.o [1]
TIMER0_IRQHandler      0x00002045   0x42  Code  Gb  decode.o [1]
TIMER1_IRQHandler      0x00001579   0x4e  Code  Gb  encode.o [1]
TIMER_CaptureGet       0x00001fdb    0x8  Code  Lc  decode.o [1]
TIMER_CompareSet       0x0000150b    0x8  Code  Lc  encode.o [1]
TIMER_CounterSet       0x00001513    0x4  Code  Lc  encode.o [1]
TIMER_Enable           0x00001a95   0x12  Code  Gb  em_timer.o [1]
TIMER_Init             0x00001aa7   0xbc  Code  Gb  em_timer.o [1]
TIMER_InitCC           0x00001b63   0x7e  Code  Gb  em_timer.o [1]
TIMER_IntClear         0x00001fe3    0x4  Code  Lc  decode.o [1]
TIMER_IntClear         0x00001517    0x4  Code  Lc  encode.o [1]
TIMER_IntEnable        0x00001fe7    0x8  Code  Lc  decode.o [1]
TIMER_IntEnable        0x0000151b    0x8  Code  Lc  encode.o [1]
TIMER_IntGet           0x00001fef    0x4  Code  Lc  decode.o [1]
TIMER_IntGet           0x00001523    0x4  Code  Lc  encode.o [1]
TIMER_setup            0x000020a1   0x4e  Code  Lc  decode.o [1]
USART_init             0x0000265d   0x28  Code  Gb  usart.o [1]
USART_printHex         0x20000471   0x3c  Code  Gb  usart.o [1]
USART_printString      0x200004c9   0x16  Code  Gb  usart.o [1]
USART_txByte           0x200004ad   0x12  Code  Gb  usart.o [1]
XMODEM_download        0x20000121  0x128  Code  Gb  xmodem.o [1]
XMODEM_verifyPacketChecksum
                       0x20000415   0x5c  Code  Gb  xmodem.o [1]
_GenldLarge            0x000008dd  0x256  Code  Lc  xprintflarge.o [3]
_LdtobLarge            0x00000655  0x276  Code  Lc  xprintflarge.o [3]
_LitobLarge            0x0000052f  0x126  Code  Lc  xprintflarge.o [3]
_PrintfLarge           0x00000009  0x526  Code  Gb  xprintflarge.o [3]
_Prout                 0x0000289d   0x16  Code  Gb  xprout.o [3]
_PutcharsLarge         0x00000b33   0x2e  Code  Lc  xprintflarge.o [3]
__Vectors              0x00000000          --   Gb  startup_efm32.o [1]
__Vectors_End          0x00000008         Data  Gb  startup_efm32.o [1]
__Vectors_Size {Abs}   0x00000008          --   Gb  startup_efm32.o [1]
__aeabi_cdcmple        0x00000e1d         Code  Gb  DblCmpLe.o [4]
__aeabi_d2uiz          0x00001239         Code  Gb  DblToI32.o [4]
__aeabi_ddiv           0x00000ff1         Code  Gb  DblDiv.o [4]
__aeabi_dmul           0x00000e4d         Code  Gb  DblMul.o [4]
__aeabi_dsub           0x00001281         Code  Gb  DblSub.o [4]
__aeabi_ldiv0          0x00001411         Code  Gb  I64DivZer.o [5]
__aeabi_memcpy         0x00000d61         Code  Gb  ABImemcpy.o [5]
__aeabi_memcpy4        0x00000d81         Code  Gb  ABImemcpy.o [5]
__aeabi_memcpy8        0x00000d81         Code  Gb  ABImemcpy.o [5]
__aeabi_ui2d           0x00001265         Code  Gb  I32ToDbl.o [4]
__aeabi_uldivmod       0x00000c71         Code  Gb  I64DivMod.o [5]
__cmain                0x00002865         Code  Gb  cmain.o [5]
__exit                 0x00002891         Code  Gb  XXexit.o [5]
__iar_Dnorm            0x00000dd7   0x44  Code  Gb  xdnorm.o [4]
__iar_Memchr           0x00000c19         Code  Gb  memchr.o [5]
__iar_SB               0x0000293c         Data  Gb  bwt_init3c.o [5]
__iar_Strchr           0x00000ba9         Code  Gb  strchr.o [5]
__iar_copy_init3       0x00000b7b   0x2e  Code  Gb  copy_init3.o [5]
__iar_d2uiz            0x00001245         Code  Gb  DblToI32.o [4]
__iar_dadd             0x00001415         Code  Gb  DblAdd.o [4]
__iar_data_init3       0x00002791   0x2c  Code  Gb  data_init3.o [5]
__iar_dsub             0x00001295         Code  Gb  DblSub.o [4]
__iar_dsubStart        0x000012a7         Code  Gb  DblSub.o [4]
__iar_program_start    0x00002931         Code  Gb  cstartup_M.o [5]
__iar_ui2d             0x00001269         Code  Gb  I32ToDbl.o [4]
__iar_zero_init3       0x00000bbf   0x22  Code  Gb  zero_init3.o [5]
__low_level_init       0x0000287b    0x4  Code  Gb  low_level_init.o [3]
__vector_table         0x00000000         Data  Gb  startup_efm32.o [1]
__write                0x0000272d   0x38  Code  Gb  iarwrite.o [1]
_call_main             0x00002871         Code  Gb  cmain.o [5]
_exit                  0x00002885         Code  Gb  cexit.o [5]
_main                  0x00002877         Code  Gb  cmain.o [5]
bootloaderCRC          0x200000bc    0x2  Data  Gb  bootloader.o [1]
commandlineLoop        0x20000519   0x1c  Code  Gb  bootloader.o [1]
cur_edge               0x20000830    0x1  Data  Gb  decode.o [1]
cur_stamp              0x20000814    0x4  Data  Gb  decode.o [1]
dec                    0x20000810    0x4  Data  Gb  decode.o [1]
decBuf                 0x20000654   0xd8  Data  Gb  decode.o [1]
dec_init               0x00002087   0x1a  Code  Gb  decode.o [1]
dec_parser             0x00002175   0x5c  Code  Lc  decode.o [1]
dec_rxByte             0x20000311   0x50  Code  Gb  decode.o [1]
decode_machine         0x000021d1  0x172  Code  Gb  decode.o [1]
descr                  0x20000100   0x10  Data  Gb  flash.o [1]
div                    0x00001401    0xe  Code  Gb  div.o [3]
enc                    0x20000804    0x8  Data  Lc  encode.o [1]
encBuf                 0x2000072c   0xd8  Data  Gb  encode.o [1]
encGetAmount           0x000016e1    0x6  Code  Gb  encode.o [1]
encGetChar             0x000016e7   0x3a  Code  Gb  encode.o [1]
enc_init               0x00001617   0x68  Code  Gb  encode.o [1]
enc_machine            0x00001785  0x1d0  Code  Gb  encode.o [1]
enc_odd                0x20000831    0x1  Data  Lc  encode.o [1]
exit                   0x0000287f    0x4  Code  Gb  exit.o [3]
findParam              0x0000167f   0x62  Code  Gb  encode.o [1]
flashPageSize          0x20000828    0x4  Data  Gb  flash.o [1]
generateVectorTable    0x000024a5   0x1a  Code  Gb  bootloader.o [1]
inv                    0x2000081c    0x4  Data  Lc  decode.o [1]
main                   0x000024bf   0xb2  Code  Gb  bootloader.o [1]
memchr                 0x00000c19         Code  Gb  memchr.o [5]
offset                 0x20000818    0x4  Data  Lc  decode.o [1]
printf                 0x00002709   0x24  Code  Gb  printf.o [3]
putchar                0x000027bd   0x28  Code  Gb  putchar.o [3]
rawPacket              0x20000544  0x110  Data  Gb  xmodem.o [1]
strchr                 0x00000ba9         Code  Gb  strchr.o [5]
strlen                 0x00000be1         Code  Gb  strlen.o [5]
sys_tick               0x2000080c    0x4  Data  Gb  bootloader.o [1]
ticker                 0x20000824    0x4  Data  Gb  encode.o [1]
vectorTable            0x20000000   0xbc  Data  Gb  bootloader.o [1]


[1] = D:\Firmware\my-project-hihack\trunk\ my-project-hihack --username kaiser.ren@gmail.com\energymicro\an\an0003_efm32_uart_bootloader\iar\bootloader-tg840\Debug\Obj
[2] = command line
[3] = dl7M_tln.a
[4] = m7M_tl.a
[5] = rt7M_tl.a

  10 258 bytes of readonly  code memory
   1 068 bytes of readwrite code memory
   1 374 bytes of readonly  data memory
   1 782 bytes of readwrite data memory (+ 206 absolute)

Errors: none
Warnings: none
