###############################################################################
#                                                                             #
# IAR ELF Linker V6.30.6.53336/W32 for ARM              18/Feb/2013  11:10:19 #
# Copyright 2007-2012 IAR Systems AB.                                         #
#                                                                             #
#    Output file  =  D:\Firmware\my-project-hihack\trunk\ my-project-hihack   #
#                    --username kaiser.ren@gmail.com\energymicro\an\an0003_ef #
#                    m32_uart_bootloader\iar\bootloader-tg210\Release\Exe\boo #
#                    tloader-tg210.out                                        #
#    Map file     =  D:\Firmware\my-project-hihack\trunk\ my-project-hihack   #
#                    --username kaiser.ren@gmail.com\energymicro\an\an0003_ef #
#                    m32_uart_bootloader\iar\bootloader-tg210\Release\List\bo #
#                    otloader-tg210.map                                       #
#    Command line =  "D:\Firmware\my-project-hihack\trunk\ my-project-hihack  #
#                    --username kaiser.ren@gmail.com\energymicro\an\an0003_ef #
#                    m32_uart_bootloader\iar\bootloader-tg210\Release\Obj\aut #
#                    obaud.o" "D:\Firmware\my-project-hihack\trunk\           #
#                    my-project-hihack --username                             #
#                    kaiser.ren@gmail.com\energymicro\an\an0003_efm32_uart_bo #
#                    otloader\iar\bootloader-tg210\Release\Obj\boot.o"        #
#                    "D:\Firmware\my-project-hihack\trunk\ my-project-hihack  #
#                    --username kaiser.ren@gmail.com\energymicro\an\an0003_ef #
#                    m32_uart_bootloader\iar\bootloader-tg210\Release\Obj\boo #
#                    tloader.o" "D:\Firmware\my-project-hihack\trunk\         #
#                    my-project-hihack --username                             #
#                    kaiser.ren@gmail.com\energymicro\an\an0003_efm32_uart_bo #
#                    otloader\iar\bootloader-tg210\Release\Obj\crc.o"         #
#                    "D:\Firmware\my-project-hihack\trunk\ my-project-hihack  #
#                    --username kaiser.ren@gmail.com\energymicro\an\an0003_ef #
#                    m32_uart_bootloader\iar\bootloader-tg210\Release\Obj\deb #
#                    ug.o" "D:\Firmware\my-project-hihack\trunk\              #
#                    my-project-hihack --username                             #
#                    kaiser.ren@gmail.com\energymicro\an\an0003_efm32_uart_bo #
#                    otloader\iar\bootloader-tg210\Release\Obj\debuglock.o"   #
#                    "D:\Firmware\my-project-hihack\trunk\ my-project-hihack  #
#                    --username kaiser.ren@gmail.com\energymicro\an\an0003_ef #
#                    m32_uart_bootloader\iar\bootloader-tg210\Release\Obj\fla #
#                    sh.o" "D:\Firmware\my-project-hihack\trunk\              #
#                    my-project-hihack --username                             #
#                    kaiser.ren@gmail.com\energymicro\an\an0003_efm32_uart_bo #
#                    otloader\iar\bootloader-tg210\Release\Obj\iarwrite.o"    #
#                    "D:\Firmware\my-project-hihack\trunk\ my-project-hihack  #
#                    --username kaiser.ren@gmail.com\energymicro\an\an0003_ef #
#                    m32_uart_bootloader\iar\bootloader-tg210\Release\Obj\sta #
#                    rtup_efm32.o" "D:\Firmware\my-project-hihack\trunk\      #
#                    my-project-hihack --username                             #
#                    kaiser.ren@gmail.com\energymicro\an\an0003_efm32_uart_bo #
#                    otloader\iar\bootloader-tg210\Release\Obj\usart.o"       #
#                    "D:\Firmware\my-project-hihack\trunk\ my-project-hihack  #
#                    --username kaiser.ren@gmail.com\energymicro\an\an0003_ef #
#                    m32_uart_bootloader\iar\bootloader-tg210\Release\Obj\xmo #
#                    dem.o" --redirect _Printf=_PrintfFull --redirect         #
#                    _Scanf=_ScanfFull -o "D:\Firmware\my-project-hihack\trun #
#                    k\ my-project-hihack --username                          #
#                    kaiser.ren@gmail.com\energymicro\an\an0003_efm32_uart_bo #
#                    otloader\iar\bootloader-tg210\Release\Exe\bootloader-tg2 #
#                    10.out" --map "D:\Firmware\my-project-hihack\trunk\      #
#                    my-project-hihack --username                             #
#                    kaiser.ren@gmail.com\energymicro\an\an0003_efm32_uart_bo #
#                    otloader\iar\bootloader-tg210\Release\List\bootloader-tg #
#                    210.map" --config "D:\Firmware\my-project-hihack\trunk\  #
#                    my-project-hihack --username                             #
#                    kaiser.ren@gmail.com\energymicro\an\an0003_efm32_uart_bo #
#                    otloader\iar\..\iar_linker_files\EFM32TG210F32.icf"      #
#                    --entry __iar_program_start --inline --vfe               #
#                                                                             #
#                                                                             #
###############################################################################

*******************************************************************************
*** RUNTIME MODEL ATTRIBUTES
***

CppFlavor       = *
__SystemLibrary = DLib


*******************************************************************************
*** PLACEMENT SUMMARY
***

"A1":  place at 0x00000800 { ro section .intvec };
"P1":  place in [from 0x00000800 to 0x00007fff] { ro };
"P2":  place in [from 0x20000000 to 0x20000fff] { rw, block CSTACK, block HEAP };

  Section            Kind        Address   Size  Object
  -------            ----        -------   ----  ------
"A1":                                       0x8
  .intvec            ro code  0x00000800    0x8  startup_efm32.o [1]
                            - 0x00000808    0x8

"P1":                                     0x6f8
  Veneer             ro code  0x00000808    0x8  - Linker created -
  Veneer             ro code  0x00000810    0x8  - Linker created -
  Veneer             ro code  0x00000818    0x8  - Linker created -
  Veneer             ro code  0x00000820    0x8  - Linker created -
  Veneer             ro code  0x00000828    0x8  - Linker created -
  .text              ro code  0x00000830  0x1b8  autobaud.o [1]
  .text              ro code  0x000009e8   0x2e  copy_init3.o [4]
  .text              ro code  0x00000a16   0x22  zero_init3.o [4]
  .text              ro code  0x00000a38   0x2c  data_init3.o [4]
  .iar.init_table    const    0x00000a64   0x24  - Linker created -
  .text              ro code  0x00000a88   0x16  cmain.o [4]
  .text              ro code  0x00000a9e    0x4  exit.o [3]
  .text              ro code  0x00000aa4    0xa  cexit.o [4]
  .text              ro code  0x00000ab0    0xc  XXexit.o [4]
  .text              ro code  0x00000abc    0xc  cstartup_M.o [4]
  .rodata            const    0x00000ac8    0x0  bwt_init3c.o [4]
  Initializer bytes  ro data  0x00000ac8  0x438  <for P2 s0>
                            - 0x00000f00  0x6f8

Absolute sections, part 1 of 2:            0xbe
  .noinit            uninit   0x20000000   0xbc  autobaud.o [1]
  .noinit            uninit   0x200000bc    0x2  autobaud.o [1]
                            - 0x200000be   0xbe

Absolute sections, part 2 of 2:            0x10
  .noinit            uninit   0x20000100   0x10  autobaud.o [1]
                            - 0x20000110   0x10

"P2", part 1 of 3:                        0x438
  P2 s0                       0x20000110  0x438  <Init block>
    .textrw          inited   0x20000110  0x3ec  autobaud.o [1]
    .data            inited   0x200004fc   0x28  autobaud.o [1]
    .data            inited   0x20000524   0x18  autobaud.o [1]
    .data            inited   0x2000053c    0xc  autobaud.o [1]
                            - 0x20000548  0x438

"P2", part 2 of 3:                        0x130
  .bss               zero     0x20000548  0x118  autobaud.o [1]
  .bss               zero     0x20000660   0x18  autobaud.o [1]
                            - 0x20000678  0x130

"P2", part 3 of 3:                        0x400
  CSTACK                      0x20000678  0x400  <Block>
    CSTACK           uninit   0x20000678  0x400  <Block tail>
                            - 0x20000a78  0x400


*******************************************************************************
*** INIT TABLE
***

          Address     Size
          -------     ----
Zero (__iar_zero_init3)
    1 destination range, total size 0x130:
          0x20000548  0x130

Copy (__iar_copy_init3)
    1 source range, total size 0x438:
          0x00000ac8  0x438
    1 destination range, total size 0x438:
          0x20000110  0x438



*******************************************************************************
*** MODULE SUMMARY
***

    Module           ro code  rw code  ro data  rw data  rw data
                                                          (abs)
    ------           -------  -------  -------  -------  -------
D:\Firmware\my-project-hihack\trunk\ my-project-hihack --username kaiser.ren@gmail.com\energymicro\an\an0003_efm32_uart_bootloader\iar\bootloader-tg210\Release\Obj: [1]
    autobaud.o           440    1 004    1 080      380      206
    startup_efm32.o        8
    ------------------------------------------------------------
    Total:               448    1 004    1 080      380      206

command line: [2]
    ------------------------------------------------------------
    Total:

dl7M_tln.a: [3]
    exit.o                 4
    ------------------------------------------------------------
    Total:                 4

rt7M_tl.a: [4]
    XXexit.o              12
    bwt_init3c.o
    cexit.o               10
    cmain.o               22
    copy_init3.o          46
    cstartup_M.o          12
    data_init3.o          44
    zero_init3.o          34
    ------------------------------------------------------------
    Total:               180

    Gaps                   4
    Linker created        40                36    1 024
----------------------------------------------------------------
    Grand Total:         676    1 004    1 116    1 404      206


*******************************************************************************
*** ENTRY LIST
***

Entry                      Address   Size  Type      Object
-----                      -------   ----  ----      ------
?main                   0x00000a89         Code  Gb  cmain.o [4]
BOOT_boot               0x2000011d   0x4c  Code  Gb  autobaud.o [1]
BOOT_jump               0x20000111    0xc  Code  Gb  autobaud.o [1]
CRC_calc                0x20000297   0x30  Code  Gb  autobaud.o [1]
CSTACK$$Base            0x20000678          --   Gb  - Linker created -
CSTACK$$Limit           0x20000a78          --   Gb  - Linker created -
DEBUGLOCK_startDebugInterface
                        0x200002c7   0x48  Code  Gb  autobaud.o [1]
RTC_IRQHandler          0x00000851   0x14  Code  Gb  autobaud.o [1]
Region$$Table$$Base     0x00000a64          --   Gb  - Linker created -
Region$$Table$$Limit    0x00000a88          --   Gb  - Linker created -
TIMER_IRQHandler        0x00000831   0x20  Code  Gb  autobaud.o [1]
USART_printHex          0x2000030f   0x24  Code  Gb  autobaud.o [1]
USART_printString       0x2000035b   0x16  Code  Gb  autobaud.o [1]
USART_rxByte            0x20000333   0x1c  Code  Gb  autobaud.o [1]
USART_txByte            0x2000034f    0xc  Code  Gb  autobaud.o [1]
XMODEM_download         0x20000371  0x124  Code  Gb  autobaud.o [1]
_DEBUGLOCK_swData       0x20000524   0x18  Data  Gb  autobaud.o [1]
__Vectors               0x00000800          --   Gb  startup_efm32.o [1]
__Vectors_End           0x00000808         Data  Gb  startup_efm32.o [1]
__Vectors_Size {Abs}    0x00000008          --   Gb  startup_efm32.o [1]
__cmain                 0x00000a89         Code  Gb  cmain.o [4]
__exit                  0x00000ab1         Code  Gb  XXexit.o [4]
__iar_SB                0x00000ac8         Data  Gb  bwt_init3c.o [4]
__iar_copy_init3        0x000009e9   0x2e  Code  Gb  copy_init3.o [4]
__iar_data_init3        0x00000a39   0x2c  Code  Gb  data_init3.o [4]
__iar_program_start     0x00000abd         Code  Gb  cstartup_M.o [4]
__iar_zero_init3        0x00000a17   0x22  Code  Gb  zero_init3.o [4]
__vector_table          0x00000800         Data  Gb  startup_efm32.o [1]
_call_main              0x00000a95         Code  Gb  cmain.o [4]
_exit                   0x00000aa5         Code  Gb  cexit.o [4]
_main                   0x00000a9b         Code  Gb  cmain.o [4]
bootloaderCRC           0x200000bc    0x2  Data  Gb  autobaud.o [1]
commandlineLoop         0x2000018d  0x106  Code  Gb  autobaud.o [1]
crcString               0x2000053c    0x8  Data  Gb  autobaud.o [1]
currentSample           0x20000660    0x4  Data  Gb  autobaud.o [1]
descr                   0x20000100   0x10  Data  Gb  autobaud.o [1]
exit                    0x00000a9f    0x4  Code  Gb  exit.o [3]
failString              0x20000510    0xc  Data  Gb  autobaud.o [1]
flashPageSize           0x2000054c    0x4  Data  Gb  autobaud.o [1]
main                    0x00000865  0x11a  Code  Gb  autobaud.o [1]
newLineString           0x20000544    0x4  Data  Gb  autobaud.o [1]
okString                0x20000508    0x8  Data  Gb  autobaud.o [1]
rawPacket               0x20000550  0x110  Data  Gb  autobaud.o [1]
readyString             0x200004fc    0xc  Data  Gb  autobaud.o [1]
resetEFM32onRTCTimeout  0x20000548    0x1  Data  Gb  autobaud.o [1]
samples                 0x20000664   0x14  Data  Gb  autobaud.o [1]
unknownString           0x2000051c    0x8  Data  Gb  autobaud.o [1]
vectorTable             0x20000000   0xbc  Data  Gb  autobaud.o [1]
verify                  0x20000169   0x24  Code  Gb  autobaud.o [1]


[1] = D:\Firmware\my-project-hihack\trunk\ my-project-hihack --username kaiser.ren@gmail.com\energymicro\an\an0003_efm32_uart_bootloader\iar\bootloader-tg210\Release\Obj
[2] = command line
[3] = dl7M_tln.a
[4] = rt7M_tl.a

    676 bytes of readonly  code memory
  1 004 bytes of readwrite code memory
  1 116 bytes of readonly  data memory
  1 404 bytes of readwrite data memory (+ 206 absolute)

Errors: none
Warnings: none
