###############################################################################
#                                                                             #
# IAR ELF Linker V6.30.6.53336/W32 for ARM              27/Jun/2013  10:42:48 #
# Copyright 2007-2012 IAR Systems AB.                                         #
#                                                                             #
#    Output file  =  D:\Firmware\my-project-hihack\trunk\ my-project-hihack   #
#                    --username kaiser.ren@gmail.com\energymicro\kits\EFM32TG #
#                    _STK3300\examples\blink\iar\blink\Debug\Exe\blink.out    #
#    Map file     =  D:\Firmware\my-project-hihack\trunk\ my-project-hihack   #
#                    --username kaiser.ren@gmail.com\energymicro\kits\EFM32TG #
#                    _STK3300\examples\blink\iar\blink\Debug\List\blink.map   #
#    Command line =  "D:\Firmware\my-project-hihack\trunk\ my-project-hihack  #
#                    --username kaiser.ren@gmail.com\energymicro\kits\EFM32TG #
#                    _STK3300\examples\blink\iar\blink\Debug\Obj\blink.o"     #
#                    "D:\Firmware\my-project-hihack\trunk\ my-project-hihack  #
#                    --username kaiser.ren@gmail.com\energymicro\kits\EFM32TG #
#                    _STK3300\examples\blink\iar\blink\Debug\Obj\bsp_stk.o"   #
#                    "D:\Firmware\my-project-hihack\trunk\ my-project-hihack  #
#                    --username kaiser.ren@gmail.com\energymicro\kits\EFM32TG #
#                    _STK3300\examples\blink\iar\blink\Debug\Obj\bsp_stk_leds #
#                    .o" "D:\Firmware\my-project-hihack\trunk\                #
#                    my-project-hihack --username                             #
#                    kaiser.ren@gmail.com\energymicro\kits\EFM32TG_STK3300\ex #
#                    amples\blink\iar\blink\Debug\Obj\bsp_trace.o"            #
#                    "D:\Firmware\my-project-hihack\trunk\ my-project-hihack  #
#                    --username kaiser.ren@gmail.com\energymicro\kits\EFM32TG #
#                    _STK3300\examples\blink\iar\blink\Debug\Obj\em_assert.o" #
#                     "D:\Firmware\my-project-hihack\trunk\                   #
#                    my-project-hihack --username                             #
#                    kaiser.ren@gmail.com\energymicro\kits\EFM32TG_STK3300\ex #
#                    amples\blink\iar\blink\Debug\Obj\em_cmu.o"               #
#                    "D:\Firmware\my-project-hihack\trunk\ my-project-hihack  #
#                    --username kaiser.ren@gmail.com\energymicro\kits\EFM32TG #
#                    _STK3300\examples\blink\iar\blink\Debug\Obj\em_emu.o"    #
#                    "D:\Firmware\my-project-hihack\trunk\ my-project-hihack  #
#                    --username kaiser.ren@gmail.com\energymicro\kits\EFM32TG #
#                    _STK3300\examples\blink\iar\blink\Debug\Obj\em_gpio.o"   #
#                    "D:\Firmware\my-project-hihack\trunk\ my-project-hihack  #
#                    --username kaiser.ren@gmail.com\energymicro\kits\EFM32TG #
#                    _STK3300\examples\blink\iar\blink\Debug\Obj\em_system.o" #
#                     "D:\Firmware\my-project-hihack\trunk\                   #
#                    my-project-hihack --username                             #
#                    kaiser.ren@gmail.com\energymicro\kits\EFM32TG_STK3300\ex #
#                    amples\blink\iar\blink\Debug\Obj\em_usart.o"             #
#                    "D:\Firmware\my-project-hihack\trunk\ my-project-hihack  #
#                    --username kaiser.ren@gmail.com\energymicro\kits\EFM32TG #
#                    _STK3300\examples\blink\iar\blink\Debug\Obj\startup_efm3 #
#                    2tg.o" "D:\Firmware\my-project-hihack\trunk\             #
#                    my-project-hihack --username                             #
#                    kaiser.ren@gmail.com\energymicro\kits\EFM32TG_STK3300\ex #
#                    amples\blink\iar\blink\Debug\Obj\system_efm32tg.o"       #
#                    --redirect _Printf=_PrintfFull --redirect                #
#                    _Scanf=_ScanfFull -o "D:\Firmware\my-project-hihack\trun #
#                    k\ my-project-hihack --username                          #
#                    kaiser.ren@gmail.com\energymicro\kits\EFM32TG_STK3300\ex #
#                    amples\blink\iar\blink\Debug\Exe\blink.out" --map        #
#                    "D:\Firmware\my-project-hihack\trunk\ my-project-hihack  #
#                    --username kaiser.ren@gmail.com\energymicro\kits\EFM32TG #
#                    _STK3300\examples\blink\iar\blink\Debug\List\blink.map"  #
#                    --config "D:\Firmware\my-project-hihack\trunk\           #
#                    my-project-hihack --username                             #
#                    kaiser.ren@gmail.com\energymicro\kits\EFM32TG_STK3300\ex #
#                    amples\blink\iar\..\EFM32TG840F32.icf" --entry           #
#                    __iar_program_start --vfe                                #
#                                                                             #
#                                                                             #
###############################################################################

*******************************************************************************
*** RUNTIME MODEL ATTRIBUTES
***

CppFlavor       = *
__SystemLibrary = DLib


*******************************************************************************
*** PLACEMENT SUMMARY
***

"A1":  place at 0x00003000 { ro section .intvec };
"P1":  place in [from 0x00003000 to 0x00007fff] { ro };
"P2":  place in [from 0x20000000 to 0x20000fff] { rw, block CSTACK, block HEAP };

  Section            Kind        Address   Size  Object
  -------            ----        -------   ----  ------
"A1":                                      0x9c
  .intvec            ro code  0x00003000   0x9c  startup_efm32tg.o [1]
                            - 0x0000309c   0x9c

"P1":                                     0xb28
  .text              ro code  0x0000309c  0x4b4  em_cmu.o [1]
  .text              ro code  0x00003550    0x2  em_assert.o [1]
  .text              ro code  0x00003552   0x2e  copy_init3.o [4]
  .text              ro code  0x00003580  0x11c  system_efm32tg.o [1]
  .text              ro code  0x0000369c   0xf0  em_gpio.o [1]
  .rodata            const    0x0000378c   0xb0  bsp_stk_leds.o [1]
  .text              ro code  0x0000383c   0xa4  bsp_stk_leds.o [1]
  .text              ro code  0x000038e0   0x9c  blink.o [1]
  .rodata            const    0x0000397c   0x78  em_cmu.o [1]
  .rodata            const    0x000039f4   0x78  em_gpio.o [1]
  .text              ro code  0x00003a6c   0x2c  data_init3.o [4]
  .text              ro code  0x00003a98   0x22  zero_init3.o [4]
  .iar.init_table    const    0x00003abc   0x24  - Linker created -
  .text              ro code  0x00003ae0   0x16  cmain.o [4]
  .text              ro code  0x00003af6    0x4  low_level_init.o [3]
  .text              ro code  0x00003afa    0x4  exit.o [3]
  .text              ro code  0x00003b00    0xa  cexit.o [4]
  .text              ro code  0x00003b0c    0xc  XXexit.o [4]
  .text              ro code  0x00003b18   0x10  startup_efm32tg.o [1]
  .text              ro code  0x00003b28    0xc  cstartup_M.o [4]
  .rodata            const    0x00003b34    0x8  bsp_stk_leds.o [1]
  .text              ro code  0x00003b3c    0x4  startup_efm32tg.o [1]
  .text              ro code  0x00003b40    0x4  startup_efm32tg.o [1]
  .text              ro code  0x00003b44    0x4  startup_efm32tg.o [1]
  .text              ro code  0x00003b48    0x4  startup_efm32tg.o [1]
  .text              ro code  0x00003b4c    0x4  startup_efm32tg.o [1]
  .text              ro code  0x00003b50    0x4  startup_efm32tg.o [1]
  .text              ro code  0x00003b54    0x4  startup_efm32tg.o [1]
  .text              ro code  0x00003b58    0x4  startup_efm32tg.o [1]
  .text              ro code  0x00003b5c    0x4  startup_efm32tg.o [1]
  .text              ro code  0x00003b60    0x4  startup_efm32tg.o [1]
  .text              ro code  0x00003b64    0x4  startup_efm32tg.o [1]
  .text              ro code  0x00003b68    0x4  startup_efm32tg.o [1]
  .text              ro code  0x00003b6c    0x4  startup_efm32tg.o [1]
  .text              ro code  0x00003b70    0x4  startup_efm32tg.o [1]
  .text              ro code  0x00003b74    0x4  startup_efm32tg.o [1]
  .text              ro code  0x00003b78    0x4  startup_efm32tg.o [1]
  .text              ro code  0x00003b7c    0x4  startup_efm32tg.o [1]
  .text              ro code  0x00003b80    0x4  startup_efm32tg.o [1]
  .text              ro code  0x00003b84    0x4  startup_efm32tg.o [1]
  .text              ro code  0x00003b88    0x4  startup_efm32tg.o [1]
  .text              ro code  0x00003b8c    0x4  startup_efm32tg.o [1]
  .text              ro code  0x00003b90    0x4  startup_efm32tg.o [1]
  .text              ro code  0x00003b94    0x4  startup_efm32tg.o [1]
  .text              ro code  0x00003b98    0x4  startup_efm32tg.o [1]
  .text              ro code  0x00003b9c    0x4  startup_efm32tg.o [1]
  .text              ro code  0x00003ba0    0x4  startup_efm32tg.o [1]
  .text              ro code  0x00003ba4    0x4  startup_efm32tg.o [1]
  .text              ro code  0x00003ba8    0x4  startup_efm32tg.o [1]
  .text              ro code  0x00003bac    0x4  startup_efm32tg.o [1]
  .text              ro code  0x00003bb0    0x4  startup_efm32tg.o [1]
  .text              ro code  0x00003bb4    0x4  startup_efm32tg.o [1]
  .text              ro code  0x00003bb8    0x4  startup_efm32tg.o [1]
  .rodata            const    0x00003bbc    0x0  bwt_init3c.o [4]
  Initializer bytes  ro data  0x00003bbc    0x8  <for P2 s0>
                            - 0x00003bc4  0xb28

"P2", part 1 of 3:                          0x8
  P2 s0                       0x20000000    0x8  <Init block>
    .data            inited   0x20000000    0x4  system_efm32tg.o [1]
    .data            inited   0x20000004    0x4  system_efm32tg.o [1]
                            - 0x20000008    0x8

"P2", part 2 of 3:                          0x8
  .bss               zero     0x20000008    0x4  system_efm32tg.o [1]
                            - 0x2000000c    0x4

"P2", part 3 of 3:                        0x400
  CSTACK                      0x20000010  0x400  <Block>
    CSTACK           uninit   0x20000010  0x400  <Block tail>
                            - 0x20000410  0x400


*******************************************************************************
*** INIT TABLE
***

          Address     Size
          -------     ----
Zero (__iar_zero_init3)
    1 destination range, total size 0x4:
          0x20000008   0x4

Copy (__iar_copy_init3)
    1 source range, total size 0x8:
          0x00003bbc   0x8
    1 destination range, total size 0x8:
          0x20000000   0x8



*******************************************************************************
*** MODULE SUMMARY
***

    Module             ro code  ro data  rw data
    ------             -------  -------  -------
D:\Firmware\my-project-hihack\trunk\ my-project-hihack --username kaiser.ren@gmail.com\energymicro\kits\EFM32TG_STK3300\examples\blink\iar\blink\Debug\Obj: [1]
    blink.o                156
    bsp_stk_leds.o         164      184
    em_assert.o              2
    em_cmu.o             1 204      120
    em_gpio.o              240      120
    startup_efm32tg.o      300
    system_efm32tg.o       284        8       12
    --------------------------------------------
    Total:               2 350      432       12

command line: [2]
    --------------------------------------------
    Total:

dl7M_tln.a: [3]
    exit.o                   4
    low_level_init.o         4
    --------------------------------------------
    Total:                   8

rt7M_tl.a: [4]
    XXexit.o                12
    bwt_init3c.o
    cexit.o                 10
    cmain.o                 22
    copy_init3.o            46
    cstartup_M.o            12
    data_init3.o            44
    zero_init3.o            34
    --------------------------------------------
    Total:                 180

    Gaps                     4        2
    Linker created                   36    1 024
------------------------------------------------
    Grand Total:         2 542      470    1 036


*******************************************************************************
*** ENTRY LIST
***

Entry                    Address   Size  Type      Object
-----                    -------   ----  ----      ------
?main                 0x00003ae1         Code  Gb  cmain.o [4]
ACMP0_IRQHandler      0x00003b75         Code  Wk  startup_efm32tg.o [1]
ADC0_IRQHandler       0x00003b79         Code  Wk  startup_efm32tg.o [1]
AES_IRQHandler        0x00003bb9         Code  Wk  startup_efm32tg.o [1]
BITBAND_Peripheral    0x0000309d    0xe  Code  Lc  em_cmu.o [1]
BSP_LedToggle         0x000038a1   0x28  Code  Gb  bsp_stk_leds.o [1]
BSP_LedsInit          0x00003869   0x38  Code  Gb  bsp_stk_leds.o [1]
BusFault_Handler      0x00003b49         Code  Wk  startup_efm32tg.o [1]
CHIP_Init             0x00003935    0x2  Code  Lc  blink.o [1]
CMU_AUXClkGet         0x000030d1   0x64  Code  Lc  em_cmu.o [1]
CMU_ClockEnable       0x00003201   0x92  Code  Gb  em_cmu.o [1]
CMU_ClockFreqGet      0x00003293  0x158  Code  Gb  em_cmu.o [1]
CMU_ClockSelectGet    0x000033eb  0x102  Code  Gb  em_cmu.o [1]
CMU_DBGClkGet         0x00003135   0x3c  Code  Lc  em_cmu.o [1]
CMU_DivToLog2         0x000030ab   0x26  Code  Lc  em_cmu.o [1]
CMU_IRQHandler        0x00003ba9         Code  Wk  startup_efm32tg.o [1]
CMU_LFClkGet          0x00003171   0x7a  Code  Lc  em_cmu.o [1]
CMU_Sync              0x000031eb   0x16  Code  Lc  em_cmu.o [1]
CSTACK$$Base          0x20000010          --   Gb  - Linker created -
CSTACK$$Limit         0x20000410          --   Gb  - Linker created -
DAC0_IRQHandler       0x00003b7d         Code  Wk  startup_efm32tg.o [1]
DMA_IRQHandler        0x00003b61         Code  Wk  startup_efm32tg.o [1]
DebugMon_Handler      0x00003b55         Code  Wk  startup_efm32tg.o [1]
GPIO_EVEN_IRQHandler  0x00003b65         Code  Wk  startup_efm32tg.o [1]
GPIO_ODD_IRQHandler   0x00003b85         Code  Wk  startup_efm32tg.o [1]
GPIO_PinModeSet       0x0000369d   0xe4  Code  Gb  em_gpio.o [1]
GPIO_PinOutToggle     0x0000383d   0x2c  Code  Lc  bsp_stk_leds.o [1]
GetProdRev            0x00003581    0xa  Code  Lc  system_efm32tg.o [1]
HardFault_Handler     0x00003b41         Code  Wk  startup_efm32tg.o [1]
I2C0_IRQHandler       0x00003b81         Code  Wk  startup_efm32tg.o [1]
LCD_IRQHandler        0x00003bb1         Code  Wk  startup_efm32tg.o [1]
LESENSE_IRQHandler    0x00003b95         Code  Wk  startup_efm32tg.o [1]
LETIMER0_IRQHandler   0x00003b9d         Code  Wk  startup_efm32tg.o [1]
LEUART0_IRQHandler    0x00003b99         Code  Wk  startup_efm32tg.o [1]
MSC_IRQHandler        0x00003bb5         Code  Wk  startup_efm32tg.o [1]
MemManage_Handler     0x00003b45         Code  Wk  startup_efm32tg.o [1]
NMI_Handler           0x00003b3d         Code  Wk  startup_efm32tg.o [1]
NVIC_SetPriority      0x000038e1   0x22  Code  Lc  blink.o [1]
PCNT0_IRQHandler      0x00003ba1         Code  Wk  startup_efm32tg.o [1]
PendSV_Handler        0x00003b59         Code  Wk  startup_efm32tg.o [1]
RTC_IRQHandler        0x00003ba5         Code  Wk  startup_efm32tg.o [1]
Region$$Table$$Base   0x00003abc          --   Gb  - Linker created -
Region$$Table$$Limit  0x00003ae0          --   Gb  - Linker created -
Reset_Handler         0x00003b19         Code  Wk  startup_efm32tg.o [1]
SVC_Handler           0x00003b51         Code  Wk  startup_efm32tg.o [1]
SysTick_Config        0x00003903   0x32  Code  Lc  blink.o [1]
SysTick_Handler       0x00003937    0xa  Code  Gb  blink.o [1]
SystemCoreClock       0x20000008    0x4  Data  Gb  system_efm32tg.o [1]
SystemCoreClockGet    0x0000358b   0x1a  Code  Gb  system_efm32tg.o [1]
SystemHFClockGet      0x000035a5   0xa6  Code  Gb  system_efm32tg.o [1]
SystemHFXOClock       0x20000000    0x4  Data  Lc  system_efm32tg.o [1]
SystemInit            0x0000364b    0x2  Code  Gb  system_efm32tg.o [1]
SystemLFRCOClockGet   0x0000364d    0x6  Code  Gb  system_efm32tg.o [1]
SystemLFXOClock       0x20000004    0x4  Data  Lc  system_efm32tg.o [1]
SystemLFXOClockGet    0x00003659    0x6  Code  Gb  system_efm32tg.o [1]
SystemULFRCOClockGet  0x00003653    0x6  Code  Gb  system_efm32tg.o [1]
TIMER0_IRQHandler     0x00003b69         Code  Wk  startup_efm32tg.o [1]
TIMER1_IRQHandler     0x00003b89         Code  Wk  startup_efm32tg.o [1]
USART0_RX_IRQHandler  0x00003b6d         Code  Wk  startup_efm32tg.o [1]
USART0_TX_IRQHandler  0x00003b71         Code  Wk  startup_efm32tg.o [1]
USART1_RX_IRQHandler  0x00003b8d         Code  Wk  startup_efm32tg.o [1]
USART1_TX_IRQHandler  0x00003b91         Code  Wk  startup_efm32tg.o [1]
UsageFault_Handler    0x00003b4d         Code  Wk  startup_efm32tg.o [1]
VCMP_IRQHandler       0x00003bad         Code  Wk  startup_efm32tg.o [1]
__Vectors             0x00003000          --   Gb  startup_efm32tg.o [1]
__Vectors_End         0x0000309c         Data  Gb  startup_efm32tg.o [1]
__Vectors_Size {Abs}  0x0000009c          --   Gb  startup_efm32tg.o [1]
__cmain               0x00003ae1         Code  Gb  cmain.o [4]
__exit                0x00003b0d         Code  Gb  XXexit.o [4]
__iar_SB              0x00003bbc         Data  Gb  bwt_init3c.o [4]
__iar_copy_init3      0x00003553   0x2e  Code  Gb  copy_init3.o [4]
__iar_data_init3      0x00003a6d   0x2c  Code  Gb  data_init3.o [4]
__iar_program_start   0x00003b29         Code  Gb  cstartup_M.o [4]
__iar_zero_init3      0x00003a99   0x22  Code  Gb  zero_init3.o [4]
__low_level_init      0x00003af7    0x4  Code  Gb  low_level_init.o [3]
__vector_table        0x00003000         Data  Gb  startup_efm32tg.o [1]
__vector_table_0x1c   0x0000301c         Data  Gb  startup_efm32tg.o [1]
_call_main            0x00003aed         Code  Gb  cmain.o [4]
_exit                 0x00003b01         Code  Gb  cexit.o [4]
_main                 0x00003af3         Code  Gb  cmain.o [4]
assertEFM             0x00003551    0x2  Code  Gb  em_assert.o [1]
exit                  0x00003afb    0x4  Code  Gb  exit.o [3]
ledArray              0x00003b34    0x8  Data  Lc  bsp_stk_leds.o [1]
main                  0x00003941   0x22  Code  Gb  blink.o [1]


[1] = D:\Firmware\my-project-hihack\trunk\ my-project-hihack --username kaiser.ren@gmail.com\energymicro\kits\EFM32TG_STK3300\examples\blink\iar\blink\Debug\Obj
[2] = command line
[3] = dl7M_tln.a
[4] = rt7M_tl.a

  2 542 bytes of readonly  code memory
    470 bytes of readonly  data memory
  1 036 bytes of readwrite data memory

Errors: none
Warnings: none
