###############################################################################
#                                                                             #
# IAR ELF Linker V6.30.6.53336/W32 for ARM              03/Jul/2013  16:17:39 #
# Copyright 2007-2012 IAR Systems AB.                                         #
#                                                                             #
#    Output file  =  D:\Firmware\my-project-hihack\trunk\ my-project-hihack   #
#                    --username kaiser.ren@gmail.com\energymicro\an\bootloade #
#                    r\iar\bootloader-tg840\Release\Exe\bootloader-tg840.out  #
#    Map file     =  D:\Firmware\my-project-hihack\trunk\ my-project-hihack   #
#                    --username kaiser.ren@gmail.com\energymicro\an\bootloade #
#                    r\iar\bootloader-tg840\Release\List\bootloader-tg840.map #
#    Command line =  "D:\Firmware\my-project-hihack\trunk\ my-project-hihack  #
#                    --username kaiser.ren@gmail.com\energymicro\an\bootloade #
#                    r\iar\bootloader-tg840\Release\Obj\autobaud.o"           #
#                    "D:\Firmware\my-project-hihack\trunk\ my-project-hihack  #
#                    --username kaiser.ren@gmail.com\energymicro\an\bootloade #
#                    r\iar\bootloader-tg840\Release\Obj\boot.o"               #
#                    "D:\Firmware\my-project-hihack\trunk\ my-project-hihack  #
#                    --username kaiser.ren@gmail.com\energymicro\an\bootloade #
#                    r\iar\bootloader-tg840\Release\Obj\bootloader.o"         #
#                    "D:\Firmware\my-project-hihack\trunk\ my-project-hihack  #
#                    --username kaiser.ren@gmail.com\energymicro\an\bootloade #
#                    r\iar\bootloader-tg840\Release\Obj\crc.o"                #
#                    "D:\Firmware\my-project-hihack\trunk\ my-project-hihack  #
#                    --username kaiser.ren@gmail.com\energymicro\an\bootloade #
#                    r\iar\bootloader-tg840\Release\Obj\debug.o"              #
#                    "D:\Firmware\my-project-hihack\trunk\ my-project-hihack  #
#                    --username kaiser.ren@gmail.com\energymicro\an\bootloade #
#                    r\iar\bootloader-tg840\Release\Obj\debuglock.o"          #
#                    "D:\Firmware\my-project-hihack\trunk\ my-project-hihack  #
#                    --username kaiser.ren@gmail.com\energymicro\an\bootloade #
#                    r\iar\bootloader-tg840\Release\Obj\decode.o"             #
#                    "D:\Firmware\my-project-hihack\trunk\ my-project-hihack  #
#                    --username kaiser.ren@gmail.com\energymicro\an\bootloade #
#                    r\iar\bootloader-tg840\Release\Obj\em_acmp.o"            #
#                    "D:\Firmware\my-project-hihack\trunk\ my-project-hihack  #
#                    --username kaiser.ren@gmail.com\energymicro\an\bootloade #
#                    r\iar\bootloader-tg840\Release\Obj\em_cmu.o"             #
#                    "D:\Firmware\my-project-hihack\trunk\ my-project-hihack  #
#                    --username kaiser.ren@gmail.com\energymicro\an\bootloade #
#                    r\iar\bootloader-tg840\Release\Obj\em_emu.o"             #
#                    "D:\Firmware\my-project-hihack\trunk\ my-project-hihack  #
#                    --username kaiser.ren@gmail.com\energymicro\an\bootloade #
#                    r\iar\bootloader-tg840\Release\Obj\em_gpio.o"            #
#                    "D:\Firmware\my-project-hihack\trunk\ my-project-hihack  #
#                    --username kaiser.ren@gmail.com\energymicro\an\bootloade #
#                    r\iar\bootloader-tg840\Release\Obj\em_int.o"             #
#                    "D:\Firmware\my-project-hihack\trunk\ my-project-hihack  #
#                    --username kaiser.ren@gmail.com\energymicro\an\bootloade #
#                    r\iar\bootloader-tg840\Release\Obj\em_prs.o"             #
#                    "D:\Firmware\my-project-hihack\trunk\ my-project-hihack  #
#                    --username kaiser.ren@gmail.com\energymicro\an\bootloade #
#                    r\iar\bootloader-tg840\Release\Obj\em_rmu.o"             #
#                    "D:\Firmware\my-project-hihack\trunk\ my-project-hihack  #
#                    --username kaiser.ren@gmail.com\energymicro\an\bootloade #
#                    r\iar\bootloader-tg840\Release\Obj\em_timer.o"           #
#                    "D:\Firmware\my-project-hihack\trunk\ my-project-hihack  #
#                    --username kaiser.ren@gmail.com\energymicro\an\bootloade #
#                    r\iar\bootloader-tg840\Release\Obj\encode.o"             #
#                    "D:\Firmware\my-project-hihack\trunk\ my-project-hihack  #
#                    --username kaiser.ren@gmail.com\energymicro\an\bootloade #
#                    r\iar\bootloader-tg840\Release\Obj\flash.o"              #
#                    "D:\Firmware\my-project-hihack\trunk\ my-project-hihack  #
#                    --username kaiser.ren@gmail.com\energymicro\an\bootloade #
#                    r\iar\bootloader-tg840\Release\Obj\iarwrite.o"           #
#                    "D:\Firmware\my-project-hihack\trunk\ my-project-hihack  #
#                    --username kaiser.ren@gmail.com\energymicro\an\bootloade #
#                    r\iar\bootloader-tg840\Release\Obj\startup_efm32.o"      #
#                    "D:\Firmware\my-project-hihack\trunk\ my-project-hihack  #
#                    --username kaiser.ren@gmail.com\energymicro\an\bootloade #
#                    r\iar\bootloader-tg840\Release\Obj\system_efm32tg.o"     #
#                    "D:\Firmware\my-project-hihack\trunk\ my-project-hihack  #
#                    --username kaiser.ren@gmail.com\energymicro\an\bootloade #
#                    r\iar\bootloader-tg840\Release\Obj\usart.o"              #
#                    "D:\Firmware\my-project-hihack\trunk\ my-project-hihack  #
#                    --username kaiser.ren@gmail.com\energymicro\an\bootloade #
#                    r\iar\bootloader-tg840\Release\Obj\xmodem.o" --redirect  #
#                    _Printf=_PrintfFull --redirect _Scanf=_ScanfFull -o      #
#                    "D:\Firmware\my-project-hihack\trunk\ my-project-hihack  #
#                    --username kaiser.ren@gmail.com\energymicro\an\bootloade #
#                    r\iar\bootloader-tg840\Release\Exe\bootloader-tg840.out" #
#                     --map "D:\Firmware\my-project-hihack\trunk\             #
#                    my-project-hihack --username                             #
#                    kaiser.ren@gmail.com\energymicro\an\bootloader\iar\bootl #
#                    oader-tg840\Release\List\bootloader-tg840.map" --config  #
#                    "D:\Firmware\my-project-hihack\trunk\ my-project-hihack  #
#                    --username kaiser.ren@gmail.com\energymicro\an\bootloade #
#                    r\iar\..\iar_linker_files\EFM32TG840F32.icf" --entry     #
#                    __iar_program_start --inline --vfe                       #
#                                                                             #
#                                                                             #
###############################################################################

*******************************************************************************
*** MESSAGES
***

Error[Li005]: no definition for "BSP_LedSet" [referenced from
          D:\Firmware\my-project-hihack\trunk\ my-project-hihack --username kai
          ser.ren@gmail.com\energymicro\an\bootloader\iar\bootloader-tg840\Rele
          ase\Obj\system_efm32tg.o]
Error[Li005]: no definition for "BSP_LedClear" [referenced from
          D:\Firmware\my-project-hihack\trunk\ my-project-hihack --username kai
          ser.ren@gmail.com\energymicro\an\bootloader\iar\bootloader-tg840\Rele
          ase\Obj\system_efm32tg.o]


*******************************************************************************
*** RUNTIME MODEL ATTRIBUTES
***

CppFlavor       = *
__SystemLibrary = DLib


*******************************************************************************
*** PLACEMENT SUMMARY
***

"A1":  place at 0x00000000 { ro section .intvec };
"P1":  place in [from 0x00000000 to 0x00007fff] { ro };
"P2":  place in [from 0x20000000 to 0x20000fff] { rw, block CSTACK, block HEAP };

  Section            Kind        Address   Size  Object
  -------            ----        -------   ----  ------
"A1":                                       0x8
  .intvec            ro code  0x00000000    0x8  startup_efm32.o [1]
                            - 0x00000008    0x8

"P1":                                     0xf90
  Veneer             ro code  0x00000008    0x8  - Linker created -
  Veneer             ro code  0x00000010    0x8  - Linker created -
  Veneer             ro code  0x00000018    0x8  - Linker created -
  Veneer             ro code  0x00000020    0x8  - Linker created -
  .text              ro code  0x00000028  0xbcc  system_efm32tg.o [1]
  .text              ro code  0x00000bf4   0x56  ABImemcpy.o [4]
  .text              ro code  0x00000c4a   0x2e  copy_init3.o [4]
  .text              ro code  0x00000c78   0x2c  data_init3.o [4]
  .text              ro code  0x00000ca4   0x22  zero_init3.o [4]
  .iar.init_table    const    0x00000cc8   0x24  - Linker created -
  .text              ro code  0x00000cec   0x16  cmain.o [4]
  .text              ro code  0x00000d02    0x4  exit.o [3]
  .text              ro code  0x00000d08    0xa  cexit.o [4]
  .text              ro code  0x00000d14    0xc  XXexit.o [4]
  .text              ro code  0x00000d20    0xc  cstartup_M.o [4]
  .rodata            const    0x00000d2c    0x0  bwt_init3c.o [4]
  Initializer bytes  ro data  0x00000d2c  0x26c  <for P2 s0> (used: 0x0)
                            - 0x00000f98  0xf90

Absolute sections, part 1 of 2:            0xbe
  .noinit            uninit   0x20000000   0xbc  system_efm32tg.o [1]
  .noinit            uninit   0x200000bc    0x2  system_efm32tg.o [1]
                            - 0x200000be   0xbe

Absolute sections, part 2 of 2:            0x10
  .noinit            uninit   0x20000100   0x10  system_efm32tg.o [1]
                            - 0x20000110   0x10

"P2", part 1 of 3:                        0x26c
  P2 s0                       0x20000110  0x26c  <Init block>
    Veneer           inited   0x20000110    0x8  - Linker created -
    .textrw          inited   0x20000118  0x264  system_efm32tg.o [1]
                            - 0x2000037c  0x26c

"P2", part 2 of 3:                        0x314
  .bss               zero     0x2000037c  0x114  system_efm32tg.o [1]
  .bss               zero     0x20000490   0xd8  system_efm32tg.o [1]
  .bss               zero     0x20000568   0xd8  system_efm32tg.o [1]
  .bss               zero     0x20000640   0x18  system_efm32tg.o [1]
  .bss               zero     0x20000658   0x18  system_efm32tg.o [1]
  .bss               zero     0x20000670   0x14  system_efm32tg.o [1]
  .bss               zero     0x20000684    0x4  system_efm32tg.o [1]
  .bss               zero     0x20000688    0x1  system_efm32tg.o [1]
                            - 0x20000689  0x30d

"P2", part 3 of 3:                        0x400
  CSTACK                      0x20000690  0x400  <Block>
    CSTACK           uninit   0x20000690  0x400  <Block tail>
                            - 0x20000a90  0x400


*******************************************************************************
*** INIT TABLE
***

          Address     Size
          -------     ----
Zero (__iar_zero_init3)
    1 destination range, total size 0x30d:
          0x2000037c  0x30d

Copy (__iar_copy_init3)
    1 source range, total size 0x26c:
          0x00000d2c  0x26c
    1 destination range, total size 0x26c:
          0x20000110  0x26c



*******************************************************************************
*** MODULE SUMMARY
***

    Module            ro code  rw code  ro data  rw data  rw data
                                                           (abs)
    ------            -------  -------  -------  -------  -------
D:\Firmware\my-project-hihack\trunk\ my-project-hihack --username kaiser.ren@gmail.com\energymicro\an\bootloader\iar\bootloader-tg840\Release\Obj: [1]
    startup_efm32.o         8
    system_efm32tg.o    3 020      612      612      781      206
    -------------------------------------------------------------
    Total:              3 028      612      612      781      206

command line: [2]
    -------------------------------------------------------------
    Total:

dl7M_tln.a: [3]
    exit.o                  4
    -------------------------------------------------------------
    Total:                  4

rt7M_tl.a: [4]
    ABImemcpy.o            86
    XXexit.o               12
    bwt_init3c.o
    cexit.o                10
    cmain.o                22
    copy_init3.o           46
    cstartup_M.o           12
    data_init3.o           44
    zero_init3.o           34
    -------------------------------------------------------------
    Total:                266

    Gaps                    4                 2
    Linker created         32        8       44    1 024
-----------------------------------------------------------------
    Grand Total:        3 334      620      658    1 805      206


*******************************************************************************
*** ENTRY LIST
***

Entry                      Address   Size  Type      Object
-----                      -------   ----  ----      ------
?main                   0x00000ced         Code  Gb  cmain.o [4]
CMU_ClockEnable         0x00000819   0x64  Code  Gb  system_efm32tg.o [1]
CMU_ClockSelectGet      0x0000087d   0x9a  Code  Gb  system_efm32tg.o [1]
CRC_calc                0x2000012f   0x30  Code  Gb  system_efm32tg.o [1]
CSTACK$$Base            0x20000690          --   Gb  - Linker created -
CSTACK$$Limit           0x20000a90          --   Gb  - Linker created -
GPIO_PinModeSet         0x00000917   0x52  Code  Gb  system_efm32tg.o [1]
HIJACKPutData           0x00000621   0x60  Code  Gb  system_efm32tg.o [1]
INT_LockCnt             0x2000066c    0x4  Data  Gb  system_efm32tg.o [1]
RTC_IRQHandler          0x000000fd   0x1c  Code  Gb  system_efm32tg.o [1]
Region$$Table$$Base     0x00000cc8          --   Gb  - Linker created -
Region$$Table$$Limit    0x00000cec          --   Gb  - Linker created -
SystemCoreClock         0x20000684    0x4  Data  Gb  system_efm32tg.o [1]
SystemCoreClockGet      0x00000029   0x1a  Code  Gb  system_efm32tg.o [1]
SystemHFClockGet        0x00000043   0x96  Code  Gb  system_efm32tg.o [1]
TIMER0_IRQHandler       0x0000036d   0x3e  Code  Gb  system_efm32tg.o [1]
TIMER1_IRQHandler       0x00000589   0x22  Code  Gb  system_efm32tg.o [1]
TIMER_IRQHandler        0x000000d9   0x24  Code  Gb  system_efm32tg.o [1]
TIMER_Init              0x00000a69   0x8e  Code  Gb  system_efm32tg.o [1]
TIMER_InitCC            0x00000af7   0x60  Code  Gb  system_efm32tg.o [1]
USART_printHex          0x200001a9   0x24  Code  Gb  system_efm32tg.o [1]
USART_printString       0x200001d9   0x16  Code  Gb  system_efm32tg.o [1]
USART_txByte            0x200001cd    0xc  Code  Gb  system_efm32tg.o [1]
XMODEM_download         0x200001ef  0x11c  Code  Gb  system_efm32tg.o [1]
__Vectors               0x00000000          --   Gb  startup_efm32.o [1]
__Vectors_End           0x00000008         Data  Gb  startup_efm32.o [1]
__Vectors_Size {Abs}    0x00000008          --   Gb  startup_efm32.o [1]
__aeabi_memcpy4         0x00000bf5         Code  Gb  ABImemcpy.o [4]
__aeabi_memcpy8         0x00000bf5         Code  Gb  ABImemcpy.o [4]
__cmain                 0x00000ced         Code  Gb  cmain.o [4]
__exit                  0x00000d15         Code  Gb  XXexit.o [4]
__iar_SB                0x00000d2c         Data  Gb  bwt_init3c.o [4]
__iar_copy_init3        0x00000c4b   0x2e  Code  Gb  copy_init3.o [4]
__iar_data_init3        0x00000c79   0x2c  Code  Gb  data_init3.o [4]
__iar_program_start     0x00000d21         Code  Gb  cstartup_M.o [4]
__iar_zero_init3        0x00000ca5   0x22  Code  Gb  zero_init3.o [4]
__vector_table          0x00000000         Data  Gb  startup_efm32.o [1]
_call_main              0x00000cf9         Code  Gb  cmain.o [4]
_exit                   0x00000d09         Code  Gb  cexit.o [4]
_main                   0x00000cff         Code  Gb  cmain.o [4]
bootloaderCRC           0x200000bc    0x2  Data  Gb  system_efm32tg.o [1]
commandlineLoop         0x20000119   0x16  Code  Gb  system_efm32tg.o [1]
cur_edge                0x20000674    0x1  Data  Gb  system_efm32tg.o [1]
cur_stamp               0x20000678    0x4  Data  Gb  system_efm32tg.o [1]
currentSample           0x20000640    0x4  Data  Gb  system_efm32tg.o [1]
dec                     0x20000670    0x4  Data  Gb  system_efm32tg.o [1]
decBuf                  0x20000490   0xd8  Data  Gb  system_efm32tg.o [1]
dec_rxByte              0x2000015f   0x4a  Code  Gb  system_efm32tg.o [1]
decode_machine          0x000004bd   0xc8  Code  Gb  system_efm32tg.o [1]
descr                   0x20000100   0x10  Data  Gb  system_efm32tg.o [1]
encBuf                  0x20000568   0xd8  Data  Gb  system_efm32tg.o [1]
enc_machine             0x00000681  0x122  Code  Gb  system_efm32tg.o [1]
exit                    0x00000d03    0x4  Code  Gb  exit.o [3]
findParam               0x000005df   0x42  Code  Gb  system_efm32tg.o [1]
flashPageSize           0x2000037c    0x4  Data  Gb  system_efm32tg.o [1]
main                    0x00000119  0x252  Code  Gb  system_efm32tg.o [1]
rawPacket               0x20000380  0x110  Data  Gb  system_efm32tg.o [1]
resetEFM32onRTCTimeout  0x20000688    0x1  Data  Gb  system_efm32tg.o [1]
samples                 0x20000644   0x14  Data  Gb  system_efm32tg.o [1]
sys_tick                0x20000664    0x4  Data  Gb  system_efm32tg.o [1]
ticker                  0x20000668    0x4  Data  Gb  system_efm32tg.o [1]
vectorTable             0x20000000   0xbc  Data  Gb  system_efm32tg.o [1]


[1] = D:\Firmware\my-project-hihack\trunk\ my-project-hihack --username kaiser.ren@gmail.com\energymicro\an\bootloader\iar\bootloader-tg840\Release\Obj
[2] = command line
[3] = dl7M_tln.a
[4] = rt7M_tl.a

  3 334 bytes of readonly  code memory
    620 bytes of readwrite code memory
    658 bytes of readonly  data memory
  1 805 bytes of readwrite data memory (+ 206 absolute)

Errors: 2
Warnings: none
