###############################################################################
#                                                                             #
# IAR ELF Linker V6.30.6.53336/W32 for ARM              10/Jul/2013  09:48:08 #
# Copyright 2007-2012 IAR Systems AB.                                         #
#                                                                             #
#    Output file  =  D:\Firmware\my-project-hihack\trunk\ my-project-hihack   #
#                    --username kaiser.ren@gmail.com\energymicro\an\bootloade #
#                    r\iar\bootloader-tg840\Release\Exe\bootloader-tg840.out  #
#    Map file     =  D:\Firmware\my-project-hihack\trunk\ my-project-hihack   #
#                    --username kaiser.ren@gmail.com\energymicro\an\bootloade #
#                    r\iar\bootloader-tg840\Release\List\bootloader-tg840.map #
#    Command line =  "D:\Firmware\my-project-hihack\trunk\ my-project-hihack  #
#                    --username kaiser.ren@gmail.com\energymicro\an\bootloade #
#                    r\iar\bootloader-tg840\Release\Obj\autobaud.o"           #
#                    "D:\Firmware\my-project-hihack\trunk\ my-project-hihack  #
#                    --username kaiser.ren@gmail.com\energymicro\an\bootloade #
#                    r\iar\bootloader-tg840\Release\Obj\boot.o"               #
#                    "D:\Firmware\my-project-hihack\trunk\ my-project-hihack  #
#                    --username kaiser.ren@gmail.com\energymicro\an\bootloade #
#                    r\iar\bootloader-tg840\Release\Obj\bootloader.o"         #
#                    "D:\Firmware\my-project-hihack\trunk\ my-project-hihack  #
#                    --username kaiser.ren@gmail.com\energymicro\an\bootloade #
#                    r\iar\bootloader-tg840\Release\Obj\bsp_stk.o"            #
#                    "D:\Firmware\my-project-hihack\trunk\ my-project-hihack  #
#                    --username kaiser.ren@gmail.com\energymicro\an\bootloade #
#                    r\iar\bootloader-tg840\Release\Obj\bsp_stk_leds.o"       #
#                    "D:\Firmware\my-project-hihack\trunk\ my-project-hihack  #
#                    --username kaiser.ren@gmail.com\energymicro\an\bootloade #
#                    r\iar\bootloader-tg840\Release\Obj\bsp_trace.o"          #
#                    "D:\Firmware\my-project-hihack\trunk\ my-project-hihack  #
#                    --username kaiser.ren@gmail.com\energymicro\an\bootloade #
#                    r\iar\bootloader-tg840\Release\Obj\crc.o"                #
#                    "D:\Firmware\my-project-hihack\trunk\ my-project-hihack  #
#                    --username kaiser.ren@gmail.com\energymicro\an\bootloade #
#                    r\iar\bootloader-tg840\Release\Obj\debug.o"              #
#                    "D:\Firmware\my-project-hihack\trunk\ my-project-hihack  #
#                    --username kaiser.ren@gmail.com\energymicro\an\bootloade #
#                    r\iar\bootloader-tg840\Release\Obj\debuglock.o"          #
#                    "D:\Firmware\my-project-hihack\trunk\ my-project-hihack  #
#                    --username kaiser.ren@gmail.com\energymicro\an\bootloade #
#                    r\iar\bootloader-tg840\Release\Obj\decode.o"             #
#                    "D:\Firmware\my-project-hihack\trunk\ my-project-hihack  #
#                    --username kaiser.ren@gmail.com\energymicro\an\bootloade #
#                    r\iar\bootloader-tg840\Release\Obj\em_acmp.o"            #
#                    "D:\Firmware\my-project-hihack\trunk\ my-project-hihack  #
#                    --username kaiser.ren@gmail.com\energymicro\an\bootloade #
#                    r\iar\bootloader-tg840\Release\Obj\em_cmu.o"             #
#                    "D:\Firmware\my-project-hihack\trunk\ my-project-hihack  #
#                    --username kaiser.ren@gmail.com\energymicro\an\bootloade #
#                    r\iar\bootloader-tg840\Release\Obj\em_emu.o"             #
#                    "D:\Firmware\my-project-hihack\trunk\ my-project-hihack  #
#                    --username kaiser.ren@gmail.com\energymicro\an\bootloade #
#                    r\iar\bootloader-tg840\Release\Obj\em_gpio.o"            #
#                    "D:\Firmware\my-project-hihack\trunk\ my-project-hihack  #
#                    --username kaiser.ren@gmail.com\energymicro\an\bootloade #
#                    r\iar\bootloader-tg840\Release\Obj\em_int.o"             #
#                    "D:\Firmware\my-project-hihack\trunk\ my-project-hihack  #
#                    --username kaiser.ren@gmail.com\energymicro\an\bootloade #
#                    r\iar\bootloader-tg840\Release\Obj\em_prs.o"             #
#                    "D:\Firmware\my-project-hihack\trunk\ my-project-hihack  #
#                    --username kaiser.ren@gmail.com\energymicro\an\bootloade #
#                    r\iar\bootloader-tg840\Release\Obj\em_rmu.o"             #
#                    "D:\Firmware\my-project-hihack\trunk\ my-project-hihack  #
#                    --username kaiser.ren@gmail.com\energymicro\an\bootloade #
#                    r\iar\bootloader-tg840\Release\Obj\em_timer.o"           #
#                    "D:\Firmware\my-project-hihack\trunk\ my-project-hihack  #
#                    --username kaiser.ren@gmail.com\energymicro\an\bootloade #
#                    r\iar\bootloader-tg840\Release\Obj\encode.o"             #
#                    "D:\Firmware\my-project-hihack\trunk\ my-project-hihack  #
#                    --username kaiser.ren@gmail.com\energymicro\an\bootloade #
#                    r\iar\bootloader-tg840\Release\Obj\flash.o"              #
#                    "D:\Firmware\my-project-hihack\trunk\ my-project-hihack  #
#                    --username kaiser.ren@gmail.com\energymicro\an\bootloade #
#                    r\iar\bootloader-tg840\Release\Obj\iarwrite.o"           #
#                    "D:\Firmware\my-project-hihack\trunk\ my-project-hihack  #
#                    --username kaiser.ren@gmail.com\energymicro\an\bootloade #
#                    r\iar\bootloader-tg840\Release\Obj\startup_efm32.o"      #
#                    "D:\Firmware\my-project-hihack\trunk\ my-project-hihack  #
#                    --username kaiser.ren@gmail.com\energymicro\an\bootloade #
#                    r\iar\bootloader-tg840\Release\Obj\system_efm32tg.o"     #
#                    "D:\Firmware\my-project-hihack\trunk\ my-project-hihack  #
#                    --username kaiser.ren@gmail.com\energymicro\an\bootloade #
#                    r\iar\bootloader-tg840\Release\Obj\usart.o"              #
#                    "D:\Firmware\my-project-hihack\trunk\ my-project-hihack  #
#                    --username kaiser.ren@gmail.com\energymicro\an\bootloade #
#                    r\iar\bootloader-tg840\Release\Obj\xmodem.o" --redirect  #
#                    _Printf=_PrintfFull --redirect _Scanf=_ScanfFull -o      #
#                    "D:\Firmware\my-project-hihack\trunk\ my-project-hihack  #
#                    --username kaiser.ren@gmail.com\energymicro\an\bootloade #
#                    r\iar\bootloader-tg840\Release\Exe\bootloader-tg840.out" #
#                     --map "D:\Firmware\my-project-hihack\trunk\             #
#                    my-project-hihack --username                             #
#                    kaiser.ren@gmail.com\energymicro\an\bootloader\iar\bootl #
#                    oader-tg840\Release\List\bootloader-tg840.map" --config  #
#                    "D:\Firmware\my-project-hihack\trunk\ my-project-hihack  #
#                    --username kaiser.ren@gmail.com\energymicro\an\bootloade #
#                    r\iar\..\iar_linker_files\EFM32TG840F32.icf" --entry     #
#                    __iar_program_start --inline --vfe                       #
#                                                                             #
#                                                                             #
###############################################################################

*******************************************************************************
*** RUNTIME MODEL ATTRIBUTES
***

CppFlavor       = *
__SystemLibrary = DLib


*******************************************************************************
*** PLACEMENT SUMMARY
***

"A1":  place at 0x00000000 { ro section .intvec };
"P1":  place in [from 0x00000000 to 0x00007fff] { ro };
"P2":  place in [from 0x20000000 to 0x20000fff] { rw, block CSTACK, block HEAP };

  Section            Kind        Address    Size  Object
  -------            ----        -------    ----  ------
"A1":                                        0x8
  .intvec            ro code  0x00000000     0x8  startup_efm32.o [1]
                            - 0x00000008     0x8

"P1":                                     0x1214
  Veneer             ro code  0x00000008     0x8  - Linker created -
  Veneer             ro code  0x00000010     0x8  - Linker created -
  Veneer             ro code  0x00000018     0x8  - Linker created -
  Veneer             ro code  0x00000020     0x8  - Linker created -
  Veneer             ro code  0x00000028     0x8  - Linker created -
  Veneer             ro code  0x00000030     0x8  - Linker created -
  .text              ro code  0x00000038   0xbd0  system_efm32tg.o [1]
  .text              ro code  0x00000c08    0x56  ABImemcpy.o [4]
  .text              ro code  0x00000c5e    0x2e  copy_init3.o [4]
  .text              ro code  0x00000c8c    0x2c  data_init3.o [4]
  .text              ro code  0x00000cb8    0x22  zero_init3.o [4]
  .iar.init_table    const    0x00000cdc    0x24  - Linker created -
  .text              ro code  0x00000d00    0x16  cmain.o [4]
  .text              ro code  0x00000d16     0x4  exit.o [3]
  .text              ro code  0x00000d1c     0xa  cexit.o [4]
  .text              ro code  0x00000d28     0xc  XXexit.o [4]
  .text              ro code  0x00000d34     0xc  cstartup_M.o [4]
  .rodata            const    0x00000d40     0x0  bwt_init3c.o [4]
  Initializer bytes  ro data  0x00000d40   0x4dc  <for P2 s0>
                            - 0x0000121c  0x1214

Absolute sections, part 1 of 2:             0xbe
  .noinit            uninit   0x20000000    0xbc  system_efm32tg.o [1]
  .noinit            uninit   0x200000bc     0x2  system_efm32tg.o [1]
                            - 0x200000be    0xbe

Absolute sections, part 2 of 2:             0x10
  .noinit            uninit   0x20000100    0x10  system_efm32tg.o [1]
                            - 0x20000110    0x10

"P2", part 1 of 3:                         0x4dc
  P2 s0                       0x20000110   0x4dc  <Init block>
    Veneer           inited   0x20000110     0x8  - Linker created -
    Veneer           inited   0x20000118     0x8  - Linker created -
    .textrw          inited   0x20000120   0x488  system_efm32tg.o [1]
    .data            inited   0x200005a8    0x20  system_efm32tg.o [1]
    .data            inited   0x200005c8    0x18  system_efm32tg.o [1]
    .data            inited   0x200005e0     0xc  system_efm32tg.o [1]
                            - 0x200005ec   0x4dc

"P2", part 2 of 3:                         0x314
  .bss               zero     0x200005ec   0x130  system_efm32tg.o [1]
  .bss               zero     0x2000071c    0xd8  system_efm32tg.o [1]
  .bss               zero     0x200007f4    0xd8  system_efm32tg.o [1]
  .bss               zero     0x200008cc    0x18  system_efm32tg.o [1]
  .bss               zero     0x200008e4    0x14  system_efm32tg.o [1]
  .bss               zero     0x200008f8     0x4  system_efm32tg.o [1]
  .bss               zero     0x200008fc     0x1  system_efm32tg.o [1]
                            - 0x200008fd   0x311

"P2", part 3 of 3:                         0x400
  CSTACK                      0x20000900   0x400  <Block>
    CSTACK           uninit   0x20000900   0x400  <Block tail>
                            - 0x20000d00   0x400


*******************************************************************************
*** INIT TABLE
***

          Address     Size
          -------     ----
Zero (__iar_zero_init3)
    1 destination range, total size 0x311:
          0x200005ec  0x311

Copy (__iar_copy_init3)
    1 source range, total size 0x4dc:
          0x00000d40  0x4dc
    1 destination range, total size 0x4dc:
          0x20000110  0x4dc



*******************************************************************************
*** MODULE SUMMARY
***

    Module            ro code  rw code  ro data  rw data  rw data
                                                           (abs)
    ------            -------  -------  -------  -------  -------
D:\Firmware\my-project-hihack\trunk\ my-project-hihack --username kaiser.ren@gmail.com\energymicro\an\bootloader\iar\bootloader-tg840\Release\Obj: [1]
    startup_efm32.o         8
    system_efm32tg.o    3 024    1 160    1 228      853      206
    -------------------------------------------------------------
    Total:              3 032    1 160    1 228      853      206

command line: [2]
    -------------------------------------------------------------
    Total:

dl7M_tln.a: [3]
    exit.o                  4
    -------------------------------------------------------------
    Total:                  4

rt7M_tl.a: [4]
    ABImemcpy.o            86
    XXexit.o               12
    bwt_init3c.o
    cexit.o                10
    cmain.o                22
    copy_init3.o           46
    cstartup_M.o           12
    data_init3.o           44
    zero_init3.o           34
    -------------------------------------------------------------
    Total:                266

    Gaps                    4                 2
    Linker created         48       16       52    1 024
-----------------------------------------------------------------
    Grand Total:        3 354    1 176    1 282    1 877      206


*******************************************************************************
*** ENTRY LIST
***

Entry                      Address   Size  Type      Object
-----                      -------   ----  ----      ------
?main                   0x00000d01         Code  Gb  cmain.o [4]
BOOT_boot               0x2000012d   0x4c  Code  Gb  system_efm32tg.o [1]
BOOT_jump               0x20000121    0xc  Code  Gb  system_efm32tg.o [1]
CMU_ClockEnable         0x00000801   0x64  Code  Gb  system_efm32tg.o [1]
CMU_ClockSelectGet      0x00000865   0x9a  Code  Gb  system_efm32tg.o [1]
CRC_calc                0x2000029b   0x30  Code  Gb  system_efm32tg.o [1]
CSTACK$$Base            0x20000900          --   Gb  - Linker created -
CSTACK$$Limit           0x20000d00          --   Gb  - Linker created -
DEBUGLOCK_startDebugInterface
                        0x200002cb   0x48  Code  Gb  system_efm32tg.o [1]
GPIO_PinModeSet         0x000008ff   0x52  Code  Gb  system_efm32tg.o [1]
HIJACKPutData           0x20000355   0x5e  Code  Gb  system_efm32tg.o [1]
INT_LockCnt             0x20000608    0x4  Data  Gb  system_efm32tg.o [1]
RTC_IRQHandler          0x0000010d   0x1c  Code  Gb  system_efm32tg.o [1]
Region$$Table$$Base     0x00000cdc          --   Gb  - Linker created -
Region$$Table$$Limit    0x00000d00          --   Gb  - Linker created -
SystemCoreClock         0x200008f8    0x4  Data  Gb  system_efm32tg.o [1]
SystemCoreClockGet      0x00000039   0x1a  Code  Gb  system_efm32tg.o [1]
SystemHFClockGet        0x00000053   0x96  Code  Gb  system_efm32tg.o [1]
TIMER0_IRQHandler       0x000003a1   0x36  Code  Gb  system_efm32tg.o [1]
TIMER1_IRQHandler       0x000005c5   0x2a  Code  Gb  system_efm32tg.o [1]
TIMER_IRQHandler        0x000000e9   0x24  Code  Gb  system_efm32tg.o [1]
TIMER_Init              0x00000a4d   0x8e  Code  Gb  system_efm32tg.o [1]
TIMER_InitCC            0x00000adb   0x60  Code  Gb  system_efm32tg.o [1]
TIMER_Reset             0x00000b3b   0x30  Code  Gb  system_efm32tg.o [1]
TIMER_setup             0x000003d7   0x62  Code  Gb  system_efm32tg.o [1]
USART_printHex          0x200003b3   0x24  Code  Gb  system_efm32tg.o [1]
USART_printString       0x200003e3   0x16  Code  Gb  system_efm32tg.o [1]
USART_txByte            0x200003d7    0xc  Code  Gb  system_efm32tg.o [1]
XMODEM_download         0x200003f9  0x140  Code  Gb  system_efm32tg.o [1]
_DEBUGLOCK_swData       0x200005c8   0x18  Data  Gb  system_efm32tg.o [1]
__Vectors               0x00000000          --   Gb  startup_efm32.o [1]
__Vectors_End           0x00000008         Data  Gb  startup_efm32.o [1]
__Vectors_Size {Abs}    0x00000008          --   Gb  startup_efm32.o [1]
__aeabi_memcpy4         0x00000c09         Code  Gb  ABImemcpy.o [4]
__aeabi_memcpy8         0x00000c09         Code  Gb  ABImemcpy.o [4]
__cmain                 0x00000d01         Code  Gb  cmain.o [4]
__exit                  0x00000d29         Code  Gb  XXexit.o [4]
__iar_SB                0x00000d40         Data  Gb  bwt_init3c.o [4]
__iar_copy_init3        0x00000c5f   0x2e  Code  Gb  copy_init3.o [4]
__iar_data_init3        0x00000c8d   0x2c  Code  Gb  data_init3.o [4]
__iar_program_start     0x00000d35         Code  Gb  cstartup_M.o [4]
__iar_zero_init3        0x00000cb9   0x22  Code  Gb  zero_init3.o [4]
__vector_table          0x00000000         Data  Gb  startup_efm32.o [1]
_call_main              0x00000d0d         Code  Gb  cmain.o [4]
_exit                   0x00000d1d         Code  Gb  cexit.o [4]
_main                   0x00000d13         Code  Gb  cmain.o [4]
bootloaderCRC           0x200000bc    0x2  Data  Gb  system_efm32tg.o [1]
commandlineLoop         0x2000019f   0xf8  Code  Gb  system_efm32tg.o [1]
crcString               0x200005e0    0x8  Data  Gb  system_efm32tg.o [1]
cur_edge                0x200008e8    0x1  Data  Gb  system_efm32tg.o [1]
cur_stamp               0x200008ec    0x4  Data  Gb  system_efm32tg.o [1]
currentSample           0x200008cc    0x4  Data  Gb  system_efm32tg.o [1]
dec                     0x200008e4    0x4  Data  Gb  system_efm32tg.o [1]
decBuf                  0x2000071c   0xd8  Data  Gb  system_efm32tg.o [1]
dec_rxByte              0x20000313   0x42  Code  Gb  system_efm32tg.o [1]
decode_machine          0x000004f1   0xce  Code  Gb  system_efm32tg.o [1]
descr                   0x20000100   0x10  Data  Gb  system_efm32tg.o [1]
encBuf                  0x200007f4   0xd8  Data  Gb  system_efm32tg.o [1]
enc_delay_tmr_cnt       0x200005fc    0x4  Data  Gb  system_efm32tg.o [1]
enc_machine             0x00000665  0x126  Code  Gb  system_efm32tg.o [1]
exit                    0x00000d17    0x4  Code  Gb  exit.o [3]
failString              0x200005bc    0xc  Data  Gb  system_efm32tg.o [1]
findParam               0x00000623   0x42  Code  Gb  system_efm32tg.o [1]
flashPageSize           0x20000604    0x4  Data  Gb  system_efm32tg.o [1]
main                    0x00000129  0x276  Code  Gb  system_efm32tg.o [1]
newLineString           0x200005e8    0x4  Data  Gb  system_efm32tg.o [1]
okString                0x200005b4    0x8  Data  Gb  system_efm32tg.o [1]
rawPacket               0x2000060c  0x110  Data  Gb  system_efm32tg.o [1]
readyString             0x200005a8    0xc  Data  Gb  system_efm32tg.o [1]
resetEFM32onRTCTimeout  0x200008fc    0x1  Data  Gb  system_efm32tg.o [1]
samples                 0x200008d0   0x14  Data  Gb  system_efm32tg.o [1]
sys_tick                0x200005f8    0x4  Data  Gb  system_efm32tg.o [1]
ticker                  0x20000600    0x4  Data  Gb  system_efm32tg.o [1]
vectorTable             0x20000000   0xbc  Data  Gb  system_efm32tg.o [1]
verify                  0x20000179   0x26  Code  Gb  system_efm32tg.o [1]


[1] = D:\Firmware\my-project-hihack\trunk\ my-project-hihack --username kaiser.ren@gmail.com\energymicro\an\bootloader\iar\bootloader-tg840\Release\Obj
[2] = command line
[3] = dl7M_tln.a
[4] = rt7M_tl.a

  3 354 bytes of readonly  code memory
  1 176 bytes of readwrite code memory
  1 282 bytes of readonly  data memory
  1 877 bytes of readwrite data memory (+ 206 absolute)

Errors: none
Warnings: none
