###############################################################################
#                                                                             #
# IAR ELF Linker V6.30.6.53336/W32 for ARM              08/Mar/2013  14:17:56 #
# Copyright 2007-2012 IAR Systems AB.                                         #
#                                                                             #
#    Output file  =  E:\kren\Firmware\sfone\energymicro\an\an0020_efm32_analo #
#                    g_comparator\iar\acmp_int_tg\Release\Exe\acmp_int_tg.out #
#    Map file     =  E:\kren\Firmware\sfone\energymicro\an\an0020_efm32_analo #
#                    g_comparator\iar\acmp_int_tg\Release\List\acmp_int_tg.ma #
#                    p                                                        #
#    Command line =  E:\kren\Firmware\sfone\energymicro\an\an0020_efm32_analo #
#                    g_comparator\iar\acmp_int_tg\Release\Obj\em_acmp.o       #
#                    E:\kren\Firmware\sfone\energymicro\an\an0020_efm32_analo #
#                    g_comparator\iar\acmp_int_tg\Release\Obj\em_cmu.o        #
#                    E:\kren\Firmware\sfone\energymicro\an\an0020_efm32_analo #
#                    g_comparator\iar\acmp_int_tg\Release\Obj\em_emu.o        #
#                    E:\kren\Firmware\sfone\energymicro\an\an0020_efm32_analo #
#                    g_comparator\iar\acmp_int_tg\Release\Obj\em_lcd.o        #
#                    E:\kren\Firmware\sfone\energymicro\an\an0020_efm32_analo #
#                    g_comparator\iar\acmp_int_tg\Release\Obj\em_system.o     #
#                    E:\kren\Firmware\sfone\energymicro\an\an0020_efm32_analo #
#                    g_comparator\iar\acmp_int_tg\Release\Obj\main_acmp_int.o #
#                     E:\kren\Firmware\sfone\energymicro\an\an0020_efm32_anal #
#                    og_comparator\iar\acmp_int_tg\Release\Obj\segmentlcd.o   #
#                    E:\kren\Firmware\sfone\energymicro\an\an0020_efm32_analo #
#                    g_comparator\iar\acmp_int_tg\Release\Obj\startup_efm32tg #
#                    .o E:\kren\Firmware\sfone\energymicro\an\an0020_efm32_an #
#                    alog_comparator\iar\acmp_int_tg\Release\Obj\system_efm32 #
#                    tg.o --redirect _Printf=_PrintfFull --redirect           #
#                    _Scanf=_ScanfFull -o E:\kren\Firmware\sfone\energymicro\ #
#                    an\an0020_efm32_analog_comparator\iar\acmp_int_tg\Releas #
#                    e\Exe\acmp_int_tg.out --map                              #
#                    E:\kren\Firmware\sfone\energymicro\an\an0020_efm32_analo #
#                    g_comparator\iar\acmp_int_tg\Release\List\acmp_int_tg.ma #
#                    p --config "D:\Program Files\IAR Systems\Embedded        #
#                    Workbench 6.0\arm\config\linker\EnergyMicro\EFM32TG840F3 #
#                    2.icf" --entry __iar_program_start --inline --vfe        #
#                                                                             #
#                                                                             #
###############################################################################

*******************************************************************************
*** RUNTIME MODEL ATTRIBUTES
***

CppFlavor       = *
__SystemLibrary = DLib


*******************************************************************************
*** PLACEMENT SUMMARY
***

"A1":  place at 0x00000000 { ro section .intvec };
"P1":  place in [from 0x00000000 to 0x00007fff] { ro };
"P2":  place in [from 0x20000000 to 0x20000fff] { rw, block CSTACK, block HEAP };

  Section            Kind        Address   Size  Object
  -------            ----        -------   ----  ------
"A1":                                      0x9c
  .intvec            ro code  0x00000000   0x9c  startup_efm32tg.o [1]
                            - 0x0000009c   0x9c

"P1":                                     0xc7c
  .text              ro code  0x0000009c  0x388  em_cmu.o [1]
  .text              ro code  0x00000424   0xd4  system_efm32tg.o [1]
  .text              ro code  0x000004f8   0xa4  em_emu.o [1]
  .text              ro code  0x0000059c  0x34c  segmentlcd.o [1]
  .text              ro code  0x000008e8  0x164  em_lcd.o [1]
  .text              ro code  0x00000a4c   0xa4  main_acmp_int.o [1]
  .text              ro code  0x00000af0   0x56  ABImemcpy.o [4]
  .text              ro code  0x00000b46   0x2e  copy_init3.o [4]
  .text              ro code  0x00000b74   0x58  em_acmp.o [1]
  .text              ro code  0x00000bcc   0x2c  data_init3.o [4]
  .text              ro code  0x00000bf8   0x22  zero_init3.o [4]
  .iar.init_table    const    0x00000c1c   0x24  - Linker created -
  .text              ro code  0x00000c40   0x16  cmain.o [4]
  .text              ro code  0x00000c56    0x4  exit.o [3]
  .text              ro code  0x00000c5c    0xa  cexit.o [4]
  .text              ro code  0x00000c68    0xc  XXexit.o [4]
  .text              ro code  0x00000c74   0x10  startup_efm32tg.o [1]
  .text              ro code  0x00000c84    0xc  cstartup_M.o [4]
  .text              ro code  0x00000c90    0x4  startup_efm32tg.o [1]
  .text              ro code  0x00000c94    0x4  startup_efm32tg.o [1]
  .text              ro code  0x00000c98    0x4  startup_efm32tg.o [1]
  .text              ro code  0x00000c9c    0x4  startup_efm32tg.o [1]
  .text              ro code  0x00000ca0    0x4  startup_efm32tg.o [1]
  .text              ro code  0x00000ca4    0x4  startup_efm32tg.o [1]
  .text              ro code  0x00000ca8    0x4  startup_efm32tg.o [1]
  .text              ro code  0x00000cac    0x4  startup_efm32tg.o [1]
  .text              ro code  0x00000cb0    0x4  startup_efm32tg.o [1]
  .text              ro code  0x00000cb4    0x4  startup_efm32tg.o [1]
  .text              ro code  0x00000cb8    0x4  startup_efm32tg.o [1]
  .text              ro code  0x00000cbc    0x4  startup_efm32tg.o [1]
  .text              ro code  0x00000cc0    0x4  startup_efm32tg.o [1]
  .text              ro code  0x00000cc4    0x4  startup_efm32tg.o [1]
  .text              ro code  0x00000cc8    0x4  startup_efm32tg.o [1]
  .text              ro code  0x00000ccc    0x4  startup_efm32tg.o [1]
  .text              ro code  0x00000cd0    0x4  startup_efm32tg.o [1]
  .text              ro code  0x00000cd4    0x4  startup_efm32tg.o [1]
  .text              ro code  0x00000cd8    0x4  startup_efm32tg.o [1]
  .text              ro code  0x00000cdc    0x4  startup_efm32tg.o [1]
  .text              ro code  0x00000ce0    0x4  startup_efm32tg.o [1]
  .text              ro code  0x00000ce4    0x4  startup_efm32tg.o [1]
  .text              ro code  0x00000ce8    0x4  startup_efm32tg.o [1]
  .text              ro code  0x00000cec    0x4  startup_efm32tg.o [1]
  .text              ro code  0x00000cf0    0x4  startup_efm32tg.o [1]
  .text              ro code  0x00000cf4    0x4  startup_efm32tg.o [1]
  .text              ro code  0x00000cf8    0x4  startup_efm32tg.o [1]
  .text              ro code  0x00000cfc    0x4  startup_efm32tg.o [1]
  .text              ro code  0x00000d00    0x4  startup_efm32tg.o [1]
  .text              ro code  0x00000d04    0x4  startup_efm32tg.o [1]
  .text              ro code  0x00000d08    0x4  startup_efm32tg.o [1]
  .text              ro code  0x00000d0c    0x4  startup_efm32tg.o [1]
  .rodata            const    0x00000d10    0x0  bwt_init3c.o [4]
  Initializer bytes  ro data  0x00000d10    0x8  <for P2 s0>
                            - 0x00000d18  0xc7c

"P2", part 1 of 3:                          0x8
  P2 s0                       0x20000000    0x8  <Init block>
    .data            inited   0x20000000    0x8  system_efm32tg.o [1]
                            - 0x20000008    0x8

"P2", part 2 of 3:                          0x8
  .bss               zero     0x20000008    0x4  system_efm32tg.o [1]
  .bss               zero     0x2000000c    0x2  em_emu.o [1]
                            - 0x2000000e    0x6

"P2", part 3 of 3:                        0x400
  CSTACK                      0x20000010  0x400  <Block>
    CSTACK           uninit   0x20000010  0x400  <Block tail>
                            - 0x20000410  0x400


*******************************************************************************
*** INIT TABLE
***

          Address     Size
          -------     ----
Zero (__iar_zero_init3)
    1 destination range, total size 0x6:
          0x20000008   0x6

Copy (__iar_copy_init3)
    1 source range, total size 0x8:
          0x00000d10   0x8
    1 destination range, total size 0x8:
          0x20000000   0x8



*******************************************************************************
*** MODULE SUMMARY
***

    Module             ro code  ro data  rw data
    ------             -------  -------  -------
E:\kren\Firmware\sfone\energymicro\an\an0020_efm32_analog_comparator\iar\acmp_int_tg\Release\Obj: [1]
    em_acmp.o               88
    em_cmu.o               904
    em_emu.o               164                 2
    em_lcd.o               356
    main_acmp_int.o        164
    segmentlcd.o           844
    startup_efm32tg.o      300
    system_efm32tg.o       212        8       12
    --------------------------------------------
    Total:               3 032        8       14

command line: [2]
    --------------------------------------------
    Total:

dl7M_tln.a: [3]
    exit.o                   4
    --------------------------------------------
    Total:                   4

rt7M_tl.a: [4]
    ABImemcpy.o             86
    XXexit.o                12
    bwt_init3c.o
    cexit.o                 10
    cmain.o                 22
    copy_init3.o            46
    cstartup_M.o            12
    data_init3.o            44
    zero_init3.o            34
    --------------------------------------------
    Total:                 266

    Gaps                     4        2
    Linker created                   36    1 024
------------------------------------------------
    Grand Total:         3 306       46    1 038


*******************************************************************************
*** ENTRY LIST
***

Entry                      Address   Size  Type      Object
-----                      -------   ----  ----      ------
?main                   0x00000c41         Code  Gb  cmain.o [4]
ACMP0_IRQHandler        0x00000a8d   0x10  Code  Gb  main_acmp_int.o [1]
ACMPInit                0x00000a4d   0x40  Code  Lc  main_acmp_int.o [1]
ACMP_ChannelSet         0x00000b75   0x10  Code  Gb  em_acmp.o [1]
ACMP_Init               0x00000b85   0x48  Code  Gb  em_acmp.o [1]
ADC0_IRQHandler         0x00000ccd         Code  Wk  startup_efm32tg.o [1]
AES_IRQHandler          0x00000d0d         Code  Wk  startup_efm32tg.o [1]
BusFault_Handler        0x00000c9d         Code  Wk  startup_efm32tg.o [1]
CMU_ClockDivSet         0x0000010f  0x120  Code  Gb  em_cmu.o [1]
CMU_ClockEnable         0x00000231   0x66  Code  Gb  em_cmu.o [1]
CMU_ClockSelectSet      0x00000297   0xe8  Code  Gb  em_cmu.o [1]
CMU_FlashWaitStateControl
                        0x000000c3   0x4c  Code  Lc  em_cmu.o [1]
CMU_FlashWaitStateMax   0x0000009d   0x26  Code  Lc  em_cmu.o [1]
CMU_IRQHandler          0x00000cfd         Code  Wk  startup_efm32tg.o [1]
CMU_LCDClkFDIVSet       0x0000037f   0x12  Code  Gb  em_cmu.o [1]
CMU_OscillatorEnable    0x00000391   0x50  Code  Gb  em_cmu.o [1]
CSTACK$$Base            0x20000010          --   Gb  - Linker created -
CSTACK$$Limit           0x20000410          --   Gb  - Linker created -
DAC0_IRQHandler         0x00000cd1         Code  Wk  startup_efm32tg.o [1]
DMA_IRQHandler          0x00000cb5         Code  Wk  startup_efm32tg.o [1]
DebugMon_Handler        0x00000ca9         Code  Wk  startup_efm32tg.o [1]
EFM_Display             0x00000790  0x120  Data  Lc  segmentlcd.o [1]
EFM_Numbers             0x000008b0   0x24  Data  Lc  segmentlcd.o [1]
EMU_EnterEM2            0x00000557   0x28  Code  Gb  em_emu.o [1]
EMU_Restore             0x000004f9   0x5e  Code  Lc  em_emu.o [1]
EMU_UpdateOscConfig     0x0000057f    0xa  Code  Gb  em_emu.o [1]
GPIO_EVEN_IRQHandler    0x00000cb9         Code  Wk  startup_efm32tg.o [1]
GPIO_ODD_IRQHandler     0x00000cd9         Code  Wk  startup_efm32tg.o [1]
HardFault_Handler       0x00000c95         Code  Wk  startup_efm32tg.o [1]
I2C0_IRQHandler         0x00000cd5         Code  Wk  startup_efm32tg.o [1]
LCD_IRQHandler          0x00000d05         Code  Wk  startup_efm32tg.o [1]
LCD_Init                0x000008e9   0x34  Code  Gb  em_lcd.o [1]
LCD_SegmentRangeEnable  0x00000933   0x12  Code  Gb  em_lcd.o [1]
LCD_SegmentSet          0x00000949   0x54  Code  Gb  em_lcd.o [1]
LCD_SegmentSetLow       0x0000099d   0x6a  Code  Gb  em_lcd.o [1]
LCD_VBoostSet           0x00000a07    0x8  Code  Gb  em_lcd.o [1]
LCD_VLCDSelect          0x0000091d   0x16  Code  Gb  em_lcd.o [1]
LESENSE_IRQHandler      0x00000ce9         Code  Wk  startup_efm32tg.o [1]
LETIMER0_IRQHandler     0x00000cf1         Code  Wk  startup_efm32tg.o [1]
LEUART0_IRQHandler      0x00000ced         Code  Wk  startup_efm32tg.o [1]
MSC_IRQHandler          0x00000d09         Code  Wk  startup_efm32tg.o [1]
MemManage_Handler       0x00000c99         Code  Wk  startup_efm32tg.o [1]
NMI_Handler             0x00000c91         Code  Wk  startup_efm32tg.o [1]
PCNT0_IRQHandler        0x00000cf5         Code  Wk  startup_efm32tg.o [1]
PendSV_Handler          0x00000cad         Code  Wk  startup_efm32tg.o [1]
RTC_IRQHandler          0x00000cf9         Code  Wk  startup_efm32tg.o [1]
Region$$Table$$Base     0x00000c1c          --   Gb  - Linker created -
Region$$Table$$Limit    0x00000c40          --   Gb  - Linker created -
Reset_Handler           0x00000c75         Code  Wk  startup_efm32tg.o [1]
SVC_Handler             0x00000ca5         Code  Wk  startup_efm32tg.o [1]
SegmentLCD_AllOff       0x0000068f   0x40  Code  Gb  segmentlcd.o [1]
SegmentLCD_Init         0x00000705   0x6a  Code  Gb  segmentlcd.o [1]
SegmentLCD_Number       0x0000059d   0x9c  Code  Gb  segmentlcd.o [1]
SegmentLCD_NumberOff    0x00000645   0x42  Code  Gb  segmentlcd.o [1]
SysTick_Handler         0x00000cb1         Code  Wk  startup_efm32tg.o [1]
SystemCoreClock         0x20000008    0x4  Data  Gb  system_efm32tg.o [1]
SystemCoreClockGet      0x00000425   0x16  Code  Gb  system_efm32tg.o [1]
SystemHFClockGet        0x0000043b   0x82  Code  Gb  system_efm32tg.o [1]
SystemHFXOClock         0x20000000    0x4  Data  Lc  system_efm32tg.o [1]
SystemInit              0x000004bd    0x2  Code  Gb  system_efm32tg.o [1]
SystemLFXOClock         0x20000004    0x4  Data  Lc  system_efm32tg.o [1]
TIMER0_IRQHandler       0x00000cbd         Code  Wk  startup_efm32tg.o [1]
TIMER1_IRQHandler       0x00000cdd         Code  Wk  startup_efm32tg.o [1]
USART0_RX_IRQHandler    0x00000cc1         Code  Wk  startup_efm32tg.o [1]
USART0_TX_IRQHandler    0x00000cc5         Code  Wk  startup_efm32tg.o [1]
USART1_RX_IRQHandler    0x00000ce1         Code  Wk  startup_efm32tg.o [1]
USART1_TX_IRQHandler    0x00000ce5         Code  Wk  startup_efm32tg.o [1]
UsageFault_Handler      0x00000ca1         Code  Wk  startup_efm32tg.o [1]
VCMP_IRQHandler         0x00000d01         Code  Wk  startup_efm32tg.o [1]
__Vectors               0x00000000          --   Gb  startup_efm32tg.o [1]
__Vectors_End           0x0000009c         Data  Gb  startup_efm32tg.o [1]
__Vectors_Size {Abs}    0x0000009c          --   Gb  startup_efm32tg.o [1]
__aeabi_memcpy4         0x00000af1         Code  Gb  ABImemcpy.o [4]
__aeabi_memcpy8         0x00000af1         Code  Gb  ABImemcpy.o [4]
__cmain                 0x00000c41         Code  Gb  cmain.o [4]
__exit                  0x00000c69         Code  Gb  XXexit.o [4]
__iar_SB                0x00000d10         Data  Gb  bwt_init3c.o [4]
__iar_copy_init3        0x00000b47   0x2e  Code  Gb  copy_init3.o [4]
__iar_data_init3        0x00000bcd   0x2c  Code  Gb  data_init3.o [4]
__iar_program_start     0x00000c85         Code  Gb  cstartup_M.o [4]
__iar_zero_init3        0x00000bf9   0x22  Code  Gb  zero_init3.o [4]
__vector_table          0x00000000         Data  Gb  startup_efm32tg.o [1]
__vector_table_0x1c     0x0000001c         Data  Gb  startup_efm32tg.o [1]
_call_main              0x00000c4d         Code  Gb  cmain.o [4]
_exit                   0x00000c5d         Code  Gb  cexit.o [4]
_main                   0x00000c53         Code  Gb  cmain.o [4]
cmuStatus               0x2000000c    0x2  Data  Lc  em_emu.o [1]
exit                    0x00000c57    0x4  Code  Gb  exit.o [3]
lcdInit                 0x000008d4   0x14  Data  Lc  segmentlcd.o [1]
main                    0x00000a9d   0x28  Code  Gb  main_acmp_int.o [1]


[1] = E:\kren\Firmware\sfone\energymicro\an\an0020_efm32_analog_comparator\iar\acmp_int_tg\Release\Obj
[2] = command line
[3] = dl7M_tln.a
[4] = rt7M_tl.a

  3 306 bytes of readonly  code memory
     46 bytes of readonly  data memory
  1 038 bytes of readwrite data memory

Errors: none
Warnings: none
