###############################################################################
#                                                                             #
# IAR ELF Linker V6.30.6.53336/W32 for ARM              20/Mar/2013  10:55:38 #
# Copyright 2007-2012 IAR Systems AB.                                         #
#                                                                             #
#    Output file  =  D:\Firmware\my-project-hihack\trunk\ my-project-hihack   #
#                    --username kaiser.ren@gmail.com\energymicro\an\an0020_ef #
#                    m32_analog_comparator\iar\acmp_int_tg\Release\Exe\acmp_i #
#                    nt_tg.out                                                #
#    Map file     =  D:\Firmware\my-project-hihack\trunk\ my-project-hihack   #
#                    --username kaiser.ren@gmail.com\energymicro\an\an0020_ef #
#                    m32_analog_comparator\iar\acmp_int_tg\Release\List\acmp_ #
#                    int_tg.map                                               #
#    Command line =  "D:\Firmware\my-project-hihack\trunk\ my-project-hihack  #
#                    --username kaiser.ren@gmail.com\energymicro\an\an0020_ef #
#                    m32_analog_comparator\iar\acmp_int_tg\Release\Obj\em_acm #
#                    p.o" "D:\Firmware\my-project-hihack\trunk\               #
#                    my-project-hihack --username                             #
#                    kaiser.ren@gmail.com\energymicro\an\an0020_efm32_analog_ #
#                    comparator\iar\acmp_int_tg\Release\Obj\em_cmu.o"         #
#                    "D:\Firmware\my-project-hihack\trunk\ my-project-hihack  #
#                    --username kaiser.ren@gmail.com\energymicro\an\an0020_ef #
#                    m32_analog_comparator\iar\acmp_int_tg\Release\Obj\em_emu #
#                    .o" "D:\Firmware\my-project-hihack\trunk\                #
#                    my-project-hihack --username                             #
#                    kaiser.ren@gmail.com\energymicro\an\an0020_efm32_analog_ #
#                    comparator\iar\acmp_int_tg\Release\Obj\em_lcd.o"         #
#                    "D:\Firmware\my-project-hihack\trunk\ my-project-hihack  #
#                    --username kaiser.ren@gmail.com\energymicro\an\an0020_ef #
#                    m32_analog_comparator\iar\acmp_int_tg\Release\Obj\em_sys #
#                    tem.o" "D:\Firmware\my-project-hihack\trunk\             #
#                    my-project-hihack --username                             #
#                    kaiser.ren@gmail.com\energymicro\an\an0020_efm32_analog_ #
#                    comparator\iar\acmp_int_tg\Release\Obj\main_acmp_int.o"  #
#                    "D:\Firmware\my-project-hihack\trunk\ my-project-hihack  #
#                    --username kaiser.ren@gmail.com\energymicro\an\an0020_ef #
#                    m32_analog_comparator\iar\acmp_int_tg\Release\Obj\segmen #
#                    tlcd.o" "D:\Firmware\my-project-hihack\trunk\            #
#                    my-project-hihack --username                             #
#                    kaiser.ren@gmail.com\energymicro\an\an0020_efm32_analog_ #
#                    comparator\iar\acmp_int_tg\Release\Obj\startup_efm32tg.o #
#                    " "D:\Firmware\my-project-hihack\trunk\                  #
#                    my-project-hihack --username                             #
#                    kaiser.ren@gmail.com\energymicro\an\an0020_efm32_analog_ #
#                    comparator\iar\acmp_int_tg\Release\Obj\system_efm32tg.o" #
#                     --redirect _Printf=_PrintfFull --redirect               #
#                    _Scanf=_ScanfFull -o "D:\Firmware\my-project-hihack\trun #
#                    k\ my-project-hihack --username                          #
#                    kaiser.ren@gmail.com\energymicro\an\an0020_efm32_analog_ #
#                    comparator\iar\acmp_int_tg\Release\Exe\acmp_int_tg.out"  #
#                    --map "D:\Firmware\my-project-hihack\trunk\              #
#                    my-project-hihack --username                             #
#                    kaiser.ren@gmail.com\energymicro\an\an0020_efm32_analog_ #
#                    comparator\iar\acmp_int_tg\Release\List\acmp_int_tg.map" #
#                     --config "D:\Firmware\my-project-hihack\trunk\          #
#                    my-project-hihack --username                             #
#                    kaiser.ren@gmail.com\energymicro\an\an0020_efm32_analog_ #
#                    comparator\iar\..\EFM32TG840F32.icf" --entry             #
#                    __iar_program_start --inline --vfe                       #
#                                                                             #
#                                                                             #
###############################################################################

*******************************************************************************
*** RUNTIME MODEL ATTRIBUTES
***

CppFlavor       = *
__SystemLibrary = DLib


*******************************************************************************
*** PLACEMENT SUMMARY
***

"A1":  place at 0x00003000 { ro section .intvec };
"P1":  place in [from 0x00003000 to 0x00007fff] { ro };
"P2":  place in [from 0x20000000 to 0x20000fff] { rw, block CSTACK, block HEAP };

  Section            Kind        Address   Size  Object
  -------            ----        -------   ----  ------
"A1":                                      0x9c
  .intvec            ro code  0x00003000   0x9c  startup_efm32tg.o [1]
                            - 0x0000309c   0x9c

"P1":                                     0xc7c
  .text              ro code  0x0000309c  0x388  em_cmu.o [1]
  .text              ro code  0x00003424   0xd4  system_efm32tg.o [1]
  .text              ro code  0x000034f8   0xa4  em_emu.o [1]
  .text              ro code  0x0000359c  0x34c  segmentlcd.o [1]
  .text              ro code  0x000038e8  0x164  em_lcd.o [1]
  .text              ro code  0x00003a4c   0xa4  main_acmp_int.o [1]
  .text              ro code  0x00003af0   0x56  ABImemcpy.o [4]
  .text              ro code  0x00003b46   0x2e  copy_init3.o [4]
  .text              ro code  0x00003b74   0x58  em_acmp.o [1]
  .text              ro code  0x00003bcc   0x2c  data_init3.o [4]
  .text              ro code  0x00003bf8   0x22  zero_init3.o [4]
  .iar.init_table    const    0x00003c1c   0x24  - Linker created -
  .text              ro code  0x00003c40   0x16  cmain.o [4]
  .text              ro code  0x00003c56    0x4  exit.o [3]
  .text              ro code  0x00003c5c    0xa  cexit.o [4]
  .text              ro code  0x00003c68    0xc  XXexit.o [4]
  .text              ro code  0x00003c74   0x10  startup_efm32tg.o [1]
  .text              ro code  0x00003c84    0xc  cstartup_M.o [4]
  .text              ro code  0x00003c90    0x4  startup_efm32tg.o [1]
  .text              ro code  0x00003c94    0x4  startup_efm32tg.o [1]
  .text              ro code  0x00003c98    0x4  startup_efm32tg.o [1]
  .text              ro code  0x00003c9c    0x4  startup_efm32tg.o [1]
  .text              ro code  0x00003ca0    0x4  startup_efm32tg.o [1]
  .text              ro code  0x00003ca4    0x4  startup_efm32tg.o [1]
  .text              ro code  0x00003ca8    0x4  startup_efm32tg.o [1]
  .text              ro code  0x00003cac    0x4  startup_efm32tg.o [1]
  .text              ro code  0x00003cb0    0x4  startup_efm32tg.o [1]
  .text              ro code  0x00003cb4    0x4  startup_efm32tg.o [1]
  .text              ro code  0x00003cb8    0x4  startup_efm32tg.o [1]
  .text              ro code  0x00003cbc    0x4  startup_efm32tg.o [1]
  .text              ro code  0x00003cc0    0x4  startup_efm32tg.o [1]
  .text              ro code  0x00003cc4    0x4  startup_efm32tg.o [1]
  .text              ro code  0x00003cc8    0x4  startup_efm32tg.o [1]
  .text              ro code  0x00003ccc    0x4  startup_efm32tg.o [1]
  .text              ro code  0x00003cd0    0x4  startup_efm32tg.o [1]
  .text              ro code  0x00003cd4    0x4  startup_efm32tg.o [1]
  .text              ro code  0x00003cd8    0x4  startup_efm32tg.o [1]
  .text              ro code  0x00003cdc    0x4  startup_efm32tg.o [1]
  .text              ro code  0x00003ce0    0x4  startup_efm32tg.o [1]
  .text              ro code  0x00003ce4    0x4  startup_efm32tg.o [1]
  .text              ro code  0x00003ce8    0x4  startup_efm32tg.o [1]
  .text              ro code  0x00003cec    0x4  startup_efm32tg.o [1]
  .text              ro code  0x00003cf0    0x4  startup_efm32tg.o [1]
  .text              ro code  0x00003cf4    0x4  startup_efm32tg.o [1]
  .text              ro code  0x00003cf8    0x4  startup_efm32tg.o [1]
  .text              ro code  0x00003cfc    0x4  startup_efm32tg.o [1]
  .text              ro code  0x00003d00    0x4  startup_efm32tg.o [1]
  .text              ro code  0x00003d04    0x4  startup_efm32tg.o [1]
  .text              ro code  0x00003d08    0x4  startup_efm32tg.o [1]
  .text              ro code  0x00003d0c    0x4  startup_efm32tg.o [1]
  .rodata            const    0x00003d10    0x0  bwt_init3c.o [4]
  Initializer bytes  ro data  0x00003d10    0x8  <for P2 s0>
                            - 0x00003d18  0xc7c

"P2", part 1 of 3:                          0x8
  P2 s0                       0x20000000    0x8  <Init block>
    .data            inited   0x20000000    0x8  system_efm32tg.o [1]
                            - 0x20000008    0x8

"P2", part 2 of 3:                          0x8
  .bss               zero     0x20000008    0x4  system_efm32tg.o [1]
  .bss               zero     0x2000000c    0x2  em_emu.o [1]
                            - 0x2000000e    0x6

"P2", part 3 of 3:                        0x400
  CSTACK                      0x20000010  0x400  <Block>
    CSTACK           uninit   0x20000010  0x400  <Block tail>
                            - 0x20000410  0x400


*******************************************************************************
*** INIT TABLE
***

          Address     Size
          -------     ----
Zero (__iar_zero_init3)
    1 destination range, total size 0x6:
          0x20000008   0x6

Copy (__iar_copy_init3)
    1 source range, total size 0x8:
          0x00003d10   0x8
    1 destination range, total size 0x8:
          0x20000000   0x8



*******************************************************************************
*** MODULE SUMMARY
***

    Module             ro code  ro data  rw data
    ------             -------  -------  -------
D:\Firmware\my-project-hihack\trunk\ my-project-hihack --username kaiser.ren@gmail.com\energymicro\an\an0020_efm32_analog_comparator\iar\acmp_int_tg\Release\Obj: [1]
    em_acmp.o               88
    em_cmu.o               904
    em_emu.o               164                 2
    em_lcd.o               356
    main_acmp_int.o        164
    segmentlcd.o           844
    startup_efm32tg.o      300
    system_efm32tg.o       212        8       12
    --------------------------------------------
    Total:               3 032        8       14

command line: [2]
    --------------------------------------------
    Total:

dl7M_tln.a: [3]
    exit.o                   4
    --------------------------------------------
    Total:                   4

rt7M_tl.a: [4]
    ABImemcpy.o             86
    XXexit.o                12
    bwt_init3c.o
    cexit.o                 10
    cmain.o                 22
    copy_init3.o            46
    cstartup_M.o            12
    data_init3.o            44
    zero_init3.o            34
    --------------------------------------------
    Total:                 266

    Gaps                     4        2
    Linker created                   36    1 024
------------------------------------------------
    Grand Total:         3 306       46    1 038


*******************************************************************************
*** ENTRY LIST
***

Entry                      Address   Size  Type      Object
-----                      -------   ----  ----      ------
?main                   0x00003c41         Code  Gb  cmain.o [4]
ACMP0_IRQHandler        0x00003a8d   0x10  Code  Gb  main_acmp_int.o [1]
ACMPInit                0x00003a4d   0x40  Code  Lc  main_acmp_int.o [1]
ACMP_ChannelSet         0x00003b75   0x10  Code  Gb  em_acmp.o [1]
ACMP_Init               0x00003b85   0x48  Code  Gb  em_acmp.o [1]
ADC0_IRQHandler         0x00003ccd         Code  Wk  startup_efm32tg.o [1]
AES_IRQHandler          0x00003d0d         Code  Wk  startup_efm32tg.o [1]
BusFault_Handler        0x00003c9d         Code  Wk  startup_efm32tg.o [1]
CMU_ClockDivSet         0x0000310f  0x120  Code  Gb  em_cmu.o [1]
CMU_ClockEnable         0x00003231   0x66  Code  Gb  em_cmu.o [1]
CMU_ClockSelectSet      0x00003297   0xe8  Code  Gb  em_cmu.o [1]
CMU_FlashWaitStateControl
                        0x000030c3   0x4c  Code  Lc  em_cmu.o [1]
CMU_FlashWaitStateMax   0x0000309d   0x26  Code  Lc  em_cmu.o [1]
CMU_IRQHandler          0x00003cfd         Code  Wk  startup_efm32tg.o [1]
CMU_LCDClkFDIVSet       0x0000337f   0x12  Code  Gb  em_cmu.o [1]
CMU_OscillatorEnable    0x00003391   0x50  Code  Gb  em_cmu.o [1]
CSTACK$$Base            0x20000010          --   Gb  - Linker created -
CSTACK$$Limit           0x20000410          --   Gb  - Linker created -
DAC0_IRQHandler         0x00003cd1         Code  Wk  startup_efm32tg.o [1]
DMA_IRQHandler          0x00003cb5         Code  Wk  startup_efm32tg.o [1]
DebugMon_Handler        0x00003ca9         Code  Wk  startup_efm32tg.o [1]
EFM_Display             0x00003790  0x120  Data  Lc  segmentlcd.o [1]
EFM_Numbers             0x000038b0   0x24  Data  Lc  segmentlcd.o [1]
EMU_EnterEM2            0x00003557   0x28  Code  Gb  em_emu.o [1]
EMU_Restore             0x000034f9   0x5e  Code  Lc  em_emu.o [1]
EMU_UpdateOscConfig     0x0000357f    0xa  Code  Gb  em_emu.o [1]
GPIO_EVEN_IRQHandler    0x00003cb9         Code  Wk  startup_efm32tg.o [1]
GPIO_ODD_IRQHandler     0x00003cd9         Code  Wk  startup_efm32tg.o [1]
HardFault_Handler       0x00003c95         Code  Wk  startup_efm32tg.o [1]
I2C0_IRQHandler         0x00003cd5         Code  Wk  startup_efm32tg.o [1]
LCD_IRQHandler          0x00003d05         Code  Wk  startup_efm32tg.o [1]
LCD_Init                0x000038e9   0x34  Code  Gb  em_lcd.o [1]
LCD_SegmentRangeEnable  0x00003933   0x12  Code  Gb  em_lcd.o [1]
LCD_SegmentSet          0x00003949   0x54  Code  Gb  em_lcd.o [1]
LCD_SegmentSetLow       0x0000399d   0x6a  Code  Gb  em_lcd.o [1]
LCD_VBoostSet           0x00003a07    0x8  Code  Gb  em_lcd.o [1]
LCD_VLCDSelect          0x0000391d   0x16  Code  Gb  em_lcd.o [1]
LESENSE_IRQHandler      0x00003ce9         Code  Wk  startup_efm32tg.o [1]
LETIMER0_IRQHandler     0x00003cf1         Code  Wk  startup_efm32tg.o [1]
LEUART0_IRQHandler      0x00003ced         Code  Wk  startup_efm32tg.o [1]
MSC_IRQHandler          0x00003d09         Code  Wk  startup_efm32tg.o [1]
MemManage_Handler       0x00003c99         Code  Wk  startup_efm32tg.o [1]
NMI_Handler             0x00003c91         Code  Wk  startup_efm32tg.o [1]
PCNT0_IRQHandler        0x00003cf5         Code  Wk  startup_efm32tg.o [1]
PendSV_Handler          0x00003cad         Code  Wk  startup_efm32tg.o [1]
RTC_IRQHandler          0x00003cf9         Code  Wk  startup_efm32tg.o [1]
Region$$Table$$Base     0x00003c1c          --   Gb  - Linker created -
Region$$Table$$Limit    0x00003c40          --   Gb  - Linker created -
Reset_Handler           0x00003c75         Code  Wk  startup_efm32tg.o [1]
SVC_Handler             0x00003ca5         Code  Wk  startup_efm32tg.o [1]
SegmentLCD_AllOff       0x0000368f   0x40  Code  Gb  segmentlcd.o [1]
SegmentLCD_Init         0x00003705   0x6a  Code  Gb  segmentlcd.o [1]
SegmentLCD_Number       0x0000359d   0x9c  Code  Gb  segmentlcd.o [1]
SegmentLCD_NumberOff    0x00003645   0x42  Code  Gb  segmentlcd.o [1]
SysTick_Handler         0x00003cb1         Code  Wk  startup_efm32tg.o [1]
SystemCoreClock         0x20000008    0x4  Data  Gb  system_efm32tg.o [1]
SystemCoreClockGet      0x00003425   0x16  Code  Gb  system_efm32tg.o [1]
SystemHFClockGet        0x0000343b   0x82  Code  Gb  system_efm32tg.o [1]
SystemHFXOClock         0x20000000    0x4  Data  Lc  system_efm32tg.o [1]
SystemInit              0x000034bd    0x2  Code  Gb  system_efm32tg.o [1]
SystemLFXOClock         0x20000004    0x4  Data  Lc  system_efm32tg.o [1]
TIMER0_IRQHandler       0x00003cbd         Code  Wk  startup_efm32tg.o [1]
TIMER1_IRQHandler       0x00003cdd         Code  Wk  startup_efm32tg.o [1]
USART0_RX_IRQHandler    0x00003cc1         Code  Wk  startup_efm32tg.o [1]
USART0_TX_IRQHandler    0x00003cc5         Code  Wk  startup_efm32tg.o [1]
USART1_RX_IRQHandler    0x00003ce1         Code  Wk  startup_efm32tg.o [1]
USART1_TX_IRQHandler    0x00003ce5         Code  Wk  startup_efm32tg.o [1]
UsageFault_Handler      0x00003ca1         Code  Wk  startup_efm32tg.o [1]
VCMP_IRQHandler         0x00003d01         Code  Wk  startup_efm32tg.o [1]
__Vectors               0x00003000          --   Gb  startup_efm32tg.o [1]
__Vectors_End           0x0000309c         Data  Gb  startup_efm32tg.o [1]
__Vectors_Size {Abs}    0x0000009c          --   Gb  startup_efm32tg.o [1]
__aeabi_memcpy4         0x00003af1         Code  Gb  ABImemcpy.o [4]
__aeabi_memcpy8         0x00003af1         Code  Gb  ABImemcpy.o [4]
__cmain                 0x00003c41         Code  Gb  cmain.o [4]
__exit                  0x00003c69         Code  Gb  XXexit.o [4]
__iar_SB                0x00003d10         Data  Gb  bwt_init3c.o [4]
__iar_copy_init3        0x00003b47   0x2e  Code  Gb  copy_init3.o [4]
__iar_data_init3        0x00003bcd   0x2c  Code  Gb  data_init3.o [4]
__iar_program_start     0x00003c85         Code  Gb  cstartup_M.o [4]
__iar_zero_init3        0x00003bf9   0x22  Code  Gb  zero_init3.o [4]
__vector_table          0x00003000         Data  Gb  startup_efm32tg.o [1]
__vector_table_0x1c     0x0000301c         Data  Gb  startup_efm32tg.o [1]
_call_main              0x00003c4d         Code  Gb  cmain.o [4]
_exit                   0x00003c5d         Code  Gb  cexit.o [4]
_main                   0x00003c53         Code  Gb  cmain.o [4]
cmuStatus               0x2000000c    0x2  Data  Lc  em_emu.o [1]
exit                    0x00003c57    0x4  Code  Gb  exit.o [3]
lcdInit                 0x000038d4   0x14  Data  Lc  segmentlcd.o [1]
main                    0x00003a9d   0x28  Code  Gb  main_acmp_int.o [1]


[1] = D:\Firmware\my-project-hihack\trunk\ my-project-hihack --username kaiser.ren@gmail.com\energymicro\an\an0020_efm32_analog_comparator\iar\acmp_int_tg\Release\Obj
[2] = command line
[3] = dl7M_tln.a
[4] = rt7M_tl.a

  3 306 bytes of readonly  code memory
     46 bytes of readonly  data memory
  1 038 bytes of readwrite data memory

Errors: none
Warnings: none
