###############################################################################
#                                                                             #
# IAR ELF Linker V6.30.6.53336/W32 for ARM              03/Jul/2013  15:56:54 #
# Copyright 2007-2012 IAR Systems AB.                                         #
#                                                                             #
#    Output file  =  D:\Firmware\my-project-hihack\trunk\ my-project-hihack   #
#                    --username kaiser.ren@gmail.com\energymicro\an\bootloade #
#                    r\iar\bootloader-tg840\Debug\Exe\bootloader-tg840.out    #
#    Map file     =  D:\Firmware\my-project-hihack\trunk\ my-project-hihack   #
#                    --username kaiser.ren@gmail.com\energymicro\an\bootloade #
#                    r\iar\bootloader-tg840\Debug\List\bootloader-tg840.map   #
#    Command line =  "D:\Firmware\my-project-hihack\trunk\ my-project-hihack  #
#                    --username kaiser.ren@gmail.com\energymicro\an\bootloade #
#                    r\iar\bootloader-tg840\Debug\Obj\autobaud.o"             #
#                    "D:\Firmware\my-project-hihack\trunk\ my-project-hihack  #
#                    --username kaiser.ren@gmail.com\energymicro\an\bootloade #
#                    r\iar\bootloader-tg840\Debug\Obj\boot.o"                 #
#                    "D:\Firmware\my-project-hihack\trunk\ my-project-hihack  #
#                    --username kaiser.ren@gmail.com\energymicro\an\bootloade #
#                    r\iar\bootloader-tg840\Debug\Obj\bootloader.o"           #
#                    "D:\Firmware\my-project-hihack\trunk\ my-project-hihack  #
#                    --username kaiser.ren@gmail.com\energymicro\an\bootloade #
#                    r\iar\bootloader-tg840\Debug\Obj\crc.o"                  #
#                    "D:\Firmware\my-project-hihack\trunk\ my-project-hihack  #
#                    --username kaiser.ren@gmail.com\energymicro\an\bootloade #
#                    r\iar\bootloader-tg840\Debug\Obj\debug.o"                #
#                    "D:\Firmware\my-project-hihack\trunk\ my-project-hihack  #
#                    --username kaiser.ren@gmail.com\energymicro\an\bootloade #
#                    r\iar\bootloader-tg840\Debug\Obj\debuglock.o"            #
#                    "D:\Firmware\my-project-hihack\trunk\ my-project-hihack  #
#                    --username kaiser.ren@gmail.com\energymicro\an\bootloade #
#                    r\iar\bootloader-tg840\Debug\Obj\decode.o"               #
#                    "D:\Firmware\my-project-hihack\trunk\ my-project-hihack  #
#                    --username kaiser.ren@gmail.com\energymicro\an\bootloade #
#                    r\iar\bootloader-tg840\Debug\Obj\em_acmp.o"              #
#                    "D:\Firmware\my-project-hihack\trunk\ my-project-hihack  #
#                    --username kaiser.ren@gmail.com\energymicro\an\bootloade #
#                    r\iar\bootloader-tg840\Debug\Obj\em_cmu.o"               #
#                    "D:\Firmware\my-project-hihack\trunk\ my-project-hihack  #
#                    --username kaiser.ren@gmail.com\energymicro\an\bootloade #
#                    r\iar\bootloader-tg840\Debug\Obj\em_emu.o"               #
#                    "D:\Firmware\my-project-hihack\trunk\ my-project-hihack  #
#                    --username kaiser.ren@gmail.com\energymicro\an\bootloade #
#                    r\iar\bootloader-tg840\Debug\Obj\em_gpio.o"              #
#                    "D:\Firmware\my-project-hihack\trunk\ my-project-hihack  #
#                    --username kaiser.ren@gmail.com\energymicro\an\bootloade #
#                    r\iar\bootloader-tg840\Debug\Obj\em_int.o"               #
#                    "D:\Firmware\my-project-hihack\trunk\ my-project-hihack  #
#                    --username kaiser.ren@gmail.com\energymicro\an\bootloade #
#                    r\iar\bootloader-tg840\Debug\Obj\em_prs.o"               #
#                    "D:\Firmware\my-project-hihack\trunk\ my-project-hihack  #
#                    --username kaiser.ren@gmail.com\energymicro\an\bootloade #
#                    r\iar\bootloader-tg840\Debug\Obj\em_rmu.o"               #
#                    "D:\Firmware\my-project-hihack\trunk\ my-project-hihack  #
#                    --username kaiser.ren@gmail.com\energymicro\an\bootloade #
#                    r\iar\bootloader-tg840\Debug\Obj\em_timer.o"             #
#                    "D:\Firmware\my-project-hihack\trunk\ my-project-hihack  #
#                    --username kaiser.ren@gmail.com\energymicro\an\bootloade #
#                    r\iar\bootloader-tg840\Debug\Obj\encode.o"               #
#                    "D:\Firmware\my-project-hihack\trunk\ my-project-hihack  #
#                    --username kaiser.ren@gmail.com\energymicro\an\bootloade #
#                    r\iar\bootloader-tg840\Debug\Obj\flash.o"                #
#                    "D:\Firmware\my-project-hihack\trunk\ my-project-hihack  #
#                    --username kaiser.ren@gmail.com\energymicro\an\bootloade #
#                    r\iar\bootloader-tg840\Debug\Obj\iarwrite.o"             #
#                    "D:\Firmware\my-project-hihack\trunk\ my-project-hihack  #
#                    --username kaiser.ren@gmail.com\energymicro\an\bootloade #
#                    r\iar\bootloader-tg840\Debug\Obj\startup_efm32.o"        #
#                    "D:\Firmware\my-project-hihack\trunk\ my-project-hihack  #
#                    --username kaiser.ren@gmail.com\energymicro\an\bootloade #
#                    r\iar\bootloader-tg840\Debug\Obj\system_efm32tg.o"       #
#                    "D:\Firmware\my-project-hihack\trunk\ my-project-hihack  #
#                    --username kaiser.ren@gmail.com\energymicro\an\bootloade #
#                    r\iar\bootloader-tg840\Debug\Obj\usart.o"                #
#                    "D:\Firmware\my-project-hihack\trunk\ my-project-hihack  #
#                    --username kaiser.ren@gmail.com\energymicro\an\bootloade #
#                    r\iar\bootloader-tg840\Debug\Obj\xmodem.o" --redirect    #
#                    _Printf=_PrintfFull --redirect _Scanf=_ScanfSmall -o     #
#                    "D:\Firmware\my-project-hihack\trunk\ my-project-hihack  #
#                    --username kaiser.ren@gmail.com\energymicro\an\bootloade #
#                    r\iar\bootloader-tg840\Debug\Exe\bootloader-tg840.out"   #
#                    --map "D:\Firmware\my-project-hihack\trunk\              #
#                    my-project-hihack --username                             #
#                    kaiser.ren@gmail.com\energymicro\an\bootloader\iar\bootl #
#                    oader-tg840\Debug\List\bootloader-tg840.map" --config    #
#                    "D:\Firmware\my-project-hihack\trunk\ my-project-hihack  #
#                    --username kaiser.ren@gmail.com\energymicro\an\bootloade #
#                    r\iar\..\iar_linker_files\EFM32TG840F32.icf" --entry     #
#                    __iar_program_start --vfe                                #
#                                                                             #
#                                                                             #
###############################################################################

*******************************************************************************
*** RUNTIME MODEL ATTRIBUTES
***

CppFlavor       = *
__SystemLibrary = DLib


*******************************************************************************
*** PLACEMENT SUMMARY
***

"A1":  place at 0x00000000 { ro section .intvec };
"P1":  place in [from 0x00000000 to 0x00007fff] { ro };
"P2":  place in [from 0x20000000 to 0x20000fff] { rw, block CSTACK, block HEAP };

  Section            Kind        Address    Size  Object
  -------            ----        -------    ----  ------
"A1":                                        0x8
  .intvec            ro code  0x00000000     0x8  startup_efm32.o [1]
                            - 0x00000008     0x8

"P1":                                     0x17cc
  .text              ro code  0x00000008   0x4a4  encode.o [1]
  .text              ro code  0x000004ac   0x108  system_efm32tg.o [1]
  .text              ro code  0x000005b4   0x14c  em_timer.o [1]
  .text              ro code  0x00000700   0x30c  em_cmu.o [1]
  .text              ro code  0x00000a0c    0xd4  em_gpio.o [1]
  .text              ro code  0x00000ae0   0x3d0  decode.o [1]
  .text              ro code  0x00000eb0    0x56  ABImemcpy.o [5]
  .text              ro code  0x00000f06    0x2e  copy_init3.o [5]
  .text              ro code  0x00000f34    0x1c  em_prs.o [1]
  .text              ro code  0x00000f50    0x7a  em_acmp.o [1]
  .text              ro code  0x00000fca    0x22  zero_init3.o [5]
  Veneer             ro code  0x00000fec     0x8  - Linker created -
  Veneer             ro code  0x00000ff4     0x8  - Linker created -
  Veneer             ro code  0x00000ffc     0x8  - Linker created -
  Veneer             ro code  0x00001004     0x8  - Linker created -
  .text              ro code  0x0000100c   0x17c  bootloader.o [1]
  .text              ro code  0x00001188    0x28  usart.o [1]
  .text              ro code  0x000011b0    0x74  flash.o [1]
  .text              ro code  0x00001224    0xf8  em_rmu.o [1]
  .rodata            const    0x0000131c    0x2c  bootloader.o [1]
  .text              ro code  0x00001348    0x2c  data_init3.o [5]
  .rodata            const    0x00001374    0x24  bootloader.o [1]
  .iar.init_table    const    0x00001398    0x24  - Linker created -
  .rodata            const    0x000013bc    0x18  decode.o [1]
  .text              ro code  0x000013d4    0x16  cmain.o [5]
  .text              ro code  0x000013ea     0x4  low_level_init.o [3]
  .text              ro code  0x000013ee     0x4  exit.o [3]
  .text              ro code  0x000013f4     0xa  cexit.o [5]
  .text              ro code  0x00001400     0xc  XXexit.o [5]
  .rodata            const    0x0000140c    0x14  bootloader.o [1]
  .rodata            const    0x00001420    0x10  decode.o [1]
  .rodata            const    0x00001430    0x10  encode.o [1]
  .rodata            const    0x00001440     0xc  decode.o [1]
  .rodata            const    0x0000144c     0xc  encode.o [1]
  .rodata            const    0x00001458     0xc  xmodem.o [1]
  .rodata            const    0x00001464     0xc  xmodem.o [1]
  .text              ro code  0x00001470     0xc  cstartup_M.o [5]
  .rodata            const    0x0000147c     0x8  xmodem.o [1]
  .rodata            const    0x00001484     0x8  xmodem.o [1]
  .rodata            const    0x0000148c     0x8  xmodem.o [1]
  .rodata            const    0x00001494     0x8  xmodem.o [1]
  .rodata            const    0x0000149c     0x0  bwt_init3c.o [5]
  Initializer bytes  ro data  0x0000149c   0x338  <for P2 s0>
                            - 0x000017d4  0x17cc

Absolute sections, part 1 of 2:             0xbe
  .noinit            uninit   0x20000000    0xbc  bootloader.o [1]
  .noinit            uninit   0x200000bc     0x2  bootloader.o [1]
                            - 0x200000be    0xbe

Absolute sections, part 2 of 2:             0x10
  .noinit            uninit   0x20000100    0x10  flash.o [1]
                            - 0x20000110    0x10

"P2", part 1 of 3:                         0x338
  P2 s0                       0x20000110   0x338  <Init block>
    Veneer           inited   0x20000110     0x8  - Linker created -
    .textrw          inited   0x20000118   0x114  xmodem.o [1]
    .textrw          inited   0x2000022c    0x50  flash.o [1]
    Veneer           inited   0x2000027c     0x8  - Linker created -
    Veneer           inited   0x20000284     0x8  - Linker created -
    .textrw          inited   0x2000028c    0x50  decode.o [1]
    .textrw          inited   0x200002dc    0x6e  usart.o [1]
    .textrw          inited   0x2000034c    0xa0  xmodem.o [1]
    .textrw          inited   0x200003ec    0x32  crc.o [1]
    .textrw          inited   0x20000420    0x20  bootloader.o [1]
    .data            inited   0x20000440     0x4  system_efm32tg.o [1]
    .data            inited   0x20000444     0x4  system_efm32tg.o [1]
                            - 0x20000448   0x338

"P2", part 2 of 3:                         0x2f0
  .bss               zero     0x20000448   0x110  xmodem.o [1]
  .bss               zero     0x20000558    0xd8  decode.o [1]
  .bss               zero     0x20000630    0xd8  encode.o [1]
  .bss               zero     0x20000708     0x8  encode.o [1]
  .bss               zero     0x20000710     0x4  bootloader.o [1]
  .bss               zero     0x20000714     0x4  decode.o [1]
  .bss               zero     0x20000718     0x4  decode.o [1]
  .bss               zero     0x2000071c     0x4  decode.o [1]
  .bss               zero     0x20000720     0x4  decode.o [1]
  .bss               zero     0x20000724     0x4  em_int.o [1]
  .bss               zero     0x20000728     0x4  encode.o [1]
  .bss               zero     0x2000072c     0x4  flash.o [1]
  .bss               zero     0x20000730     0x4  system_efm32tg.o [1]
  .bss               zero     0x20000734     0x1  decode.o [1]
  .bss               zero     0x20000735     0x1  encode.o [1]
                            - 0x20000736   0x2ee

"P2", part 3 of 3:                         0x400
  CSTACK                      0x20000738   0x400  <Block>
    CSTACK           uninit   0x20000738   0x400  <Block tail>
                            - 0x20000b38   0x400


*******************************************************************************
*** INIT TABLE
***

          Address     Size
          -------     ----
Zero (__iar_zero_init3)
    1 destination range, total size 0x2ee:
          0x20000448  0x2ee

Copy (__iar_copy_init3)
    1 source range, total size 0x338:
          0x0000149c  0x338
    1 destination range, total size 0x338:
          0x20000110  0x338



*******************************************************************************
*** MODULE SUMMARY
***

    Module            ro code  rw code  ro data  rw data  rw data
                                                           (abs)
    ------            -------  -------  -------  -------  -------
D:\Firmware\my-project-hihack\trunk\ my-project-hihack --username kaiser.ren@gmail.com\energymicro\an\bootloader\iar\bootloader-tg840\Debug\Obj: [1]
    bootloader.o          380       32      134        4      190
    crc.o                           50       50
    decode.o              976       80      132      233
    em_acmp.o             122
    em_cmu.o              780
    em_gpio.o             212
    em_int.o                                           4
    em_prs.o               28
    em_rmu.o              248
    em_timer.o            332
    encode.o            1 188                28      229
    flash.o               116       80       80        4       16
    startup_efm32.o         8
    system_efm32tg.o      264                 8       12
    usart.o                40      110      110
    xmodem.o                       436      494      272
    -------------------------------------------------------------
    Total:              4 694      788    1 036      758      206

command line: [2]
    -------------------------------------------------------------
    Total:

dl7M_tln.a: [3]
    exit.o                  4
    low_level_init.o        4
    -------------------------------------------------------------
    Total:                  8

m7M_tl.a: [4]
    -------------------------------------------------------------
    Total:

rt7M_tl.a: [5]
    ABImemcpy.o            86
    XXexit.o               12
    bwt_init3c.o
    cexit.o                10
    cmain.o                22
    copy_init3.o           46
    cstartup_M.o           12
    data_init3.o           44
    zero_init3.o           34
    -------------------------------------------------------------
    Total:                266

    Gaps                    4        4
    Linker created         32       24       60    1 024
-----------------------------------------------------------------
    Grand Total:        5 004      816    1 096    1 782      206


*******************************************************************************
*** ENTRY LIST
***

Entry                     Address   Size  Type      Object
-----                     -------   ----  ----      ------
?main                  0x000013d5         Code  Gb  cmain.o [5]
ACMP_ChannelSet        0x00000f69   0x14  Code  Gb  em_acmp.o [1]
ACMP_Enable            0x00000f5f    0xa  Code  Gb  em_acmp.o [1]
ACMP_Init              0x00000f7d   0x4e  Code  Gb  em_acmp.o [1]
ACMP_setup             0x00000c0f   0x46  Code  Lc  decode.o [1]
BITBAND_Peripheral     0x00000f51    0xe  Code  Lc  em_acmp.o [1]
BITBAND_Peripheral     0x00000701    0xe  Code  Lc  em_cmu.o [1]
BITBAND_Peripheral     0x00001225    0xe  Code  Lc  em_rmu.o [1]
CMU_ClockEnable        0x000007b5   0x86  Code  Gb  em_cmu.o [1]
CMU_ClockSelectGet     0x0000083b   0xf2  Code  Gb  em_cmu.o [1]
CMU_FlashWaitStateControl
                       0x00000743   0x5c  Code  Lc  em_cmu.o [1]
CMU_FlashWaitStateMax  0x0000070f   0x34  Code  Lc  em_cmu.o [1]
CMU_HFRCOBandSet       0x0000092d   0x9a  Code  Gb  em_cmu.o [1]
CMU_Sync               0x0000079f   0x16  Code  Lc  em_cmu.o [1]
CONFIG_UsartGpioSetup  0x00001047   0x12  Code  Lc  bootloader.o [1]
CRC_calc               0x200003ed   0x32  Code  Gb  crc.o [1]
CSTACK$$Base           0x20000738          --   Gb  - Linker created -
CSTACK$$Limit          0x20000b38          --   Gb  - Linker created -
EMU_Lock               0x00001233    0x8  Code  Lc  em_rmu.o [1]
EMU_Unlock             0x0000123b    0xa  Code  Lc  em_rmu.o [1]
FLASH_CalcPageSize     0x000011b1   0x34  Code  Gb  flash.o [1]
FLASH_eraseOneBlock    0x2000022d   0x3c  Code  Gb  flash.o [1]
FLASH_init             0x000011e5   0x22  Code  Gb  flash.o [1]
GPIO_PinModeSet        0x00000a0d   0xcc  Code  Gb  em_gpio.o [1]
GetProdRev             0x000004ad    0xa  Code  Lc  system_efm32tg.o [1]
HIJACKPutData          0x00000241   0x64  Code  Gb  encode.o [1]
HIJACK_CompareConfig   0x000000e7   0x50  Code  Lc  encode.o [1]
INT_Disable            0x00000b13   0x24  Code  Lc  decode.o [1]
INT_Disable            0x00000047   0x24  Code  Lc  encode.o [1]
INT_Enable             0x00000b37   0x2e  Code  Lc  decode.o [1]
INT_Enable             0x0000006b   0x2e  Code  Lc  encode.o [1]
INT_LockCnt            0x20000724    0x4  Data  Gb  em_int.o [1]
IsTime2Detect          0x00000c55   0x40  Code  Lc  decode.o [1]
NVIC_DisableIRQ        0x0000100d   0x18  Code  Lc  bootloader.o [1]
NVIC_EnableIRQ         0x00000ae1   0x1a  Code  Lc  decode.o [1]
NVIC_EnableIRQ         0x00000009   0x1a  Code  Lc  encode.o [1]
NVIC_SetPriority       0x00001025   0x22  Code  Lc  bootloader.o [1]
PRS_SourceSignalSet    0x00000f35   0x18  Code  Gb  em_prs.o [1]
RMU_ResetCauseClear    0x00001245   0x38  Code  Gb  em_rmu.o [1]
RMU_ResetCauseGet      0x0000127d   0x8e  Code  Gb  em_rmu.o [1]
Region$$Table$$Base    0x00001398          --   Gb  - Linker created -
Region$$Table$$Limit   0x000013bc          --   Gb  - Linker created -
SystemCoreClock        0x20000730    0x4  Data  Gb  system_efm32tg.o [1]
SystemCoreClockGet     0x000004b7   0x1a  Code  Gb  system_efm32tg.o [1]
SystemCoreClockUpdate  0x00000023    0x8  Code  Lc  encode.o [1]
SystemHFClockGet       0x000004d1   0xa6  Code  Gb  system_efm32tg.o [1]
SystemHFXOClock        0x20000440    0x4  Data  Lc  system_efm32tg.o [1]
SystemLFXOClock        0x20000444    0x4  Data  Lc  system_efm32tg.o [1]
TIMER0_IRQHandler      0x00000b65   0x42  Code  Gb  decode.o [1]
TIMER1_IRQHandler      0x00000099   0x4e  Code  Gb  encode.o [1]
TIMER_CaptureGet       0x00000afb    0x8  Code  Lc  decode.o [1]
TIMER_CompareSet       0x0000002b    0x8  Code  Lc  encode.o [1]
TIMER_CounterSet       0x00000033    0x4  Code  Lc  encode.o [1]
TIMER_Enable           0x000005b5   0x12  Code  Gb  em_timer.o [1]
TIMER_Init             0x000005c7   0xbc  Code  Gb  em_timer.o [1]
TIMER_InitCC           0x00000683   0x7e  Code  Gb  em_timer.o [1]
TIMER_IntClear         0x00000b03    0x4  Code  Lc  decode.o [1]
TIMER_IntClear         0x00000037    0x4  Code  Lc  encode.o [1]
TIMER_IntEnable        0x00000b07    0x8  Code  Lc  decode.o [1]
TIMER_IntEnable        0x0000003b    0x8  Code  Lc  encode.o [1]
TIMER_IntGet           0x00000b0f    0x4  Code  Lc  decode.o [1]
TIMER_IntGet           0x00000043    0x4  Code  Lc  encode.o [1]
TIMER_setup            0x00000bc1   0x4e  Code  Lc  decode.o [1]
USART_init             0x00001189   0x28  Code  Gb  usart.o [1]
USART_printHex         0x200002dd   0x3c  Code  Gb  usart.o [1]
USART_printString      0x20000335   0x16  Code  Gb  usart.o [1]
USART_txByte           0x20000319   0x12  Code  Gb  usart.o [1]
XMODEM_download        0x20000119  0x114  Code  Gb  xmodem.o [1]
XMODEM_verifyPacketChecksum
                       0x2000034d   0xa0  Code  Gb  xmodem.o [1]
__Vectors              0x00000000          --   Gb  startup_efm32.o [1]
__Vectors_End          0x00000008         Data  Gb  startup_efm32.o [1]
__Vectors_Size {Abs}   0x00000008          --   Gb  startup_efm32.o [1]
__aeabi_memcpy4        0x00000eb1         Code  Gb  ABImemcpy.o [5]
__aeabi_memcpy8        0x00000eb1         Code  Gb  ABImemcpy.o [5]
__cmain                0x000013d5         Code  Gb  cmain.o [5]
__exit                 0x00001401         Code  Gb  XXexit.o [5]
__iar_SB               0x0000149c         Data  Gb  bwt_init3c.o [5]
__iar_copy_init3       0x00000f07   0x2e  Code  Gb  copy_init3.o [5]
__iar_data_init3       0x00001349   0x2c  Code  Gb  data_init3.o [5]
__iar_program_start    0x00001471         Code  Gb  cstartup_M.o [5]
__iar_zero_init3       0x00000fcb   0x22  Code  Gb  zero_init3.o [5]
__low_level_init       0x000013eb    0x4  Code  Gb  low_level_init.o [3]
__vector_table         0x00000000         Data  Gb  startup_efm32.o [1]
_call_main             0x000013e1         Code  Gb  cmain.o [5]
_exit                  0x000013f5         Code  Gb  cexit.o [5]
_main                  0x000013e7         Code  Gb  cmain.o [5]
bootloaderCRC          0x200000bc    0x2  Data  Gb  bootloader.o [1]
commandlineLoop        0x20000421   0x18  Code  Gb  bootloader.o [1]
cur_edge               0x20000734    0x1  Data  Gb  decode.o [1]
cur_stamp              0x20000718    0x4  Data  Gb  decode.o [1]
dec                    0x20000714    0x4  Data  Gb  decode.o [1]
decBuf                 0x20000558   0xd8  Data  Gb  decode.o [1]
dec_init               0x00000ba7   0x1a  Code  Gb  decode.o [1]
dec_parser             0x00000c95   0x5c  Code  Lc  decode.o [1]
dec_rxByte             0x2000028d   0x50  Code  Gb  decode.o [1]
decode_machine         0x00000cf1  0x172  Code  Gb  decode.o [1]
descr                  0x20000100   0x10  Data  Gb  flash.o [1]
enc                    0x20000708    0x8  Data  Lc  encode.o [1]
encBuf                 0x20000630   0xd8  Data  Gb  encode.o [1]
encGetAmount           0x00000201    0x6  Code  Gb  encode.o [1]
encGetChar             0x00000207   0x3a  Code  Gb  encode.o [1]
enc_init               0x00000137   0x68  Code  Gb  encode.o [1]
enc_machine            0x000002a5  0x1d0  Code  Gb  encode.o [1]
enc_odd                0x20000735    0x1  Data  Lc  encode.o [1]
exit                   0x000013ef    0x4  Code  Gb  exit.o [3]
findParam              0x0000019f   0x62  Code  Gb  encode.o [1]
flashPageSize          0x2000072c    0x4  Data  Gb  flash.o [1]
generateVectorTable    0x00001059   0x1a  Code  Gb  bootloader.o [1]
inv                    0x20000720    0x4  Data  Lc  decode.o [1]
main                   0x00001073   0xc0  Code  Gb  bootloader.o [1]
offset                 0x2000071c    0x4  Data  Lc  decode.o [1]
rawPacket              0x20000448  0x110  Data  Gb  xmodem.o [1]
sys_tick               0x20000710    0x4  Data  Gb  bootloader.o [1]
ticker                 0x20000728    0x4  Data  Gb  encode.o [1]
vectorTable            0x20000000   0xbc  Data  Gb  bootloader.o [1]


[1] = D:\Firmware\my-project-hihack\trunk\ my-project-hihack --username kaiser.ren@gmail.com\energymicro\an\bootloader\iar\bootloader-tg840\Debug\Obj
[2] = command line
[3] = dl7M_tln.a
[4] = m7M_tl.a
[5] = rt7M_tl.a

  5 004 bytes of readonly  code memory
    816 bytes of readwrite code memory
  1 096 bytes of readonly  data memory
  1 782 bytes of readwrite data memory (+ 206 absolute)

Errors: none
Warnings: none
