################################################################################
#                                                                              #
#      IAR Universal Linker V5.2.5.17                                          #
#                                                                              #
#           Link time     =  15/Dec/2012  09:36:02                             #
#           Target CPU    =  A90                                               #
#           List file     =  "I:\my-project-hihack\trunk\ my-project-hihack -- #
#                            username kaiser.ren@gmail.com\back_end\Applicatio #
#                            ns\TAL_Examples\Performance_Test\IAR\Mega1281\Deb #
#                            ug\List\Mega1281.map"                             #
#           Output file 1 =  "I:\my-project-hihack\trunk\ my-project-hihack -- #
#                            username kaiser.ren@gmail.com\back_end\Applicatio #
#                            ns\TAL_Examples\Performance_Test\IAR\Mega1281\Deb #
#                            ug\Exe\Mega1281.srec"                             #
#                            Format: motorola-s28                              #
#           Output file 2 =  "I:\my-project-hihack\trunk\ my-project-hihack -- #
#                            username kaiser.ren@gmail.com\back_end\Applicatio #
#                            ns\TAL_Examples\Performance_Test\IAR\Mega1281\Deb #
#                            ug\Exe\Mega1281.hex"                              #
#                            Format: intel-extended, variant: -Y2              #
#           Output file 3 =  "I:\my-project-hihack\trunk\ my-project-hihack -- #
#                            username kaiser.ren@gmail.com\back_end\Applicatio #
#                            ns\TAL_Examples\Performance_Test\IAR\Mega1281\Deb #
#                            ug\Exe\Mega1281.d90"                              #
#                            Format: debug                                     #
#                            UBROF version 10.0.6                              #
#                            Using library modules for C-SPY (-rt)             #
#           Command line  =  -Omotorola-s28=.srec                              #
#                            "I:\my-project-hihack\trunk\ my-project-hihack -- #
#                            username kaiser.ren@gmail.com\back_end\Applicatio #
#                            ns\TAL_Examples\Performance_Test\IAR\Mega1281\Deb #
#                            ug\Obj\decode.r90"                                #
#                            "I:\my-project-hihack\trunk\ my-project-hihack -- #
#                            username kaiser.ren@gmail.com\back_end\Applicatio #
#                            ns\TAL_Examples\Performance_Test\IAR\Mega1281\Deb #
#                            ug\Obj\encode.r90"                                #
#                            "I:\my-project-hihack\trunk\ my-project-hihack -- #
#                            username kaiser.ren@gmail.com\back_end\Applicatio #
#                            ns\TAL_Examples\Performance_Test\IAR\Mega1281\Deb #
#                            ug\Obj\hal.r90"                                   #
#                            "I:\my-project-hihack\trunk\ my-project-hihack -- #
#                            username kaiser.ren@gmail.com\back_end\Applicatio #
#                            ns\TAL_Examples\Performance_Test\IAR\Mega1281\Deb #
#                            ug\Obj\main.r90"                                  #
#                            "I:\my-project-hihack\trunk\ my-project-hihack -- #
#                            username kaiser.ren@gmail.com\back_end\Applicatio #
#                            ns\TAL_Examples\Performance_Test\IAR\Mega1281\Deb #
#                            ug\Obj\pal_board.r90"                             #
#                            "I:\my-project-hihack\trunk\ my-project-hihack -- #
#                            username kaiser.ren@gmail.com\back_end\Applicatio #
#                            ns\TAL_Examples\Performance_Test\IAR\Mega1281\Deb #
#                            ug\Obj\pal_sio_hub.r90"                           #
#                            "I:\my-project-hihack\trunk\ my-project-hihack -- #
#                            username kaiser.ren@gmail.com\back_end\Applicatio #
#                            ns\TAL_Examples\Performance_Test\IAR\Mega1281\Deb #
#                            ug\Obj\pal_uart.r90"                              #
#                            "I:\my-project-hihack\trunk\ my-project-hihack -- #
#                            username kaiser.ren@gmail.com\back_end\Applicatio #
#                            ns\TAL_Examples\Performance_Test\IAR\Mega1281\Deb #
#                            ug\Obj\pal_utils.r90"                             #
#                            "I:\my-project-hihack\trunk\ my-project-hihack -- #
#                            username kaiser.ren@gmail.com\back_end\Applicatio #
#                            ns\TAL_Examples\Performance_Test\IAR\Mega1281\Deb #
#                            ug\Obj\sio_handler.r90"                           #
#                            "I:\my-project-hihack\trunk\ my-project-hihack -- #
#                            username kaiser.ren@gmail.com\back_end\Applicatio #
#                            ns\TAL_Examples\Performance_Test\IAR\Mega1281\Deb #
#                            ug\Obj\timer.r90"                                 #
#                            "I:\my-project-hihack\trunk\ my-project-hihack -- #
#                            username kaiser.ren@gmail.com\back_end\Applicatio #
#                            ns\TAL_Examples\Performance_Test\IAR\Mega1281\Deb #
#                            ug\Obj\write.r90"                                 #
#                            -o                                                #
#                            "I:\my-project-hihack\trunk\ my-project-hihack -- #
#                            username kaiser.ren@gmail.com\back_end\Applicatio #
#                            ns\TAL_Examples\Performance_Test\IAR\Mega1281\Deb #
#                            ug\Exe\Mega1281.d90"                              #
#                            -z -l                                             #
#                            "I:\my-project-hihack\trunk\ my-project-hihack -- #
#                            username kaiser.ren@gmail.com\back_end\Applicatio #
#                            ns\TAL_Examples\Performance_Test\IAR\Mega1281\Deb #
#                            ug\List\Mega1281.map"                             #
#                            -xmsn                                             #
#                            "-ID:\Program Files\IAR Systems\Embedded Workbenc #
#                            h 6.0\avr\LIB\"                                   #
#                            -f                                                #
#                            "D:\Program Files\IAR Systems\Embedded Workbench  #
#                            6.0\avr\src\template\cfgm1281.xcl"                #
#                            (-D_..X_INTVEC_SIZE=CC -D_..X_FLASH_NEND=FFFF     #
#                            -D_..X_FLASH_END=1FFFF -D_..X_SRAM_BASE=200       #
#                            -D_..X_SRAM_TBASE=0 -D_..X_SRAM_TSIZE=0           #
#                            -D_..X_SRAM_END=21FF -D_..X_EEPROM_END=FFF        #
#                            -D_..X_EEPROM_START=0) -D_..X_HEAP_SIZE=0         #
#                            -D_..X_TINY_HEAP_SIZE=0                           #
#                            -D_..X_NEAR_HEAP_SIZE=40 -D_..X_FAR_HEAP_SIZE=0   #
#                            -D_..X_HUGE_HEAP_SIZE=0 -D_..X_CSTACK_SIZE=200    #
#                            -D_..X_RSTACK_SIZE=50                             #
#                            -D_..X_FLASH_CODE_END=1FFFF -f                    #
#                            "D:\Program Files\IAR Systems\Embedded Workbench  #
#                            6.0\avr\src\template\cfg3soim.xcl"                #
#                            (-ca90 -w29                                       #
#                            -Z(CODE)INTVEC=0-(_..X_INTVEC_SIZE-1)             #
#                            -Z(CODE)TINY_F=_..X_FLASH_BASE-FF                 #
#                            -Z(CODE)NEAR_F=_..X_FLASH_BASE-_..X_FLASH_NEND    #
#                            -Z(CODE)SWITCH=_..X_FLASH_BASE-_..X_FLASH_NEND    #
#                            -Z(CODE)DIFUNCT=_..X_FLASH_BASE-_..X_FLASH_NEND   #
#                            -Z(CODE)CODE=_..X_FLASH_BASE-_..X_FLASH_END       #
#                            -P(CODE)FAR_F=[_..X_FLASH_BASE-_..X_FLASH_END]/10 #
#                            000                                               #
#                            -Z(CODE)INITTAB=_..X_FLASH_BASE-_..X_FLASH_END    #
#                            -Z(CODE)HUGE_F=_..X_FLASH_BASE-_..X_FLASH_END     #
#                            -Z(CODE)TINY_ID=_..X_FLASH_BASE-_..X_FLASH_END    #
#                            -Z(CODE)NEAR_ID=_..X_FLASH_BASE-_..X_FLASH_END    #
#                            -Z(CODE)CHECKSUM#_..X_FLASH_END                   #
#                            -Z(DATA)TINY_I,TINY_Z,TINY_N=_..X_SRAM_TBASE:+_.. #
#                            X_SRAM_TSIZE                                      #
#                            -Z(DATA)CSTACK+_..X_CSTACK_SIZE=_..X_CSTACK_BASE- #
#                            _..X_CSTACK_END                                   #
#                            -Z(DATA)HEAP+_..X_HEAP_SIZE=_..X_SRAM_BASE-_..X_S #
#                            RAM_END                                           #
#                            -Z(DATA)IOSTREAM_N#_..X_SRAM_BASE-_..X_SRAM_END   #
#                            -Z(DATA)NEAR_HEAP+_..X_NEAR_HEAP_SIZE=_..X_SRAM_B #
#                            ASE-_..X_SRAM_END                                 #
#                            -Z(DATA)RSTACK+_..X_RSTACK_SIZE=_..X_RSTACK_BASE- #
#                            _..X_RSTACK_END                                   #
#                            -Z(DATA)NEAR_I,NEAR_Z,NEAR_N=_..X_SRAM_BASE-_..X_ #
#                            SRAM_END                                          #
#                            -Z(XDATA)EEPROM_I,EEPROM_N=_..X_EEPROM_START-_..X #
#                            _EEPROM_END)                                      #
#                            -D_..X_FLASH_BASE=_..X_INTVEC_SIZE -H1895         #
#                            -h(CODE)0-(_..X_INTVEC_SIZE-1)                    #
#                            -D_..X_EXT_SRAM_BASE=_..X_SRAM_END                #
#                            -D_..X_EXT_SRAM_SIZE=0                            #
#                            -D_..X_EXT_ROM_BASE=_..X_SRAM_END                 #
#                            -D_..X_EXT_ROM_SIZE=0                             #
#                            -D_..X_EXT_NV_BASE=_..X_SRAM_END                  #
#                            -D_..X_EXT_NV_SIZE=0                              #
#                            -D_..X_CSTACK_BASE=_..X_SRAM_BASE                 #
#                            -D_..X_CSTACK_END=_..X_SRAM_END                   #
#                            -D_..X_RSTACK_BASE=_..X_SRAM_BASE                 #
#                            -D_..X_RSTACK_END=_..X_SRAM_END -rt               #
#                            "-Ointel-extended,2=I:\my-project-hihack\trunk\ m #
#                            y-project-hihack --username kaiser.ren@gmail.com\ #
#                            back_end\Applications\TAL_Examples\Performance_Te #
#                            st\IAR\Mega1281\Debug\Exe\Mega1281.hex"           #
#                            -s __program_start                                #
#                            "D:\Program Files\IAR Systems\Embedded Workbench  #
#                            6.0\avr\LIB\DLIB\dlAVR-3s-ec_mul-n.r90"           #
#                            -e_PrintfSmall=_Printf                            #
#                                                                              #
#                           Copyright (C) 1987-2011 IAR Systems AB.            #
################################################################################





                ****************************************
                *                                      *
                *           CROSS REFERENCE            *
                *                                      *
                ****************************************

       Program entry at : CODE      00000000  Relocatable, from module : ?RESET




                ****************************************
                *                                      *
                *            RUNTIME MODEL             *
                *                                      *
                ****************************************

  R10                        = REG
  R11                        = REG
  R12                        = REG
  R13                        = REG
  R14                        = REG
  R4                         = REG
  R5                         = REG
  R6                         = REG
  R7                         = REG
  R8                         = REG
  R9                         = REG
  __64bit_doubles            = disabled
  __Heap_Handler             = Basic
  __SystemLibrary            = DLib
  __cpu                      = 3
  __cpu_name                 = ATmega1281
  __dlib_file_descriptor     = 0
  __dlib_full_locale_support = 0
  __enhanced_core            = enabled
  __has_elpm                 = true
  __memory_model             = 2
  __no_rampd                 = enabled
  __rt_version               = 3
  __tiny_avr                 = false

                ****************************************
                *                                      *
                *    AUTOMATIC SYMBOL REDIRECTIONS     *
                *                                      *
                ****************************************

                  There are no automatic symbol redirections.



                ****************************************
                *                                      *
                *              MODULE MAP              *
                *                                      *
                ****************************************


  DEFINED ABSOLUTE ENTRIES
  PROGRAM MODULE, NAME : ?ABS_ENTRY_MOD

Absolute parts
           ENTRY                   ADDRESS         REF BY
           =====                   =======         ======
           _..X_RSTACK_END         000021FF 
           _..X_RSTACK_BASE        00000200 
           _..X_CSTACK_END         000021FF 
           _..X_CSTACK_BASE        00000200 
           _..X_EXT_NV_SIZE        00000000 
           _..X_EXT_NV_BASE        000021FF 
           _..X_EXT_ROM_SIZE       00000000 
           _..X_EXT_ROM_BASE       000021FF 
           _..X_EXT_SRAM_SIZE      00000000 
           _..X_EXT_SRAM_BASE      000021FF 
           _..X_FLASH_BASE         000000CC 
           _..X_FLASH_CODE_END     0001FFFF 
           _..X_RSTACK_SIZE        00000050 
           _..X_CSTACK_SIZE        00000200 
           _..X_HUGE_HEAP_SIZE     00000000 
           _..X_FAR_HEAP_SIZE      00000000 
           _..X_NEAR_HEAP_SIZE     00000040 
           _..X_TINY_HEAP_SIZE     00000000 
           _..X_HEAP_SIZE          00000000 
           _..X_EEPROM_START       00000000 
           _..X_EEPROM_END         00000FFF 
           _..X_SRAM_END           000021FF 
           _..X_SRAM_TSIZE         00000000 
           _..X_SRAM_TBASE         00000000 
           _..X_SRAM_BASE          00000200 
           _..X_FLASH_END          0001FFFF 
           _..X_FLASH_NEND         0000FFFF 
           _..X_INTVEC_SIZE        000000CC 
    *************************************************************************

  FILE NAME : I:\my-project-hihack\trunk\ my-project-hihack --username kaiser.ren@gmail.com\back_end\Applications\TAL_Examples\Performance_Test\IAR\Mega1281\Debug\Obj\decode.r90
  PROGRAM MODULE, NAME : decode

  SEGMENTS IN THE MODULE
  ======================
ABSOLUTE
  Relative segment, address: DATA 00000084 - 00000085 (0x2 bytes), align: 0
  Segment part 1. ROOT.       Intra module refs:   handler_ANALOG_COMP_vect
           ENTRY                   ADDRESS         REF BY
           =====                   =======         ======
           _A_TCNT1                00000084 
           LOCAL                   ADDRESS         
           =====                   =======         
           TCNT1                   00000084 
           TCNT1H                  00000085 
           TCNT1L                  00000084 
    -------------------------------------------------------------------------
ABSOLUTE
  Relative segment, address: DATA 00000081 - 00000081 (0x1 bytes), align: 0
  Segment part 2. ROOT.       Intra module refs:   ac_init
           ENTRY                   ADDRESS         REF BY
           =====                   =======         ======
           _A_TCCR1B               00000081 
           LOCAL                   ADDRESS         
           =====                   =======         
           TCCR1B                  00000081 
    -------------------------------------------------------------------------
ABSOLUTE
  Relative segment, address: DATA 0000007C - 0000007C (0x1 bytes), align: 0
  Segment part 3. ROOT.       Intra module refs:   ac_init
           ENTRY                   ADDRESS         REF BY
           =====                   =======         ======
           _A_ADMUX                0000007C 
           LOCAL                   ADDRESS         
           =====                   =======         
           ADMUX                   0000007C 
    -------------------------------------------------------------------------
ABSOLUTE
  Relative segment, address: DATA 0000007B - 0000007B (0x1 bytes), align: 0
  Segment part 4. ROOT.       Intra module refs:   ac_init
           ENTRY                   ADDRESS         REF BY
           =====                   =======         ======
           _A_ADCSRB               0000007B 
           LOCAL                   ADDRESS         
           =====                   =======         
           ADCSRB                  0000007B 
    -------------------------------------------------------------------------
ABSOLUTE
  Relative segment, address: DATA 0000007A - 0000007A (0x1 bytes), align: 0
  Segment part 5. ROOT.       Intra module refs:   ac_init
           ENTRY                   ADDRESS         REF BY
           =====                   =======         ======
           _A_ADCSRA               0000007A 
           LOCAL                   ADDRESS         
           =====                   =======         
           ADCSRA                  0000007A 
    -------------------------------------------------------------------------
ABSOLUTE
  Relative segment, address: DATA 0000005F - 0000005F (0x1 bytes), align: 0
  Segment part 6. ROOT.       Intra module refs:   handler_ANALOG_COMP_vect
                                                   mcu_clock_init (hal)
           ENTRY                   ADDRESS         REF BY
           =====                   =======         ======
           _A_SREG                 0000005F 
           LOCAL                   ADDRESS         
           =====                   =======         
           SREG                    0000005F 
    -------------------------------------------------------------------------
ABSOLUTE
  Relative segment, address: DATA 00000050 - 00000050 (0x1 bytes), align: 0
  Segment part 7. ROOT.       Intra module refs:   ac_init
                                                   handler_ANALOG_COMP_vect
           ENTRY                   ADDRESS         REF BY
           =====                   =======         ======
           _A_ACSR                 00000050 
           LOCAL                   ADDRESS         
           =====                   =======         
           ACSR                    00000050 
    -------------------------------------------------------------------------
NEAR_Z
  Relative segment, address: DATA 000004B5 - 000004BA (0x6 bytes), align: 0
  Segment part 16.            Intra module refs:   ac_init
                                                   cal_interval
                                                   dec_update_tmr
                                                   decode_machine
                                                   handler_ANALOG_COMP_vect
           ENTRY                   ADDRESS         REF BY
           =====                   =======         ======
           dec                     000004B5 
    -------------------------------------------------------------------------
NEAR_Z
  Relative segment, address: DATA 000004BB - 000004BC (0x2 bytes), align: 0
  Segment part 18.            Intra module refs:   cal_interval
                                                   dec_update_tmr
                                                   handler_ANALOG_COMP_vect
           ENTRY                   ADDRESS         REF BY
           =====                   =======         ======
           cur_stamp               000004BB 
    -------------------------------------------------------------------------
NEAR_Z
  Relative segment, address: DATA 000004BD - 000004BD (0x1 bytes), align: 0
  Segment part 19.            Intra module refs:   cal_interval
                                                   dec_update_tmr
                                                   handler_ANALOG_COMP_vect
           ENTRY                   ADDRESS         REF BY
           =====                   =======         ======
           cur_ovfw                000004BD 
    -------------------------------------------------------------------------
NEAR_Z
  Relative segment, address: DATA 000004BE - 000004BE (0x1 bytes), align: 0
  Segment part 20.            Intra module refs:   handler_ANALOG_COMP_vect
                                                   handler_TIMER1_OVF_vect
           ENTRY                   ADDRESS         REF BY
           =====                   =======         ======
           ovfw                    000004BE        main (main)
    -------------------------------------------------------------------------
NEAR_Z
  Relative segment, address: DATA 000004BF - 000004BF (0x1 bytes), align: 0
  Segment part 21.            Intra module refs:   handler_ANALOG_COMP_vect
           ENTRY                   ADDRESS         REF BY
           =====                   =======         ======
           acc_occur               000004BF        main (main)
    -------------------------------------------------------------------------
CODE
  Relative segment, address: CODE 000000EC - 0000016D (0x82 bytes), align: 1
  Segment part 22.            Intra module refs:   handler_ANALOG_COMP_vect::??INTVEC 112
           ENTRY                   ADDRESS         REF BY
           =====                   =======         ======
           handler_ANALOG_COMP_vect
                                   000000EC 
               interrupt function
               calls direct
               CSTACK = 00000000 ( 00000011 )
               RSTACK = 00000000 ( 00000002 )
    -------------------------------------------------------------------------
CODE
  Relative segment, address: CODE 0000016E - 0000018D (0x20 bytes), align: 1
  Segment part 23.            Intra module refs:   handler_TIMER1_OVF_vect::??INTVEC 80
           ENTRY                   ADDRESS         REF BY
           =====                   =======         ======
           handler_TIMER1_OVF_vect
                                   0000016E 
               interrupt function
               CSTACK = 00000000 ( 00000003 )
               RSTACK = 00000000 ( 00000002 )
    -------------------------------------------------------------------------
CODE
  Relative segment, address: CODE 0000018E - 000001CF (0x42 bytes), align: 1
  Segment part 24.
           ENTRY                   ADDRESS         REF BY
           =====                   =======         ======
           ac_init                 0000018E        hal_init (hal)
               calls direct
               RSTACK = 00000000 ( 00000002 )
    -------------------------------------------------------------------------
CODE
  Relative segment, address: CODE 000001D0 - 0000023D (0x6e bytes), align: 1
  Segment part 25.            Intra module refs:   decode_machine
           ENTRY                   ADDRESS         REF BY
           =====                   =======         ======
           cal_interval            000001D0 
               calls direct
               CSTACK = 00000000 ( 00000002 )
               RSTACK = 00000000 ( 00000002 )
    -------------------------------------------------------------------------
CODE
  Relative segment, address: CODE 0000023E - 00000257 (0x1a bytes), align: 1
  Segment part 26.            Intra module refs:   cal_interval
                                                   decode_machine
           LOCAL                   ADDRESS         
           =====                   =======         
           dec_update_tmr          0000023E 
               RSTACK = 00000000 ( 00000002 )
    -------------------------------------------------------------------------
CODE
  Relative segment, address: CODE 00000258 - 000005BF (0x368 bytes), align: 1
  Segment part 27.            Intra module refs:   Segment part 28
           ENTRY                   ADDRESS         REF BY
           =====                   =======         ======
           decode_machine          00000258        main (main)
               calls direct
               CSTACK = 00000000 ( 00000002 )
               RSTACK = 00000000 ( 00000002 )
    -------------------------------------------------------------------------
ABSOLUTE
  Relative segment, address: DATA 0000001F, align: 0
  Segment part 8. ROOT.
           ENTRY                   ADDRESS         REF BY
           =====                   =======         ======
           __?EECR                 0000001F 
    -------------------------------------------------------------------------
ABSOLUTE
  Relative segment, address: DATA 00000020, align: 0
  Segment part 9. ROOT.
           ENTRY                   ADDRESS         REF BY
           =====                   =======         ======
           __?EEDR                 00000020 
    -------------------------------------------------------------------------
ABSOLUTE
  Relative segment, address: DATA 00000021, align: 0
  Segment part 10. ROOT.
           ENTRY                   ADDRESS         REF BY
           =====                   =======         ======
           __?EEARL                00000021 
    -------------------------------------------------------------------------
ABSOLUTE
  Relative segment, address: DATA 00000022, align: 0
  Segment part 11. ROOT.
           ENTRY                   ADDRESS         REF BY
           =====                   =======         ======
           __?EEARH                00000022 
    -------------------------------------------------------------------------
INTVEC
  Common segment, address: CODE 00000000 - 00000053 (0x54 bytes), align: 1
  Segment part 12. ROOT.
           ENTRY                   ADDRESS         REF BY
           =====                   =======         ======
           handler_TIMER1_OVF_vect::??INTVEC 80
                                   00000050 
    -------------------------------------------------------------------------
INTVEC
  Common segment, address: CODE 00000000 - 00000073 (0x74 bytes), align: 1
  Segment part 13. ROOT.
           ENTRY                   ADDRESS         REF BY
           =====                   =======         ======
           handler_ANALOG_COMP_vect::??INTVEC 112
                                   00000070 
    -------------------------------------------------------------------------
INITTAB
  Relative segment, address: CODE 00001374 - 0000137A (0x7 bytes), align: 0
  Segment part 17.            Intra module refs:   ac_cap_para (timer)
                                                   acc_occur
                                                   cur_ovfw
                                                   cur_stamp
                                                   dec
                                                   ovfw
                                                   uart_1_buffer (pal_uart)
           ENTRY                   ADDRESS         REF BY
           =====                   =======         ======
           ?<Segment init: NEAR_Z>
                                   00001374 
    -------------------------------------------------------------------------
SWITCH
  Relative segment, address: CODE 000000CC - 000000EB (0x20 bytes), align: 1
  Segment part 28.            Intra module refs:   decode_machine

    *************************************************************************

  FILE NAME : I:\my-project-hihack\trunk\ my-project-hihack --username kaiser.ren@gmail.com\back_end\Applications\TAL_Examples\Performance_Test\IAR\Mega1281\Debug\Obj\encode.r90
  PROGRAM MODULE, NAME : encode

  SEGMENTS IN THE MODULE
  ======================
ABSOLUTE
  Relative segment, address: DATA 0000006E - 0000006E (0x1 bytes), align: 0
  Segment part 1. ROOT.       Intra module refs:   pwm_init (timer)
           ENTRY                   ADDRESS         REF BY
           =====                   =======         ======
           _A_TIMSK0               0000006E 
           LOCAL                   ADDRESS         
           =====                   =======         
           TIMSK0                  0000006E 
    -------------------------------------------------------------------------
ABSOLUTE
  Relative segment, address: DATA 00000047 - 00000047 (0x1 bytes), align: 0
  Segment part 2. ROOT.
           ENTRY                   ADDRESS         REF BY
           =====                   =======         ======
           _A_OCR0A                00000047 
           LOCAL                   ADDRESS         
           =====                   =======         
           OCR0A                   00000047 
    -------------------------------------------------------------------------
ABSOLUTE
  Relative segment, address: DATA 00000045 - 00000045 (0x1 bytes), align: 0
  Segment part 3. ROOT.
           ENTRY                   ADDRESS         REF BY
           =====                   =======         ======
           _A_TCCR0B               00000045 
           LOCAL                   ADDRESS         
           =====                   =======         
           TCCR0B                  00000045 
    -------------------------------------------------------------------------
ABSOLUTE
  Relative segment, address: DATA 00000044 - 00000044 (0x1 bytes), align: 0
  Segment part 4. ROOT.       Intra module refs:   pwm_init (timer)
           ENTRY                   ADDRESS         REF BY
           =====                   =======         ======
           _A_TCCR0A               00000044 
           LOCAL                   ADDRESS         
           =====                   =======         
           TCCR0A                  00000044 
    -------------------------------------------------------------------------
ABSOLUTE
  Relative segment, address: DATA 00000035 - 00000035 (0x1 bytes), align: 0
  Segment part 5. ROOT.       Intra module refs:   pwm_init (timer)
           ENTRY                   ADDRESS         REF BY
           =====                   =======         ======
           _A_TIFR0                00000035 
           LOCAL                   ADDRESS         
           =====                   =======         
           TIFR0                   00000035 
    -------------------------------------------------------------------------
ABSOLUTE
  Relative segment, address: DATA 00000024 - 00000024 (0x1 bytes), align: 0
  Segment part 6. ROOT.       Intra module refs:   pal_led_init (pal_board)
                                                   pwm_init (timer)
           ENTRY                   ADDRESS         REF BY
           =====                   =======         ======
           _A_DDRB                 00000024 
           LOCAL                   ADDRESS         
           =====                   =======         
           DDRB                    00000024 
    -------------------------------------------------------------------------
CODE
  Relative segment, address: CODE 000005C0 - 000005D5 (0x16 bytes), align: 1
  Segment part 16.            Intra module refs:   handler_TIMER0_COMPA_vect::??INTVEC 84
           ENTRY                   ADDRESS         REF BY
           =====                   =======         ======
           handler_TIMER0_COMPA_vect
                                   000005C0 
               interrupt function
               CSTACK = 00000000 ( 00000003 )
               RSTACK = 00000000 ( 00000002 )
    -------------------------------------------------------------------------
INTVEC
  Common segment, address: CODE 00000000 - 00000057 (0x58 bytes), align: 1
  Segment part 11. ROOT.
           ENTRY                   ADDRESS         REF BY
           =====                   =======         ======
           handler_TIMER0_COMPA_vect::??INTVEC 84
                                   00000054 

    *************************************************************************

  FILE NAME : I:\my-project-hihack\trunk\ my-project-hihack --username kaiser.ren@gmail.com\back_end\Applications\TAL_Examples\Performance_Test\IAR\Mega1281\Debug\Obj\hal.r90
  PROGRAM MODULE, NAME : hal

  SEGMENTS IN THE MODULE
  ======================
ABSOLUTE
  Relative segment, address: DATA 00000061 - 00000061 (0x1 bytes), align: 0
  Segment part 1. ROOT.       Intra module refs:   mcu_clock_init
           ENTRY                   ADDRESS         REF BY
           =====                   =======         ======
           _A_CLKPR                00000061 
           LOCAL                   ADDRESS         
           =====                   =======         
           CLKPR                   00000061 
    -------------------------------------------------------------------------
ABSOLUTE
  Relative segment, address: DATA 00000060 - 00000060 (0x1 bytes), align: 0
  Segment part 2. ROOT.       Intra module refs:   wdt_init
           ENTRY                   ADDRESS         REF BY
           =====                   =======         ======
           _A_WDTCSR               00000060 
           LOCAL                   ADDRESS         
           =====                   =======         
           WDTCSR                  00000060 
    -------------------------------------------------------------------------
ABSOLUTE
  Relative segment, address: DATA 00000054 - 00000054 (0x1 bytes), align: 0
  Segment part 4. ROOT.       Intra module refs:   wdt_init
           ENTRY                   ADDRESS         REF BY
           =====                   =======         ======
           _A_MCUSR                00000054 
           LOCAL                   ADDRESS         
           =====                   =======         
           MCUSR                   00000054 
    -------------------------------------------------------------------------
CODE
  Relative segment, address: CODE 000005D6 - 000005D9 (0x4 bytes), align: 1
  Segment part 11.            Intra module refs:   hal_init
           LOCAL                   ADDRESS         
           =====                   =======         
           pal_global_irq_enable   000005D6 
               RSTACK = 00000000 ( 00000002 )
    -------------------------------------------------------------------------
CODE
  Relative segment, address: CODE 000005DA - 000005ED (0x14 bytes), align: 1
  Segment part 12.            Intra module refs:   hal_init
           LOCAL                   ADDRESS         
           =====                   =======         
           mcu_clock_init          000005DA 
               RSTACK = 00000000 ( 00000002 )
    -------------------------------------------------------------------------
CODE
  Relative segment, address: CODE 000005EE - 00000607 (0x1a bytes), align: 1
  Segment part 13.            Intra module refs:   hal_init
           LOCAL                   ADDRESS         
           =====                   =======         
           wdt_init                000005EE 
               RSTACK = 00000000 ( 00000002 )
    -------------------------------------------------------------------------
CODE
  Relative segment, address: CODE 00000608 - 00000621 (0x1a bytes), align: 1
  Segment part 14.
           ENTRY                   ADDRESS         REF BY
           =====                   =======         ======
           hal_init                00000608        main (main)
               calls direct
               RSTACK = 00000000 ( 00000002 )

    *************************************************************************

  FILE NAME : I:\my-project-hihack\trunk\ my-project-hihack --username kaiser.ren@gmail.com\back_end\Applications\TAL_Examples\Performance_Test\IAR\Mega1281\Debug\Obj\main.r90
  PROGRAM MODULE, NAME : main

  SEGMENTS IN THE MODULE
  ======================
ABSOLUTE
  Relative segment, address: DATA 00000036 - 00000036 (0x1 bytes), align: 0
  Segment part 1. ROOT.       Intra module refs:   main
           ENTRY                   ADDRESS         REF BY
           =====                   =======         ======
           _A_TIFR1                00000036 
           LOCAL                   ADDRESS         
           =====                   =======         
           TIFR1                   00000036 
    -------------------------------------------------------------------------
FAR_F
  Relative segment, address: CODE 0001DFFC - 0001DFFF (0x4 bytes), align: 0
  Segment part 2. ROOT.
           ENTRY                   ADDRESS         REF BY
           =====                   =======         ======
           Bf_Appflag              0001DFFC 
    -------------------------------------------------------------------------
CODE
  Relative segment, address: CODE 00000622 - 00000697 (0x76 bytes), align: 1
  Segment part 16.
           ENTRY                   ADDRESS         REF BY
           =====                   =======         ======
           main                    00000622        ?cstartup_call_main (?C_STARTUP)
               calls direct
               CSTACK = 00000000 ( 00000004 )
               RSTACK = 00000000 ( 00000002 )
    -------------------------------------------------------------------------
NEAR_ID
  Relative segment, address: CODE 00001382 - 000013AB (0x2a bytes), align: 0
  Segment part 10.            Intra module refs:   Segment part 9
    -------------------------------------------------------------------------
INITTAB
  Relative segment, address: CODE 0000137B - 00001381 (0x7 bytes), align: 0
  Segment part 11.            Intra module refs:   Segment part 12
                                                   Segment part 14
                                                   Segment part 3 (?xprintfsmall)
                                                   Segment part 9
           ENTRY                   ADDRESS         REF BY
           =====                   =======         ======
           ?<Segment init: NEAR_I>
                                   0000137B 
    -------------------------------------------------------------------------
NEAR_ID
  Relative segment, address: CODE 000013AC - 000013D0 (0x25 bytes), align: 0
  Segment part 13.            Intra module refs:   Segment part 12
    -------------------------------------------------------------------------
NEAR_ID
  Relative segment, address: CODE 000013D1 - 000013E0 (0x10 bytes), align: 0
  Segment part 15.            Intra module refs:   Segment part 14
    -------------------------------------------------------------------------
NEAR_I
  Relative segment, address: DATA 00000450 - 00000479 (0x2a bytes), align: 0
  Segment part 9.             Intra module refs:   main
    -------------------------------------------------------------------------
NEAR_I
  Relative segment, address: DATA 0000047A - 0000049E (0x25 bytes), align: 0
  Segment part 12.            Intra module refs:   main
    -------------------------------------------------------------------------
NEAR_I
  Relative segment, address: DATA 0000049F - 000004AE (0x10 bytes), align: 0
  Segment part 14.            Intra module refs:   main

    *************************************************************************

  FILE NAME : I:\my-project-hihack\trunk\ my-project-hihack --username kaiser.ren@gmail.com\back_end\Applications\TAL_Examples\Performance_Test\IAR\Mega1281\Debug\Obj\pal_board.r90
  PROGRAM MODULE, NAME : pal_board

  SEGMENTS IN THE MODULE
  ======================
ABSOLUTE
  Relative segment, address: DATA 000000B6 - 000000B6 (0x1 bytes), align: 0
  Segment part 1. ROOT.
           ENTRY                   ADDRESS         REF BY
           =====                   =======         ======
           _A_ASSR                 000000B6 
           LOCAL                   ADDRESS         
           =====                   =======         
           ASSR                    000000B6 
    -------------------------------------------------------------------------
ABSOLUTE
  Relative segment, address: DATA 000000B2 - 000000B2 (0x1 bytes), align: 0
  Segment part 2. ROOT.
           ENTRY                   ADDRESS         REF BY
           =====                   =======         ======
           _A_TCNT2                000000B2 
           LOCAL                   ADDRESS         
           =====                   =======         
           TCNT2                   000000B2 
    -------------------------------------------------------------------------
ABSOLUTE
  Relative segment, address: DATA 000000B1 - 000000B1 (0x1 bytes), align: 0
  Segment part 3. ROOT.
           ENTRY                   ADDRESS         REF BY
           =====                   =======         ======
           _A_TCCR2B               000000B1 
           LOCAL                   ADDRESS         
           =====                   =======         
           TCCR2B                  000000B1 
    -------------------------------------------------------------------------
ABSOLUTE
  Relative segment, address: DATA 00000086 - 00000087 (0x2 bytes), align: 0
  Segment part 4. ROOT.
           ENTRY                   ADDRESS         REF BY
           =====                   =======         ======
           _A_ICR1                 00000086 
           LOCAL                   ADDRESS         
           =====                   =======         
           ICR1                    00000086 
           ICR1H                   00000087 
           ICR1L                   00000086 
    -------------------------------------------------------------------------
ABSOLUTE
  Relative segment, address: DATA 00000080 - 00000080 (0x1 bytes), align: 0
  Segment part 7. ROOT.
           ENTRY                   ADDRESS         REF BY
           =====                   =======         ======
           _A_TCCR1A               00000080 
           LOCAL                   ADDRESS         
           =====                   =======         
           TCCR1A                  00000080 
    -------------------------------------------------------------------------
ABSOLUTE
  Relative segment, address: DATA 0000006F - 0000006F (0x1 bytes), align: 0
  Segment part 8. ROOT.
           ENTRY                   ADDRESS         REF BY
           =====                   =======         ======
           _A_TIMSK1               0000006F 
           LOCAL                   ADDRESS         
           =====                   =======         
           TIMSK1                  0000006F 
    -------------------------------------------------------------------------
ABSOLUTE
  Relative segment, address: DATA 00000066 - 00000066 (0x1 bytes), align: 0
  Segment part 9. ROOT.
           ENTRY                   ADDRESS         REF BY
           =====                   =======         ======
           _A_OSCCAL               00000066 
           LOCAL                   ADDRESS         
           =====                   =======         
           OSCCAL                  00000066 
    -------------------------------------------------------------------------
ABSOLUTE
  Relative segment, address: DATA 00000037 - 00000037 (0x1 bytes), align: 0
  Segment part 11. ROOT.
           ENTRY                   ADDRESS         REF BY
           =====                   =======         ======
           _A_TIFR2                00000037 
           LOCAL                   ADDRESS         
           =====                   =======         
           TIFR2                   00000037 
    -------------------------------------------------------------------------
ABSOLUTE
  Relative segment, address: DATA 0000002E - 0000002E (0x1 bytes), align: 0
  Segment part 13. ROOT.
           ENTRY                   ADDRESS         REF BY
           =====                   =======         ======
           _A_PORTE                0000002E 
           LOCAL                   ADDRESS         
           =====                   =======         
           PORTE                   0000002E 
    -------------------------------------------------------------------------
ABSOLUTE
  Relative segment, address: DATA 0000002D - 0000002D (0x1 bytes), align: 0
  Segment part 14. ROOT.
           ENTRY                   ADDRESS         REF BY
           =====                   =======         ======
           _A_DDRE                 0000002D 
           LOCAL                   ADDRESS         
           =====                   =======         
           DDRE                    0000002D 
    -------------------------------------------------------------------------
ABSOLUTE
  Relative segment, address: DATA 0000002C - 0000002C (0x1 bytes), align: 0
  Segment part 15. ROOT.
           ENTRY                   ADDRESS         REF BY
           =====                   =======         ======
           _A_PINE                 0000002C 
           LOCAL                   ADDRESS         
           =====                   =======         
           PINE                    0000002C 
    -------------------------------------------------------------------------
ABSOLUTE
  Relative segment, address: DATA 00000025 - 00000025 (0x1 bytes), align: 0
  Segment part 16. ROOT.      Intra module refs:   pal_led
                                                   pal_led_init
           ENTRY                   ADDRESS         REF BY
           =====                   =======         ======
           _A_PORTB                00000025 
           LOCAL                   ADDRESS         
           =====                   =======         
           PORTB                   00000025 
    -------------------------------------------------------------------------
ABSOLUTE
  Relative segment, address: DATA 00000021 - 00000021 (0x1 bytes), align: 0
  Segment part 18. ROOT.
           ENTRY                   ADDRESS         REF BY
           =====                   =======         ======
           _A_DDRA                 00000021 
           LOCAL                   ADDRESS         
           =====                   =======         
           DDRA                    00000021 
    -------------------------------------------------------------------------
CODE
  Relative segment, address: CODE 00000698 - 000006A5 (0xe bytes), align: 1
  Segment part 29.
           ENTRY                   ADDRESS         REF BY
           =====                   =======         ======
           pal_led_init            00000698        hal_init (hal)
               RSTACK = 00000000 ( 00000002 )
    -------------------------------------------------------------------------
CODE
  Relative segment, address: CODE 000006A6 - 0000072F (0x8a bytes), align: 1
  Segment part 30.
           ENTRY                   ADDRESS         REF BY
           =====                   =======         ======
           pal_led                 000006A6        handler_ANALOG_COMP_vect (decode)
                                                   main (main)
               RSTACK = 00000000 ( 00000004 )

    *************************************************************************

  FILE NAME : I:\my-project-hihack\trunk\ my-project-hihack --username kaiser.ren@gmail.com\back_end\Applications\TAL_Examples\Performance_Test\IAR\Mega1281\Debug\Obj\pal_sio_hub.r90
  PROGRAM MODULE, NAME : pal_sio_hub

  SEGMENTS IN THE MODULE
  ======================
CODE
  Relative segment, address: CODE 00000730 - 00000753 (0x24 bytes), align: 1
  Segment part 7.
           ENTRY                   ADDRESS         REF BY
           =====                   =======         ======
           pal_sio_init            00000730        hal_init (hal)
               calls direct
               CSTACK = 00000000 ( 00000002 )
               RSTACK = 00000000 ( 00000002 )
    -------------------------------------------------------------------------
CODE
  Relative segment, address: CODE 00000754 - 00000777 (0x24 bytes), align: 1
  Segment part 8.
           ENTRY                   ADDRESS         REF BY
           =====                   =======         ======
           pal_sio_tx              00000754        _sio_putchar (sio_handler)
               calls direct
               CSTACK = 00000000 ( 00000005 )
               RSTACK = 00000000 ( 00000002 )

    *************************************************************************

  FILE NAME : I:\my-project-hihack\trunk\ my-project-hihack --username kaiser.ren@gmail.com\back_end\Applications\TAL_Examples\Performance_Test\IAR\Mega1281\Debug\Obj\pal_uart.r90
  PROGRAM MODULE, NAME : pal_uart

  SEGMENTS IN THE MODULE
  ======================
ABSOLUTE
  Relative segment, address: DATA 000000CE - 000000CE (0x1 bytes), align: 0
  Segment part 1. ROOT.       Intra module refs:   handler_USART1_RX_vect
                                                   handler_USART1_TX_vect
                                                   sio_uart_1_tx
           ENTRY                   ADDRESS         REF BY
           =====                   =======         ======
           _A_UDR1                 000000CE 
           LOCAL                   ADDRESS         
           =====                   =======         
           UDR1                    000000CE 
    -------------------------------------------------------------------------
ABSOLUTE
  Relative segment, address: DATA 000000CC - 000000CD (0x2 bytes), align: 0
  Segment part 2. ROOT.       Intra module refs:   sio_uart_1_init
           ENTRY                   ADDRESS         REF BY
           =====                   =======         ======
           _A_UBRR1                000000CC 
           LOCAL                   ADDRESS         
           =====                   =======         
           UBRR1                   000000CC 
           UBRR1H                  000000CD 
           UBRR1L                  000000CC 
    -------------------------------------------------------------------------
ABSOLUTE
  Relative segment, address: DATA 000000CA - 000000CA (0x1 bytes), align: 0
  Segment part 3. ROOT.       Intra module refs:   sio_uart_1_init
           ENTRY                   ADDRESS         REF BY
           =====                   =======         ======
           _A_UCSR1C               000000CA 
           LOCAL                   ADDRESS         
           =====                   =======         
           UCSR1C                  000000CA 
    -------------------------------------------------------------------------
ABSOLUTE
  Relative segment, address: DATA 000000C9 - 000000C9 (0x1 bytes), align: 0
  Segment part 4. ROOT.       Intra module refs:   sio_uart_1_init
                                                   sio_uart_1_tx
           ENTRY                   ADDRESS         REF BY
           =====                   =======         ======
           _A_UCSR1B               000000C9 
           LOCAL                   ADDRESS         
           =====                   =======         
           UCSR1B                  000000C9 
    -------------------------------------------------------------------------
ABSOLUTE
  Relative segment, address: DATA 000000C8 - 000000C8 (0x1 bytes), align: 0
  Segment part 5. ROOT.       Intra module refs:   sio_uart_1_init
           ENTRY                   ADDRESS         REF BY
           =====                   =======         ======
           _A_UCSR1A               000000C8 
           LOCAL                   ADDRESS         
           =====                   =======         
           UCSR1A                  000000C8 
    -------------------------------------------------------------------------
NEAR_Z
  Relative segment, address: DATA 000004C0 - 000004D9 (0x1a bytes), align: 0
  Segment part 14.            Intra module refs:   handler_USART1_RX_vect
                                                   handler_USART1_TX_vect
                                                   sio_uart_1_tx
           ENTRY                   ADDRESS         REF BY
           =====                   =======         ======
           uart_1_buffer           000004C0 
    -------------------------------------------------------------------------
CODE
  Relative segment, address: CODE 00000778 - 000007E3 (0x6c bytes), align: 1
  Segment part 16.
           ENTRY                   ADDRESS         REF BY
           =====                   =======         ======
           sio_uart_1_init         00000778        pal_sio_init (pal_sio_hub)
               CSTACK = 00000000 ( 00000008 )
               RSTACK = 00000000 ( 00000004 )
    -------------------------------------------------------------------------
CODE
  Relative segment, address: CODE 000007E4 - 00000885 (0xa2 bytes), align: 1
  Segment part 17.
           ENTRY                   ADDRESS         REF BY
           =====                   =======         ======
           sio_uart_1_tx           000007E4        pal_sio_tx (pal_sio_hub)
               RSTACK = 00000000 ( 00000002 )
    -------------------------------------------------------------------------
CODE
  Relative segment, address: CODE 00000886 - 000008E1 (0x5c bytes), align: 1
  Segment part 19.            Intra module refs:   handler_USART1_RX_vect::??INTVEC 144
           ENTRY                   ADDRESS         REF BY
           =====                   =======         ======
           handler_USART1_RX_vect
                                   00000886 
               interrupt function
               CSTACK = 00000000 ( 00000007 )
               RSTACK = 00000000 ( 00000002 )
    -------------------------------------------------------------------------
CODE
  Relative segment, address: CODE 000008E2 - 00000943 (0x62 bytes), align: 1
  Segment part 20.            Intra module refs:   handler_USART1_TX_vect::??INTVEC 152
           ENTRY                   ADDRESS         REF BY
           =====                   =======         ======
           handler_USART1_TX_vect
                                   000008E2 
               interrupt function
               CSTACK = 00000000 ( 00000006 )
               RSTACK = 00000000 ( 00000002 )
    -------------------------------------------------------------------------
INTVEC
  Common segment, address: CODE 00000000 - 00000093 (0x94 bytes), align: 1
  Segment part 10. ROOT.
           ENTRY                   ADDRESS         REF BY
           =====                   =======         ======
           handler_USART1_RX_vect::??INTVEC 144
                                   00000090 
    -------------------------------------------------------------------------
INTVEC
  Common segment, address: CODE 00000000 - 0000009B (0x9c bytes), align: 1
  Segment part 11. ROOT.
           ENTRY                   ADDRESS         REF BY
           =====                   =======         ======
           handler_USART1_TX_vect::??INTVEC 152
                                   00000098 

    *************************************************************************

  FILE NAME : I:\my-project-hihack\trunk\ my-project-hihack --username kaiser.ren@gmail.com\back_end\Applications\TAL_Examples\Performance_Test\IAR\Mega1281\Debug\Obj\pal_utils.r90
    *************************************************************************

  FILE NAME : I:\my-project-hihack\trunk\ my-project-hihack --username kaiser.ren@gmail.com\back_end\Applications\TAL_Examples\Performance_Test\IAR\Mega1281\Debug\Obj\sio_handler.r90
  PROGRAM MODULE, NAME : sio_handler

  SEGMENTS IN THE MODULE
  ======================
CODE
  Relative segment, address: CODE 00000944 - 0000097D (0x3a bytes), align: 1
  Segment part 7.
           ENTRY                   ADDRESS         REF BY
           =====                   =======         ======
           _sio_putchar            00000944        decode_machine (decode)
                                                   low_level_putchar (?__write)
               calls direct
               CSTACK = 00000000 ( 00000002 )
               RSTACK = 00000000 ( 00000002 )

    *************************************************************************

  FILE NAME : I:\my-project-hihack\trunk\ my-project-hihack --username kaiser.ren@gmail.com\back_end\Applications\TAL_Examples\Performance_Test\IAR\Mega1281\Debug\Obj\timer.r90
  PROGRAM MODULE, NAME : timer

  SEGMENTS IN THE MODULE
  ======================
NEAR_Z
  Relative segment, address: DATA 000004DA - 000004DE (0x5 bytes), align: 0
  Segment part 13.
           ENTRY                   ADDRESS         REF BY
           =====                   =======         ======
           ac_cap_para             000004DA        ac_init (decode)
    -------------------------------------------------------------------------
CODE
  Relative segment, address: CODE 0000097E - 0000098F (0x12 bytes), align: 1
  Segment part 16.
           ENTRY                   ADDRESS         REF BY
           =====                   =======         ======
           pwm_init                0000097E        hal_init (hal)
               RSTACK = 00000000 ( 00000002 )

    *************************************************************************

  FILE NAME : I:\my-project-hihack\trunk\ my-project-hihack --username kaiser.ren@gmail.com\back_end\Applications\TAL_Examples\Performance_Test\IAR\Mega1281\Debug\Obj\write.r90
  PROGRAM MODULE, NAME : ?__write

  SEGMENTS IN THE MODULE
  ======================
CODE
  Relative segment, address: CODE 00000990 - 000009A1 (0x12 bytes), align: 1
  Segment part 7.             Intra module refs:   __write
           ENTRY                   ADDRESS         REF BY
           =====                   =======         ======
           low_level_putchar       00000990 
               calls direct
               CSTACK = 00000000 ( 00000002 )
               RSTACK = 00000000 ( 00000002 )
    -------------------------------------------------------------------------
CODE
  Relative segment, address: CODE 000009A2 - 00000A03 (0x62 bytes), align: 1
  Segment part 8.
           ENTRY                   ADDRESS         REF BY
           =====                   =======         ======
           __write                 000009A2        putchar (?putchar)
               calls direct
               CSTACK = 00000000 ( 00000008 )
               RSTACK = 00000000 ( 00000002 )

    *************************************************************************

  FILE NAME : D:\Program Files\IAR Systems\Embedded Workbench 6.0\avr\LIB\DLIB\dlAVR-3s-ec_mul-n.r90
  LIBRARY MODULE, NAME : ?__dbg_break

  SEGMENTS IN THE MODULE
  ======================
CODE
  Relative segment, address: CODE 00000A04 - 00000A05 (0x2 bytes), align: 1
  Segment part 3.
           ENTRY                   ADDRESS         REF BY
           =====                   =======         ======
           __DebugBreak            00000A04        __exit (?__exit)

    -------------------------------------------------------------------------
  LIBRARY MODULE, NAME : ?__exit

  SEGMENTS IN THE MODULE
  ======================
CODE
  Relative segment, address: CODE 00000A06 - 00000A1B (0x16 bytes), align: 1
  Segment part 3.
           ENTRY                   ADDRESS         REF BY
           =====                   =======         ======
           __exit                  00000A06        Segment part 5 (?_exit)
               calls direct

    -------------------------------------------------------------------------
  LIBRARY MODULE, NAME : ?_exit

  SEGMENTS IN THE MODULE
  ======================
CODE
  Relative segment, address: CODE 00000A1C, align: 1
  Segment part 0.
           ENTRY                   ADDRESS         REF BY
           =====                   =======         ======
           _exit                   00000A1C        ?cstartup_call_main (?C_STARTUP)
                                                   exit (?exit)
    -------------------------------------------------------------------------
CODE
  Relative segment, address: CODE 00000A1C - 00000A1F (0x4 bytes), align: 1
  Segment part 5.             Intra module refs:   _exit

    -------------------------------------------------------------------------
  LIBRARY MODULE, NAME : ?RESET

  SEGMENTS IN THE MODULE
  ======================
INTVEC
  Common segment, address: CODE 00000000 - 00000003 (0x4 bytes), align: 1
  Segment part 0. ROOT.
           ENTRY                   ADDRESS         REF BY
           =====                   =======         ======
           __program_start         00000000        Absolute parts (?ABS_ENTRY_MOD)
           ?RESET                  00000000        Segment part 2 (?C_STARTUP)

    -------------------------------------------------------------------------
  LIBRARY MODULE, NAME : ?C_STARTUP

  SEGMENTS IN THE MODULE
  ======================
CODE
  Relative segment, address: CODE 00000A20, align: 1
  Segment part 2.
           ENTRY                   ADDRESS         REF BY
           =====                   =======         ======
           ?C_STARTUP              00000A20        Segment part 0 (?RESET)
           __RESTART               00000A20 
    -------------------------------------------------------------------------
CODE
  Relative segment, address: CODE 00000A20 - 00000A2B (0xc bytes), align: 1
  Segment part 5.             Intra module refs:   Segment part 2
    -------------------------------------------------------------------------
CODE
  Relative segment, address: CODE 00000A2C - 00000A2F (0x4 bytes), align: 1
  Segment part 7.             Intra module refs:   Segment part 5
           ENTRY                   ADDRESS         REF BY
           =====                   =======         ======
           ?call_low_level_init    00000A2C 
    -------------------------------------------------------------------------
CODE
  Relative segment, address: CODE 00000A30 - 00000A37 (0x8 bytes), align: 1
  Segment part 8.
           ENTRY                   ADDRESS         REF BY
           =====                   =======         ======
           ?need_segment_init      00000A30        ?<Segment init: NEAR_I> (main)
                                                   ?<Segment init: NEAR_Z> (decode)
    -------------------------------------------------------------------------
CODE
  Relative segment, address: CODE 00000A38 - 00000A43 (0xc bytes), align: 1
  Segment part 11.            Intra module refs:   ?call_low_level_init
           ENTRY                   ADDRESS         REF BY
           =====                   =======         ======
           ?cstartup_call_main     00000A38 

    -------------------------------------------------------------------------
  LIBRARY MODULE, NAME : ?exit

  SEGMENTS IN THE MODULE
  ======================
CODE
  Relative segment, address: CODE 00000A44 - 00000A47 (0x4 bytes), align: 1
  Segment part 3.
           ENTRY                   ADDRESS         REF BY
           =====                   =======         ======
           exit                    00000A44        ?cstartup_call_main (?C_STARTUP)
               calls direct
               RSTACK = 00000000 ( 00000002 )

    -------------------------------------------------------------------------
  LIBRARY MODULE, NAME : ?S_EC_MUL_L02

  SEGMENTS IN THE MODULE
  ======================
CODE
  Relative segment, address: CODE 00000A48 - 00000A57 (0x10 bytes), align: 1
  Segment part 0.
           ENTRY                   ADDRESS         REF BY
           =====                   =======         ======
           ?S_EC_MUL_L02           00000A48        Segment part 13 (?xprintfsmall)

    -------------------------------------------------------------------------
  LIBRARY MODULE, NAME : ?S_SHL_L02

  SEGMENTS IN THE MODULE
  ======================
CODE
  Relative segment, address: CODE 00000A58 - 00000A63 (0xc bytes), align: 1
  Segment part 0.
           ENTRY                   ADDRESS         REF BY
           =====                   =======         ======
           ?S_SHL_L02              00000A58        pal_led (pal_board)

    -------------------------------------------------------------------------
  LIBRARY MODULE, NAME : ?L_EC_MUL_L03

  SEGMENTS IN THE MODULE
  ======================
CODE
  Relative segment, address: CODE 00000A64 - 00000AA3 (0x40 bytes), align: 1
  Segment part 0.
           ENTRY                   ADDRESS         REF BY
           =====                   =======         ======
           ?L_EC_MUL_L03           00000A64        sio_uart_1_init (pal_uart)

    -------------------------------------------------------------------------
  LIBRARY MODULE, NAME : ?UL_DIVMOD_L03

  SEGMENTS IN THE MODULE
  ======================
CODE
  Relative segment, address: CODE 00000AA4 - 00000AE9 (0x46 bytes), align: 1
  Segment part 0.
           ENTRY                   ADDRESS         REF BY
           =====                   =======         ======
           ?UL_DIVMOD_L03          00000AA4        Segment part 40 (?xprintfsmall)
                                                   sio_uart_1_init (pal_uart)

    -------------------------------------------------------------------------
  LIBRARY MODULE, NAME : ?xV_SWITCH_L06

  SEGMENTS IN THE MODULE
  ======================
CODE
  Relative segment, address: CODE 00000AEA - 00000B85 (0x9c bytes), align: 1
  Segment part 0.
           ENTRY                   ADDRESS         REF BY
           =====                   =======         ======
           ?CV_SWITCH_L06          00000AFC        decode_machine (decode)
           ?SV_SWITCH_L06          00000B04 
           ?LV_SWITCH_L06          00000B10 

    -------------------------------------------------------------------------
  LIBRARY MODULE, NAME : ?PROLOGUE_L09

  SEGMENTS IN THE MODULE
  ======================
CODE
  Relative segment, address: CODE 00000B86 - 00000B87 (0x2 bytes), align: 1
  Segment part 1.
           ENTRY                   ADDRESS         REF BY
           =====                   =======         ======
           ?PROLOGUE15_L09         00000B86        _LitobSmall (?xprintfsmall)
    -------------------------------------------------------------------------
CODE
  Relative segment, address: CODE 00000B88 - 00000B89 (0x2 bytes), align: 1
  Segment part 2.             Intra module refs:   ?PROLOGUE15_L09
           ENTRY                   ADDRESS         REF BY
           =====                   =======         ======
           ?PROLOGUE14_L09         00000B88 
    -------------------------------------------------------------------------
CODE
  Relative segment, address: CODE 00000B8A - 00000B8B (0x2 bytes), align: 1
  Segment part 3.             Intra module refs:   ?PROLOGUE14_L09
           ENTRY                   ADDRESS         REF BY
           =====                   =======         ======
           ?PROLOGUE13_L09         00000B8A 
    -------------------------------------------------------------------------
CODE
  Relative segment, address: CODE 00000B8C - 00000B8D (0x2 bytes), align: 1
  Segment part 4.             Intra module refs:   ?PROLOGUE13_L09
           ENTRY                   ADDRESS         REF BY
           =====                   =======         ======
           ?PROLOGUE12_L09         00000B8C 
    -------------------------------------------------------------------------
CODE
  Relative segment, address: CODE 00000B8E - 00000B8F (0x2 bytes), align: 1
  Segment part 5.             Intra module refs:   ?PROLOGUE12_L09
           ENTRY                   ADDRESS         REF BY
           =====                   =======         ======
           ?PROLOGUE11_L09         00000B8E 
    -------------------------------------------------------------------------
CODE
  Relative segment, address: CODE 00000B90 - 00000B91 (0x2 bytes), align: 1
  Segment part 6.             Intra module refs:   ?PROLOGUE11_L09
           ENTRY                   ADDRESS         REF BY
           =====                   =======         ======
           ?PROLOGUE10_L09         00000B90 
    -------------------------------------------------------------------------
CODE
  Relative segment, address: CODE 00000B92 - 00000B93 (0x2 bytes), align: 1
  Segment part 7.             Intra module refs:   ?PROLOGUE10_L09
           ENTRY                   ADDRESS         REF BY
           =====                   =======         ======
           ?PROLOGUE9_L09          00000B92 
    -------------------------------------------------------------------------
CODE
  Relative segment, address: CODE 00000B94 - 00000B95 (0x2 bytes), align: 1
  Segment part 8.             Intra module refs:   ?PROLOGUE9_L09
           ENTRY                   ADDRESS         REF BY
           =====                   =======         ======
           ?PROLOGUE8_L09          00000B94        Segment part 38 (?xprintfsmall)
                                                   __write (?__write)
                                                   sio_uart_1_init (pal_uart)
    -------------------------------------------------------------------------
CODE
  Relative segment, address: CODE 00000B96 - 00000B97 (0x2 bytes), align: 1
  Segment part 9.             Intra module refs:   ?PROLOGUE8_L09
           ENTRY                   ADDRESS         REF BY
           =====                   =======         ======
           ?PROLOGUE7_L09          00000B96 
    -------------------------------------------------------------------------
CODE
  Relative segment, address: CODE 00000B98 - 00000B99 (0x2 bytes), align: 1
  Segment part 10.            Intra module refs:   ?PROLOGUE7_L09
           ENTRY                   ADDRESS         REF BY
           =====                   =======         ======
           ?PROLOGUE6_L09          00000B98 
    -------------------------------------------------------------------------
CODE
  Relative segment, address: CODE 00000B9A - 00000B9B (0x2 bytes), align: 1
  Segment part 11.            Intra module refs:   ?PROLOGUE6_L09
           ENTRY                   ADDRESS         REF BY
           =====                   =======         ======
           ?PROLOGUE5_L09          00000B9A        pal_sio_tx (pal_sio_hub)
    -------------------------------------------------------------------------
CODE
  Relative segment, address: CODE 00000B9C - 00000B9D (0x2 bytes), align: 1
  Segment part 12.            Intra module refs:   ?PROLOGUE5_L09
           ENTRY                   ADDRESS         REF BY
           =====                   =======         ======
           ?PROLOGUE4_L09          00000B9C        _Prout (?xprout)
    -------------------------------------------------------------------------
CODE
  Relative segment, address: CODE 00000B9E - 00000B9F (0x2 bytes), align: 1
  Segment part 13.            Intra module refs:   ?PROLOGUE4_L09
           ENTRY                   ADDRESS         REF BY
           =====                   =======         ======
           ?PROLOGUE3_L09          00000B9E 
    -------------------------------------------------------------------------
CODE
  Relative segment, address: CODE 00000BA0 - 00000BA1 (0x2 bytes), align: 1
  Segment part 14.            Intra module refs:   ?PROLOGUE3_L09
           ENTRY                   ADDRESS         REF BY
           =====                   =======         ======
           ?PROLOGUE2_L09          00000BA0 
    -------------------------------------------------------------------------
CODE
  Relative segment, address: CODE 00000BA2 - 00000BA3 (0x2 bytes), align: 1
  Segment part 15.            Intra module refs:   ?PROLOGUE2_L09
           ENTRY                   ADDRESS         REF BY
           =====                   =======         ======
           ?PROLOGUE1_L09          00000BA2 
    -------------------------------------------------------------------------
CODE
  Relative segment, address: CODE 00000BA4 - 00000BA5 (0x2 bytes), align: 1
  Segment part 16.            Intra module refs:   ?PROLOGUE1_L09

    -------------------------------------------------------------------------
  LIBRARY MODULE, NAME : ?EPILOGUE_B_L09

  SEGMENTS IN THE MODULE
  ======================
CODE
  Relative segment, address: CODE 00000BA6 - 00000BA7 (0x2 bytes), align: 1
  Segment part 1.
           ENTRY                   ADDRESS         REF BY
           =====                   =======         ======
           ?EPILOGUE_B15_L09       00000BA6        _LitobSmall (?xprintfsmall)
    -------------------------------------------------------------------------
CODE
  Relative segment, address: CODE 00000BA8 - 00000BA9 (0x2 bytes), align: 1
  Segment part 2.             Intra module refs:   ?EPILOGUE_B15_L09
           ENTRY                   ADDRESS         REF BY
           =====                   =======         ======
           ?EPILOGUE_B14_L09       00000BA8 
    -------------------------------------------------------------------------
CODE
  Relative segment, address: CODE 00000BAA - 00000BAB (0x2 bytes), align: 1
  Segment part 3.             Intra module refs:   ?EPILOGUE_B14_L09
           ENTRY                   ADDRESS         REF BY
           =====                   =======         ======
           ?EPILOGUE_B13_L09       00000BAA 
    -------------------------------------------------------------------------
CODE
  Relative segment, address: CODE 00000BAC - 00000BAD (0x2 bytes), align: 1
  Segment part 4.             Intra module refs:   ?EPILOGUE_B13_L09
           ENTRY                   ADDRESS         REF BY
           =====                   =======         ======
           ?EPILOGUE_B12_L09       00000BAC 
    -------------------------------------------------------------------------
CODE
  Relative segment, address: CODE 00000BAE - 00000BAF (0x2 bytes), align: 1
  Segment part 5.             Intra module refs:   ?EPILOGUE_B12_L09
           ENTRY                   ADDRESS         REF BY
           =====                   =======         ======
           ?EPILOGUE_B11_L09       00000BAE 
    -------------------------------------------------------------------------
CODE
  Relative segment, address: CODE 00000BB0 - 00000BB1 (0x2 bytes), align: 1
  Segment part 6.             Intra module refs:   ?EPILOGUE_B11_L09
           ENTRY                   ADDRESS         REF BY
           =====                   =======         ======
           ?EPILOGUE_B10_L09       00000BB0 
    -------------------------------------------------------------------------
CODE
  Relative segment, address: CODE 00000BB2 - 00000BB3 (0x2 bytes), align: 1
  Segment part 7.             Intra module refs:   ?EPILOGUE_B10_L09
           ENTRY                   ADDRESS         REF BY
           =====                   =======         ======
           ?EPILOGUE_B9_L09        00000BB2 
    -------------------------------------------------------------------------
CODE
  Relative segment, address: CODE 00000BB4 - 00000BB5 (0x2 bytes), align: 1
  Segment part 8.             Intra module refs:   ?EPILOGUE_B9_L09
           ENTRY                   ADDRESS         REF BY
           =====                   =======         ======
           ?EPILOGUE_B8_L09        00000BB4        Segment part 7 (?xprintfsmall)
                                                   __write (?__write)
                                                   sio_uart_1_init (pal_uart)
    -------------------------------------------------------------------------
CODE
  Relative segment, address: CODE 00000BB6 - 00000BB7 (0x2 bytes), align: 1
  Segment part 9.             Intra module refs:   ?EPILOGUE_B8_L09
           ENTRY                   ADDRESS         REF BY
           =====                   =======         ======
           ?EPILOGUE_B7_L09        00000BB6 
    -------------------------------------------------------------------------
CODE
  Relative segment, address: CODE 00000BB8 - 00000BB9 (0x2 bytes), align: 1
  Segment part 10.            Intra module refs:   ?EPILOGUE_B7_L09
           ENTRY                   ADDRESS         REF BY
           =====                   =======         ======
           ?EPILOGUE_B6_L09        00000BB8 
    -------------------------------------------------------------------------
CODE
  Relative segment, address: CODE 00000BBA - 00000BBB (0x2 bytes), align: 1
  Segment part 11.            Intra module refs:   ?EPILOGUE_B6_L09
           ENTRY                   ADDRESS         REF BY
           =====                   =======         ======
           ?EPILOGUE_B5_L09        00000BBA        pal_sio_tx (pal_sio_hub)
    -------------------------------------------------------------------------
CODE
  Relative segment, address: CODE 00000BBC - 00000BBD (0x2 bytes), align: 1
  Segment part 12.            Intra module refs:   ?EPILOGUE_B5_L09
           ENTRY                   ADDRESS         REF BY
           =====                   =======         ======
           ?EPILOGUE_B4_L09        00000BBC        _Prout (?xprout)
    -------------------------------------------------------------------------
CODE
  Relative segment, address: CODE 00000BBE - 00000BBF (0x2 bytes), align: 1
[...]
               RSTACK = 00000000 ( 00000002 )
    -------------------------------------------------------------------------
CODE
  Relative segment, address: CODE 00000C6C - 00000C77 (0xc bytes), align: 1
  Segment part 5.             Intra module refs:   __flashcpy
                                                   __memclr
    -------------------------------------------------------------------------
CODE
  Relative segment, address: CODE 00000C78 - 00000CD7 (0x60 bytes), align: 1
  Segment part 6.
           ENTRY                   ADDRESS         REF BY
           =====                   =======         ======
           __segment_init          00000C78        ?need_segment_init (?C_STARTUP)
               calls direct
               RSTACK = 00000000 ( 00000002 )

    -------------------------------------------------------------------------
  LIBRARY MODULE, NAME : ?strchr

  SEGMENTS IN THE MODULE
  ======================
CODE
  Relative segment, address: CODE 00000CD8 - 00000CEB (0x14 bytes), align: 1
  Segment part 4.
           ENTRY                   ADDRESS         REF BY
           =====                   =======         ======
           __iar_Strchr            00000CD8        _PrintfSmall (?xprintfsmall)
               RSTACK = 00000000 ( 00000002 )

    -------------------------------------------------------------------------
  LIBRARY MODULE, NAME : ?strlen

  SEGMENTS IN THE MODULE
  ======================
CODE
  Relative segment, address: CODE 00000CEC - 00000CFF (0x14 bytes), align: 1
  Segment part 3.
           ENTRY                   ADDRESS         REF BY
           =====                   =======         ======
           strlen                  00000CEC        _PrintfSmall (?xprintfsmall)
               RSTACK = 00000000 ( 00000002 )

    -------------------------------------------------------------------------
  LIBRARY MODULE, NAME : ?xprintfsmall

  SEGMENTS IN THE MODULE
  ======================
CODE
  Relative segment, address: CODE 00000D00 - 00000FDD (0x2de bytes), align: 1
  Segment part 6.
           ENTRY                   ADDRESS         REF BY
           =====                   =======         ======
           _PrintfSmall            00000D00        printf (?printf)
               calls direct
               CSTACK = 00000000 ( 00000039 )
               RSTACK = 00000000 ( 00000004 )
    -------------------------------------------------------------------------
CODE
  Relative segment, address: CODE 00000FDE - 00000FE3 (0x6 bytes), align: 1
  Segment part 7.             Intra module refs:   _PrintfSmall
                                                   _PutcharsSmall
                                                   pad
    -------------------------------------------------------------------------
CODE
  Relative segment, address: CODE 00000FE4 - 00000FE5 (0x2 bytes), align: 1
  Segment part 8.             Intra module refs:   _LitobSmall
                                                   _PrintfSmall
    -------------------------------------------------------------------------
CODE
  Relative segment, address: CODE 00000FE6 - 00000FEB (0x6 bytes), align: 1
  Segment part 9.             Intra module refs:   Segment part 11
                                                   Segment part 24
                                                   Segment part 8
    -------------------------------------------------------------------------
CODE
  Relative segment, address: CODE 00000FEC - 00000FF1 (0x6 bytes), align: 1
  Segment part 10.            Intra module refs:   _PrintfSmall
    -------------------------------------------------------------------------
CODE
  Relative segment, address: CODE 00000FF2 - 00000FF9 (0x8 bytes), align: 1
  Segment part 11.            Intra module refs:   _PrintfSmall
    -------------------------------------------------------------------------
CODE
  Relative segment, address: CODE 00000FFA - 00001001 (0x8 bytes), align: 1
  Segment part 12.            Intra module refs:   _PrintfSmall
    -------------------------------------------------------------------------
CODE
  Relative segment, address: CODE 00001002 - 00001017 (0x16 bytes), align: 1
  Segment part 13.            Intra module refs:   _PrintfSmall
    -------------------------------------------------------------------------
CODE
  Relative segment, address: CODE 00001018 - 00001021 (0xa bytes), align: 1
  Segment part 14.            Intra module refs:   Segment part 17
                                                   _PrintfSmall
    -------------------------------------------------------------------------
CODE
  Relative segment, address: CODE 00001022 - 00001029 (0x8 bytes), align: 1
  Segment part 15.            Intra module refs:   _PrintfSmall
    -------------------------------------------------------------------------
CODE
  Relative segment, address: CODE 0000102A - 0000102B (0x2 bytes), align: 1
  Segment part 16.            Intra module refs:   _PrintfSmall
    -------------------------------------------------------------------------
CODE
  Relative segment, address: CODE 0000102C - 00001039 (0xe bytes), align: 1
  Segment part 17.            Intra module refs:   Segment part 16
                                                   _PrintfSmall
    -------------------------------------------------------------------------
CODE
  Relative segment, address: CODE 0000103A - 0000103F (0x6 bytes), align: 1
  Segment part 18.            Intra module refs:   LoadInt
                                                   Segment part 15
                                                   Segment part 16
                                                   _PrintfSmall
    -------------------------------------------------------------------------
CODE
  Relative segment, address: CODE 00001040 - 00001041 (0x2 bytes), align: 1
  Segment part 19.            Intra module refs:   _PrintfSmall
    -------------------------------------------------------------------------
CODE
  Relative segment, address: CODE 00001042 - 00001047 (0x6 bytes), align: 1
  Segment part 20.            Intra module refs:   Segment part 19
                                                   _PrintfSmall
    -------------------------------------------------------------------------
CODE
  Relative segment, address: CODE 00001048 - 00001051 (0xa bytes), align: 1
  Segment part 21.            Intra module refs:   _PrintfSmall
    -------------------------------------------------------------------------
CODE
  Relative segment, address: CODE 00001052 - 00001057 (0x6 bytes), align: 1
  Segment part 22.            Intra module refs:   _PrintfSmall
    -------------------------------------------------------------------------
CODE
  Relative segment, address: CODE 00001058 - 0000105B (0x4 bytes), align: 1
  Segment part 23.            Intra module refs:   Segment part 22
                                                   Segment part 31
    -------------------------------------------------------------------------
CODE
  Relative segment, address: CODE 0000105C - 00001065 (0xa bytes), align: 1
  Segment part 24.            Intra module refs:   _PrintfSmall
    -------------------------------------------------------------------------
CODE
  Relative segment, address: CODE 00001066 - 00001067 (0x2 bytes), align: 1
  Segment part 25.            Intra module refs:   _PrintfSmall
    -------------------------------------------------------------------------
CODE
  Relative segment, address: CODE 00001068 - 00001073 (0xc bytes), align: 1
  Segment part 26.            Intra module refs:   Segment part 25
                                                   Segment part 28
    -------------------------------------------------------------------------
CODE
  Relative segment, address: CODE 00001074 - 00001079 (0x6 bytes), align: 1
  Segment part 27.            Intra module refs:   Segment part 25
                                                   _PrintfSmall
    -------------------------------------------------------------------------
CODE
  Relative segment, address: CODE 0000107A - 00001081 (0x8 bytes), align: 1
  Segment part 28.            Intra module refs:   _PrintfSmall
    -------------------------------------------------------------------------
CODE
  Relative segment, address: CODE 00001082 - 0000108B (0xa bytes), align: 1
  Segment part 29.            Intra module refs:   Segment part 10
                                                   Segment part 28
    -------------------------------------------------------------------------
CODE
  Relative segment, address: CODE 0000108C - 0000108F (0x4 bytes), align: 1
  Segment part 30.            Intra module refs:   _PrintfSmall
    -------------------------------------------------------------------------
CODE
  Relative segment, address: CODE 00001090 - 00001097 (0x8 bytes), align: 1
  Segment part 31.            Intra module refs:   Segment part 30
                                                   _PrintfSmall
    -------------------------------------------------------------------------
CODE
  Relative segment, address: CODE 00001098 - 00001109 (0x72 bytes), align: 1
  Segment part 32.            Intra module refs:   _PrintfSmall
           LOCAL                   ADDRESS         
           =====                   =======         
           LoadInt                 00001098 
               RSTACK = 00000000 ( 00000002 )
    -------------------------------------------------------------------------
CODE
  Relative segment, address: CODE 0000110A - 0000110F (0x6 bytes), align: 1
  Segment part 33.            Intra module refs:   LoadInt
    -------------------------------------------------------------------------
CODE
  Relative segment, address: CODE 00001110 - 00001123 (0x14 bytes), align: 1
  Segment part 34.            Intra module refs:   LoadInt
                                                   Segment part 33
    -------------------------------------------------------------------------
CODE
  Relative segment, address: CODE 00001124 - 00001129 (0x6 bytes), align: 1
  Segment part 35.            Intra module refs:   LoadInt
                                                   _PrintfSmall
    -------------------------------------------------------------------------
CODE
  Relative segment, address: CODE 0000112A - 00001133 (0xa bytes), align: 1
  Segment part 36.            Intra module refs:   LoadInt
                                                   _PrintfSmall
    -------------------------------------------------------------------------
CODE
  Relative segment, address: CODE 00001134 - 0000116F (0x3c bytes), align: 1
  Segment part 37.            Intra module refs:   Segment part 31
           LOCAL                   ADDRESS         
           =====                   =======         
           pad                     00001134 
               calls direct
               CSTACK = 00000000 ( 00000009 )
               RSTACK = 00000000 ( 00000002 )
    -------------------------------------------------------------------------
CODE
  Relative segment, address: CODE 00001170 - 00001173 (0x4 bytes), align: 1
  Segment part 38.            Intra module refs:   _PrintfSmall
                                                   _PutcharsSmall
                                                   pad
    -------------------------------------------------------------------------
CODE
  Relative segment, address: CODE 00001174 - 000012D9 (0x166 bytes), align: 1
  Segment part 39.            Intra module refs:   _PrintfSmall
           LOCAL                   ADDRESS         
           =====                   =======         
           _LitobSmall             00001174 
               CSTACK = 00000000 ( 00000013 )
               RSTACK = 00000000 ( 00000004 )
    -------------------------------------------------------------------------
CODE
  Relative segment, address: CODE 000012DA - 000012E7 (0xe bytes), align: 1
  Segment part 40.            Intra module refs:   _LitobSmall
    -------------------------------------------------------------------------
CODE
  Relative segment, address: CODE 000012E8 - 00001321 (0x3a bytes), align: 1
  Segment part 41.            Intra module refs:   _PrintfSmall
                                                   _PutcharsSmall
           LOCAL                   ADDRESS         
           =====                   =======         
           _PutcharSmall           000012E8 
               calls indirect
               CSTACK = 00000000 ( 00000002 )
               RSTACK = 00000000 ( 00000002 )
    -------------------------------------------------------------------------
CODE
  Relative segment, address: CODE 00001322 - 0000134F (0x2e bytes), align: 1
  Segment part 42.            Intra module refs:   Segment part 22
                                                   pad
           LOCAL                   ADDRESS         
           =====                   =======         
           _PutcharsSmall          00001322 
               calls direct
               CSTACK = 00000000 ( 00000008 )
               RSTACK = 00000000 ( 00000002 )
    -------------------------------------------------------------------------
NEAR_ID
  Relative segment, address: CODE 000013E1 - 000013E6 (0x6 bytes), align: 0
  Segment part 4.             Intra module refs:   Segment part 3
    -------------------------------------------------------------------------
NEAR_I
  Relative segment, address: DATA 000004AF - 000004B4 (0x6 bytes), align: 0
  Segment part 3.             Intra module refs:   _PrintfSmall

    -------------------------------------------------------------------------
  LIBRARY MODULE, NAME : ?xprout

  SEGMENTS IN THE MODULE
  ======================
CODE
  Relative segment, address: CODE 00001350 - 00001373 (0x24 bytes), align: 1
  Segment part 3.
           ENTRY                   ADDRESS         REF BY
           =====                   =======         ======
           _Prout                  00001350        printf (?printf)
               calls direct
               CSTACK = 00000000 ( 00000004 )
               RSTACK = 00000000 ( 00000002 )

    *************************************************************************

  DEFINED ABSOLUTE ENTRIES
  PROGRAM MODULE, NAME : ?FILLER_BYTES

  SEGMENTS IN THE MODULE
  ======================
INTVEC
  Common segment, address: CODE 00000000 - 0000009B (0x9c bytes), align: 0
  Segment part 1.
    -------------------------------------------------------------------------
?FILL1
  Relative segment, address: CODE 0000009C - 000000CB (0x30 bytes), align: 0
  Segment part 0.




                ****************************************
                *                                      *
                *            MODULE SUMMARY            *
                *                                      *
                ****************************************

Module                  CODE          DATA
------                  ----          ----
                    (Rel)  (Abs)  (Rel)  (Abs)
?C_STARTUP             36
?EPILOGUE_B_L09        40
?FILLER_BYTES          48
  + common            156
?L_EC_MUL_L03          64
?PROLOGUE_L09          32
?RESET
  + common              4
?S_EC_MUL_L02          16
?S_SHL_L02             12
?UL_DIVMOD_L03         70
?__dbg_break            2
?__exit                22
?__write              116
?_exit                  4
?exit                   4
?low_level_init         4
?memchr                32
?memset                18
?printf                32
?putchar               52
?segment_init         128
?strchr                20
?strlen                20
?xV_SWITCH_L06        156
?xprintfsmall       1 622             6
?xprout                36
decode              1 268            11      4
  + shared              7                    4
  + common            116
encode                 22
  + shared             88                    6
  + common
hal                    76                    3
main                  213      4     95
  + shared              7                    1
pal_board             152                   14
pal_sio_hub            72
pal_uart              460            26      6
  + common            156
sio_handler            58
timer                  18             5
N/A (command line)                  592
N/A (alignment)
----------          -----      -    ---     --
Total:              4 939      4    735     38
  + common            156


                ****************************************
                *                                      *
                *      SEGMENTS IN ADDRESS ORDER       *
                *                                      *
                ****************************************


SEGMENT              SPACE    START ADDRESS   END ADDRESS     SIZE  TYPE  ALIGN
=======              =====    =============   ===========     ====  ====  =====
INTVEC               CODE          00000000 - 0000009B          9C   com    1
?FILL1               CODE          0000009C - 000000CB          30   rel    0
SWITCH               CODE          000000CC - 000000EB          20   rel    1
CODE                 CODE          000000EC - 00001373        1288   rel    1
INITTAB              CODE          00001374 - 00001381           E   rel    0
NEAR_ID              CODE          00001382 - 000013E6          65   rel    0
FAR_F                CODE          0001DFFC - 0001DFFF           4   rel    0
ABSOLUTE             DATA               0000001F                     rel    0
                     DATA               00000020                   
                     DATA               00000021                   
                     DATA          00000024 - 00000025           2 
                     DATA          0000002C - 0000002E           3 
                     DATA          00000035 - 00000037           3 
                     DATA          00000044 - 00000045           2 
                     DATA          00000047 - 00000047           1 
                     DATA          00000050 - 00000050           1 
                     DATA          00000054 - 00000054           1 
                     DATA          0000005F - 00000061           3 
                     DATA          00000066 - 00000066           1 
                     DATA          0000006E - 0000006F           2 
                     DATA          0000007A - 0000007C           3 
                     DATA          00000080 - 00000081           2 
                     DATA          00000084 - 00000087           4 
                     DATA          000000B1 - 000000B2           2 
                     DATA          000000B6 - 000000B6           1 
                     DATA          000000C8 - 000000CA           3 
                     DATA          000000CC - 000000CE           3 
CSTACK               DATA          00000200 - 000003FF         200   dse    0
RSTACK               DATA          00000400 - 0000044F          50   dse    0
NEAR_I               DATA          00000450 - 000004B4          65   rel    0
NEAR_Z               DATA          000004B5 - 000004DE          2A   rel    0

                ****************************************
                *                                      *
                *        END OF CROSS REFERENCE        *
                *                                      *
                ****************************************

 5 047 bytes of CODE memory (+  4 absolute, 48 range fill )
   735 bytes of DATA memory (+ 38 absolute  )

Errors: none
Warnings: none

