###############################################################################
#                                                                             #
# IAR ELF Linker V6.30.6.53336/W32 for ARM              26/Jun/2013  13:59:08 #
# Copyright 2007-2012 IAR Systems AB.                                         #
#                                                                             #
#    Output file  =  D:\Firmware\my-project-hihack\trunk\ my-project-hihack   #
#                    --username kaiser.ren@gmail.com\energymicro\kits\EFM32TG #
#                    _STK3300\examples\an0045_efm32_uart_rs-232\iar\uart_rs-2 #
#                    32\Release\Exe\uart_rs-232.out                           #
#    Map file     =  D:\Firmware\my-project-hihack\trunk\ my-project-hihack   #
#                    --username kaiser.ren@gmail.com\energymicro\kits\EFM32TG #
#                    _STK3300\examples\an0045_efm32_uart_rs-232\iar\uart_rs-2 #
#                    32\Release\List\uart_rs-232.map                          #
#    Command line =  "D:\Firmware\my-project-hihack\trunk\ my-project-hihack  #
#                    --username kaiser.ren@gmail.com\energymicro\kits\EFM32TG #
#                    _STK3300\examples\an0045_efm32_uart_rs-232\iar\uart_rs-2 #
#                    32\Release\Obj\bsp_stk.o" "D:\Firmware\my-project-hihack #
#                    \trunk\ my-project-hihack --username                     #
#                    kaiser.ren@gmail.com\energymicro\kits\EFM32TG_STK3300\ex #
#                    amples\an0045_efm32_uart_rs-232\iar\uart_rs-232\Release\ #
#                    Obj\bsp_stk_leds.o" "D:\Firmware\my-project-hihack\trunk #
#                    \ my-project-hihack --username                           #
#                    kaiser.ren@gmail.com\energymicro\kits\EFM32TG_STK3300\ex #
#                    amples\an0045_efm32_uart_rs-232\iar\uart_rs-232\Release\ #
#                    Obj\bsp_trace.o" "D:\Firmware\my-project-hihack\trunk\   #
#                    my-project-hihack --username                             #
#                    kaiser.ren@gmail.com\energymicro\kits\EFM32TG_STK3300\ex #
#                    amples\an0045_efm32_uart_rs-232\iar\uart_rs-232\Release\ #
#                    Obj\em_cmu.o" "D:\Firmware\my-project-hihack\trunk\      #
#                    my-project-hihack --username                             #
#                    kaiser.ren@gmail.com\energymicro\kits\EFM32TG_STK3300\ex #
#                    amples\an0045_efm32_uart_rs-232\iar\uart_rs-232\Release\ #
#                    Obj\em_ebi.o" "D:\Firmware\my-project-hihack\trunk\      #
#                    my-project-hihack --username                             #
#                    kaiser.ren@gmail.com\energymicro\kits\EFM32TG_STK3300\ex #
#                    amples\an0045_efm32_uart_rs-232\iar\uart_rs-232\Release\ #
#                    Obj\em_emu.o" "D:\Firmware\my-project-hihack\trunk\      #
#                    my-project-hihack --username                             #
#                    kaiser.ren@gmail.com\energymicro\kits\EFM32TG_STK3300\ex #
#                    amples\an0045_efm32_uart_rs-232\iar\uart_rs-232\Release\ #
#                    Obj\em_gpio.o" "D:\Firmware\my-project-hihack\trunk\     #
#                    my-project-hihack --username                             #
#                    kaiser.ren@gmail.com\energymicro\kits\EFM32TG_STK3300\ex #
#                    amples\an0045_efm32_uart_rs-232\iar\uart_rs-232\Release\ #
#                    Obj\em_system.o" "D:\Firmware\my-project-hihack\trunk\   #
#                    my-project-hihack --username                             #
#                    kaiser.ren@gmail.com\energymicro\kits\EFM32TG_STK3300\ex #
#                    amples\an0045_efm32_uart_rs-232\iar\uart_rs-232\Release\ #
#                    Obj\em_usart.o" "D:\Firmware\my-project-hihack\trunk\    #
#                    my-project-hihack --username                             #
#                    kaiser.ren@gmail.com\energymicro\kits\EFM32TG_STK3300\ex #
#                    amples\an0045_efm32_uart_rs-232\iar\uart_rs-232\Release\ #
#                    Obj\main.o" "D:\Firmware\my-project-hihack\trunk\        #
#                    my-project-hihack --username                             #
#                    kaiser.ren@gmail.com\energymicro\kits\EFM32TG_STK3300\ex #
#                    amples\an0045_efm32_uart_rs-232\iar\uart_rs-232\Release\ #
#                    Obj\startup_efm32tg.o" "D:\Firmware\my-project-hihack\tr #
#                    unk\ my-project-hihack --username                        #
#                    kaiser.ren@gmail.com\energymicro\kits\EFM32TG_STK3300\ex #
#                    amples\an0045_efm32_uart_rs-232\iar\uart_rs-232\Release\ #
#                    Obj\system_efm32tg.o" --redirect _Printf=_PrintfFull     #
#                    --redirect _Scanf=_ScanfFull -o                          #
#                    "D:\Firmware\my-project-hihack\trunk\ my-project-hihack  #
#                    --username kaiser.ren@gmail.com\energymicro\kits\EFM32TG #
#                    _STK3300\examples\an0045_efm32_uart_rs-232\iar\uart_rs-2 #
#                    32\Release\Exe\uart_rs-232.out" --map                    #
#                    "D:\Firmware\my-project-hihack\trunk\ my-project-hihack  #
#                    --username kaiser.ren@gmail.com\energymicro\kits\EFM32TG #
#                    _STK3300\examples\an0045_efm32_uart_rs-232\iar\uart_rs-2 #
#                    32\Release\List\uart_rs-232.map" --config                #
#                    "D:\Firmware\my-project-hihack\trunk\ my-project-hihack  #
#                    --username kaiser.ren@gmail.com\energymicro\kits\EFM32TG #
#                    _STK3300\examples\an0045_efm32_uart_rs-232\iar\..\EFM32T #
#                    G840F32.icf" --entry __iar_program_start --inline --vfe  #
#                                                                             #
#                                                                             #
###############################################################################

*******************************************************************************
*** RUNTIME MODEL ATTRIBUTES
***

CppFlavor       = *
__SystemLibrary = DLib


*******************************************************************************
*** PLACEMENT SUMMARY
***

"A1":  place at 0x00003000 { ro section .intvec };
"P1":  place in [from 0x00003000 to 0x00007fff] { ro };
"P2":  place in [from 0x20000000 to 0x20000fff] { rw, block CSTACK, block HEAP };

  Section            Kind        Address   Size  Object
  -------            ----        -------   ----  ------
"A1":                                      0x9c
  .intvec            ro code  0x00003000   0x9c  startup_efm32tg.o [1]
                            - 0x0000309c   0x9c

"P1":                                     0x890
  .text              ro code  0x0000309c  0x2c8  em_cmu.o [1]
  .text              ro code  0x00003364   0xe4  system_efm32tg.o [1]
  .text              ro code  0x00003448  0x1d8  main.o [1]
  .text              ro code  0x00003620   0x58  em_gpio.o [1]
  .text              ro code  0x00003678  0x122  em_usart.o [1]
  .text              ro code  0x0000379a   0x2e  copy_init3.o [4]
  .text              ro code  0x000037c8   0x2c  data_init3.o [4]
  .text              ro code  0x000037f4   0x22  zero_init3.o [4]
  .iar.init_table    const    0x00003818   0x24  - Linker created -
  .text              ro code  0x0000383c   0x16  cmain.o [4]
  .text              ro code  0x00003852    0x4  exit.o [3]
  .text              ro code  0x00003858    0xa  cexit.o [4]
  .text              ro code  0x00003864    0xc  XXexit.o [4]
  .text              ro code  0x00003870   0x10  startup_efm32tg.o [1]
  .text              ro code  0x00003880    0xc  cstartup_M.o [4]
  .text              ro code  0x0000388c    0x4  startup_efm32tg.o [1]
  .text              ro code  0x00003890    0x4  startup_efm32tg.o [1]
  .text              ro code  0x00003894    0x4  startup_efm32tg.o [1]
  .text              ro code  0x00003898    0x4  startup_efm32tg.o [1]
  .text              ro code  0x0000389c    0x4  startup_efm32tg.o [1]
  .text              ro code  0x000038a0    0x4  startup_efm32tg.o [1]
  .text              ro code  0x000038a4    0x4  startup_efm32tg.o [1]
  .text              ro code  0x000038a8    0x4  startup_efm32tg.o [1]
  .text              ro code  0x000038ac    0x4  startup_efm32tg.o [1]
  .text              ro code  0x000038b0    0x4  startup_efm32tg.o [1]
  .text              ro code  0x000038b4    0x4  startup_efm32tg.o [1]
  .text              ro code  0x000038b8    0x4  startup_efm32tg.o [1]
  .text              ro code  0x000038bc    0x4  startup_efm32tg.o [1]
  .text              ro code  0x000038c0    0x4  startup_efm32tg.o [1]
  .text              ro code  0x000038c4    0x4  startup_efm32tg.o [1]
  .text              ro code  0x000038c8    0x4  startup_efm32tg.o [1]
  .text              ro code  0x000038cc    0x4  startup_efm32tg.o [1]
  .text              ro code  0x000038d0    0x4  startup_efm32tg.o [1]
  .text              ro code  0x000038d4    0x4  startup_efm32tg.o [1]
  .text              ro code  0x000038d8    0x4  startup_efm32tg.o [1]
  .text              ro code  0x000038dc    0x4  startup_efm32tg.o [1]
  .text              ro code  0x000038e0    0x4  startup_efm32tg.o [1]
  .text              ro code  0x000038e4    0x4  startup_efm32tg.o [1]
  .text              ro code  0x000038e8    0x4  startup_efm32tg.o [1]
  .text              ro code  0x000038ec    0x4  startup_efm32tg.o [1]
  .text              ro code  0x000038f0    0x4  startup_efm32tg.o [1]
  .text              ro code  0x000038f4    0x4  startup_efm32tg.o [1]
  .text              ro code  0x000038f8    0x4  startup_efm32tg.o [1]
  .text              ro code  0x000038fc    0x4  startup_efm32tg.o [1]
  .text              ro code  0x00003900    0x4  startup_efm32tg.o [1]
  .text              ro code  0x00003904    0x4  startup_efm32tg.o [1]
  .text              ro code  0x00003908    0x4  startup_efm32tg.o [1]
  .rodata            const    0x0000390c    0x0  bwt_init3c.o [4]
  Initializer bytes  ro data  0x0000390c   0x20  <for P2 s0>
                            - 0x0000392c  0x890

"P2", part 1 of 3:                         0x20
  P2 s0                       0x20000000   0x20  <Init block>
    .data            inited   0x20000000   0x18  main.o [1]
    .data            inited   0x20000018    0x8  system_efm32tg.o [1]
                            - 0x20000020   0x20

"P2", part 2 of 3:                        0x228
  .bss               zero     0x20000020  0x110  main.o [1]
  .bss               zero     0x20000130  0x110  main.o [1]
  .bss               zero     0x20000240    0x4  system_efm32tg.o [1]
                            - 0x20000244  0x224

"P2", part 3 of 3:                        0x400
  CSTACK                      0x20000248  0x400  <Block>
    CSTACK           uninit   0x20000248  0x400  <Block tail>
                            - 0x20000648  0x400


*******************************************************************************
*** INIT TABLE
***

          Address     Size
          -------     ----
Zero (__iar_zero_init3)
    1 destination range, total size 0x224:
          0x20000020  0x224

Copy (__iar_copy_init3)
    1 source range, total size 0x20:
          0x0000390c   0x20
    1 destination range, total size 0x20:
          0x20000000   0x20



*******************************************************************************
*** MODULE SUMMARY
***

    Module             ro code  ro data  rw data
    ------             -------  -------  -------
D:\Firmware\my-project-hihack\trunk\ my-project-hihack --username kaiser.ren@gmail.com\energymicro\kits\EFM32TG_STK3300\examples\an0045_efm32_uart_rs-232\iar\uart_rs-232\Release\Obj: [1]
    em_cmu.o               712
    em_gpio.o               88
    em_usart.o             290
    main.o                 472       24      568
    startup_efm32tg.o      300
    system_efm32tg.o       228        8       12
    --------------------------------------------
    Total:               2 090       32      580

command line: [2]
    --------------------------------------------
    Total:

dl7M_tln.a: [3]
    exit.o                   4
    --------------------------------------------
    Total:                   4

rt7M_tl.a: [4]
    XXexit.o                12
    bwt_init3c.o
    cexit.o                 10
    cmain.o                 22
    copy_init3.o            46
    cstartup_M.o            12
    data_init3.o            44
    zero_init3.o            34
    --------------------------------------------
    Total:                 180

    Gaps                     4        2
    Linker created                   36    1 024
------------------------------------------------
    Grand Total:         2 278       70    1 604


*******************************************************************************
*** ENTRY LIST
***

Entry                      Address   Size  Type      Object
-----                      -------   ----  ----      ------
?main                   0x0000383d         Code  Gb  cmain.o [4]
ACMP0_IRQHandler        0x000038c5         Code  Wk  startup_efm32tg.o [1]
ADC0_IRQHandler         0x000038c9         Code  Wk  startup_efm32tg.o [1]
AES_IRQHandler          0x00003909         Code  Wk  startup_efm32tg.o [1]
BusFault_Handler        0x00003899         Code  Wk  startup_efm32tg.o [1]
CMU_AUXClkGet           0x0000309d   0x54  Code  Lc  em_cmu.o [1]
CMU_ClockEnable         0x00003141   0x66  Code  Gb  em_cmu.o [1]
CMU_ClockFreqGet        0x000031a7   0xf2  Code  Gb  em_cmu.o [1]
CMU_ClockSelectGet      0x0000329d   0x9c  Code  Gb  em_cmu.o [1]
CMU_IRQHandler          0x000038f9         Code  Wk  startup_efm32tg.o [1]
CMU_LFClkGet            0x000030f1   0x4e  Code  Lc  em_cmu.o [1]
CSTACK$$Base            0x20000248          --   Gb  - Linker created -
CSTACK$$Limit           0x20000648          --   Gb  - Linker created -
DAC0_IRQHandler         0x000038cd         Code  Wk  startup_efm32tg.o [1]
DMA_IRQHandler          0x000038b1         Code  Wk  startup_efm32tg.o [1]
DebugMon_Handler        0x000038a5         Code  Wk  startup_efm32tg.o [1]
GPIO_EVEN_IRQHandler    0x000038b5         Code  Wk  startup_efm32tg.o [1]
GPIO_ODD_IRQHandler     0x000038d5         Code  Wk  startup_efm32tg.o [1]
GPIO_PinModeSet         0x00003621   0x52  Code  Gb  em_gpio.o [1]
HardFault_Handler       0x00003891         Code  Wk  startup_efm32tg.o [1]
I2C0_IRQHandler         0x000038d1         Code  Wk  startup_efm32tg.o [1]
LCD_IRQHandler          0x00003901         Code  Wk  startup_efm32tg.o [1]
LESENSE_IRQHandler      0x000038e5         Code  Wk  startup_efm32tg.o [1]
LETIMER0_IRQHandler     0x000038ed         Code  Wk  startup_efm32tg.o [1]
LEUART0_IRQHandler      0x000038e9         Code  Wk  startup_efm32tg.o [1]
MSC_IRQHandler          0x00003905         Code  Wk  startup_efm32tg.o [1]
MemManage_Handler       0x00003895         Code  Wk  startup_efm32tg.o [1]
NMI_Handler             0x0000388d         Code  Wk  startup_efm32tg.o [1]
PCNT0_IRQHandler        0x000038f1         Code  Wk  startup_efm32tg.o [1]
PendSV_Handler          0x000038a9         Code  Wk  startup_efm32tg.o [1]
RTC_IRQHandler          0x000038f5         Code  Wk  startup_efm32tg.o [1]
Region$$Table$$Base     0x00003818          --   Gb  - Linker created -
Region$$Table$$Limit    0x0000383c          --   Gb  - Linker created -
Reset_Handler           0x00003871         Code  Wk  startup_efm32tg.o [1]
SVC_Handler             0x000038a1         Code  Wk  startup_efm32tg.o [1]
SysTick_Handler         0x000038ad         Code  Wk  startup_efm32tg.o [1]
SystemCoreClock         0x20000240    0x4  Data  Gb  system_efm32tg.o [1]
SystemCoreClockGet      0x00003365   0x16  Code  Gb  system_efm32tg.o [1]
SystemHFClockGet        0x0000337b   0x82  Code  Gb  system_efm32tg.o [1]
SystemHFXOClock         0x20000018    0x4  Data  Lc  system_efm32tg.o [1]
SystemInit              0x000033fd    0x2  Code  Gb  system_efm32tg.o [1]
SystemLFRCOClockGet     0x000033ff    0x2  Code  Gb  system_efm32tg.o [1]
SystemLFXOClock         0x2000001c    0x4  Data  Lc  system_efm32tg.o [1]
SystemLFXOClockGet      0x0000340d    0x6  Code  Gb  system_efm32tg.o [1]
SystemULFRCOClockGet    0x00003407    0x6  Code  Gb  system_efm32tg.o [1]
TIMER0_IRQHandler       0x000038b9         Code  Wk  startup_efm32tg.o [1]
TIMER1_IRQHandler       0x000038d9         Code  Wk  startup_efm32tg.o [1]
USART0_RX_IRQHandler    0x0000353f   0x40  Code  Gb  main.o [1]
USART0_TX_IRQHandler    0x0000357f   0x42  Code  Gb  main.o [1]
USART1_RX_IRQHandler    0x000038dd         Code  Wk  startup_efm32tg.o [1]
USART1_TX_IRQHandler    0x000038e1         Code  Wk  startup_efm32tg.o [1]
USART_BaudrateAsyncSet  0x00003679   0x56  Code  Gb  em_usart.o [1]
USART_Enable            0x000036d5    0xe  Code  Gb  em_usart.o [1]
USART_InitAsync         0x000036e3   0x40  Code  Gb  em_usart.o [1]
USART_Reset             0x00003729   0x40  Code  Gb  em_usart.o [1]
USART_Rx                0x00003785    0xc  Code  Gb  em_usart.o [1]
USART_Tx                0x00003791    0xa  Code  Gb  em_usart.o [1]
UsageFault_Handler      0x0000389d         Code  Wk  startup_efm32tg.o [1]
VCMP_IRQHandler         0x000038fd         Code  Wk  startup_efm32tg.o [1]
__Vectors               0x00003000          --   Gb  startup_efm32tg.o [1]
__Vectors_End           0x0000309c         Data  Gb  startup_efm32tg.o [1]
__Vectors_Size {Abs}    0x0000009c          --   Gb  startup_efm32tg.o [1]
__cmain                 0x0000383d         Code  Gb  cmain.o [4]
__exit                  0x00003865         Code  Gb  XXexit.o [4]
__iar_SB                0x0000390c         Data  Gb  bwt_init3c.o [4]
__iar_copy_init3        0x0000379b   0x2e  Code  Gb  copy_init3.o [4]
__iar_data_init3        0x000037c9   0x2c  Code  Gb  data_init3.o [4]
__iar_program_start     0x00003881         Code  Gb  cstartup_M.o [4]
__iar_zero_init3        0x000037f5   0x22  Code  Gb  zero_init3.o [4]
__vector_table          0x00003000         Data  Gb  startup_efm32tg.o [1]
__vector_table_0x1c     0x0000301c         Data  Gb  startup_efm32tg.o [1]
_call_main              0x00003849         Code  Gb  cmain.o [4]
_exit                   0x00003859         Code  Gb  cexit.o [4]
_main                   0x0000384f         Code  Gb  cmain.o [4]
cmuSetup                0x00003529   0x16  Code  Gb  main.o [1]
exit                    0x00003853    0x4  Code  Gb  exit.o [3]
main                    0x00003449   0x20  Code  Gb  main.o [1]
rxBuf                   0x20000020  0x110  Data  Gb  main.o [1]
txBuf                   0x20000130  0x110  Data  Gb  main.o [1]
uartInit                0x20000000   0x18  Data  Lc  main.o [1]
uartPutData             0x000034d9   0x50  Code  Gb  main.o [1]
uartSetup               0x00003469   0x70  Code  Gb  main.o [1]
welcomeString           0x000035f4   0x2c  Data  Gb  main.o [1]


[1] = D:\Firmware\my-project-hihack\trunk\ my-project-hihack --username kaiser.ren@gmail.com\energymicro\kits\EFM32TG_STK3300\examples\an0045_efm32_uart_rs-232\iar\uart_rs-232\Release\Obj
[2] = command line
[3] = dl7M_tln.a
[4] = rt7M_tl.a

  2 278 bytes of readonly  code memory
     70 bytes of readonly  data memory
  1 604 bytes of readwrite data memory

Errors: none
Warnings: none
